******************************************************************************
             TMS320C2000 Linker PC v21.6.0                     
******************************************************************************
>> Linked Mon Feb 19 16:29:59 2024

OUTPUT FILE NAME:   <PWM_solution_379D.out>
ENTRY POINT SYMBOL: "code_start"  address: 00000000


MEMORY CONFIGURATION

         name            origin    length      used     unused   attr    fill
----------------------  --------  ---------  --------  --------  ----  --------
PAGE 0:
  BEGIN                 00000000   00000002  00000002  00000000  RWIX
  RAMM0                 00000122   000002de  000002c8  00000016  RWIX
  RAMLS0                00008000   00000800  00000696  0000016a  RWIX
  RAMLS1                00008800   00000800  0000057f  00000281  RWIX
  RAMLS2                00009000   00000800  00000000  00000800  RWIX
  RAMLS3                00009800   00000800  00000000  00000800  RWIX
  RAMLS4                0000a000   00000800  00000000  00000800  RWIX
  RAMD0                 0000b000   00000800  00000729  000000d7  RWIX
  RESET                 003fffc0   00000002  00000000  00000002  RWIX

PAGE 1:
  BOOT_RSVD             00000002   00000120  00000005  0000011b  RWIX
  RAMM1                 00000400   00000400  00000100  00000300  RWIX
  ADCA_RESULT           00000b00   00000020  00000018  00000008  RWIX
  ADCB_RESULT           00000b20   00000020  00000018  00000008  RWIX
  ADCC_RESULT           00000b40   00000020  00000018  00000008  RWIX
  ADCD_RESULT           00000b60   00000020  00000018  00000008  RWIX
  CPU_TIMER0            00000c00   00000008  00000008  00000000  RWIX
  CPU_TIMER1            00000c08   00000008  00000008  00000000  RWIX
  CPU_TIMER2            00000c10   00000008  00000008  00000000  RWIX
  PIE_CTRL              00000ce0   00000020  0000001a  00000006  RWIX
  PIE_VECT              00000d00   00000200  000001c0  00000040  RWIX
  DMA                   00001000   00000200  000000e0  00000120  RWIX
  CLA1                  00001400   00000040  0000003e  00000002  RWIX
  EPWM1                 00004000   00000100  00000100  00000000  RWIX
  EPWM2                 00004100   00000100  00000100  00000000  RWIX
  EPWM3                 00004200   00000100  00000100  00000000  RWIX
  EPWM4                 00004300   00000100  00000100  00000000  RWIX
  EPWM5                 00004400   00000100  00000100  00000000  RWIX
  EPWM6                 00004500   00000100  00000100  00000000  RWIX
  EPWM7                 00004600   00000100  00000100  00000000  RWIX
  EPWM8                 00004700   00000100  00000100  00000000  RWIX
  EPWM9                 00004800   00000100  00000100  00000000  RWIX
  EPWM10                00004900   00000100  00000100  00000000  RWIX
  EPWM11                00004a00   00000100  00000100  00000000  RWIX
  EPWM12                00004b00   00000100  00000100  00000000  RWIX
  ECAP1                 00005000   00000020  00000020  00000000  RWIX
  ECAP2                 00005020   00000020  00000020  00000000  RWIX
  ECAP3                 00005040   00000020  00000020  00000000  RWIX
  ECAP4                 00005060   00000020  00000020  00000000  RWIX
  ECAP5                 00005080   00000020  00000020  00000000  RWIX
  ECAP6                 000050a0   00000020  00000020  00000000  RWIX
  EQEP1                 00005100   00000040  00000022  0000001e  RWIX
  EQEP2                 00005140   00000040  00000022  0000001e  RWIX
  EQEP3                 00005180   00000040  00000022  0000001e  RWIX
  DACA                  00005c00   00000010  00000008  00000008  RWIX
  DACB                  00005c10   00000010  00000008  00000008  RWIX
  DACC                  00005c20   00000010  00000008  00000008  RWIX
  CMPSS1                00005c80   00000020  00000020  00000000  RWIX
  CMPSS2                00005ca0   00000020  00000020  00000000  RWIX
  CMPSS3                00005cc0   00000020  00000020  00000000  RWIX
  CMPSS4                00005ce0   00000020  00000020  00000000  RWIX
  CMPSS5                00005d00   00000020  00000020  00000000  RWIX
  CMPSS6                00005d20   00000020  00000020  00000000  RWIX
  CMPSS7                00005d40   00000020  00000020  00000000  RWIX
  CMPSS8                00005d60   00000020  00000020  00000000  RWIX
  SDFM1                 00005e00   00000080  00000080  00000000  RWIX
  SDFM2                 00005e80   00000080  00000080  00000000  RWIX
  MCBSPA                00006000   00000040  00000024  0000001c  RWIX
  MCBSPB                00006040   00000040  00000024  0000001c  RWIX
  SPIA                  00006100   00000010  00000010  00000000  RWIX
  SPIB                  00006110   00000010  00000010  00000000  RWIX
  SPIC                  00006120   00000010  00000010  00000000  RWIX
  SPID                  00006130   00000010  00000000  00000010  RWIX
  UPP                   00006200   00000100  00000048  000000b8  RWIX
  WD                    00007000   00000040  0000002b  00000015  RWIX
  NMIINTRUPT            00007060   00000010  00000007  00000009  RWIX
  XINT                  00007070   00000010  0000000b  00000005  RWIX
  SCIA                  00007200   00000010  00000010  00000000  RWIX
  SCIB                  00007210   00000010  00000010  00000000  RWIX
  SCIC                  00007220   00000010  00000010  00000000  RWIX
  SCID                  00007230   00000010  00000010  00000000  RWIX
  I2CA                  00007300   00000040  00000022  0000001e  RWIX
  I2CB                  00007340   00000040  00000022  0000001e  RWIX
  ADCA                  00007400   00000080  00000080  00000000  RWIX
  ADCB                  00007480   00000080  00000080  00000000  RWIX
  ADCC                  00007500   00000080  00000080  00000000  RWIX
  ADCD                  00007580   00000080  00000080  00000000  RWIX
  INPUT_XBAR            00007900   00000020  00000020  00000000  RWIX
  XBAR                  00007920   00000020  00000020  00000000  RWIX
  SYNC_SOC              00007940   00000010  00000006  0000000a  RWIX
  DMACLASRCSEL          00007980   00000040  0000001a  00000026  RWIX
  EPWM_XBAR             00007a00   00000040  00000040  00000000  RWIX
  CLB_XBAR              00007a40   00000040  00000000  00000040  RWIX
  OUTPUT_XBAR           00007a80   00000040  00000040  00000000  RWIX
  GPIOCTRL              00007c00   00000180  00000180  00000000  RWIX
  GPIODAT               00007f00   00000030  00000030  00000000  RWIX
  RAMLS5                0000a800   00000800  0000026e  00000592  RWIX
  RAMD1                 0000b800   00000800  00000000  00000800  RWIX
  RAMGS0                0000c000   00001000  00000000  00001000  RWIX
  RAMGS1                0000d000   00001000  00000000  00001000  RWIX
  RAMGS2                0000e000   00001000  00000000  00001000  RWIX
  RAMGS3                0000f000   00001000  00000000  00001000  RWIX
  RAMGS4                00010000   00001000  00000000  00001000  RWIX
  RAMGS5                00011000   00001000  00000000  00001000  RWIX
  RAMGS6                00012000   00001000  00000000  00001000  RWIX
  RAMGS7                00013000   00001000  00000000  00001000  RWIX
  RAMGS8                00014000   00001000  00000000  00001000  RWIX
  RAMGS9                00015000   00001000  00000000  00001000  RWIX
  RAMGS10               00016000   00001000  00000000  00001000  RWIX
  RAMGS11               00017000   00001000  00000000  00001000  RWIX
  RAMGS12               00018000   00001000  00000000  00001000  RWIX
  RAMGS13               00019000   00001000  00000000  00001000  RWIX
  RAMGS14               0001a000   00001000  00000000  00001000  RWIX
  RAMGS15               0001b000   00001000  00000000  00001000  RWIX
  CPU2TOCPU1RAM         0003f800   00000400  00000000  00000400  RWIX
  CPU1TOCPU2RAM         0003fc00   00000400  00000000  00000400  RWIX
  EMIF1                 00047000   00000800  00000070  00000790  RWIX
  EMIF2                 00047800   00000800  00000070  00000790  RWIX
  CANA                  00048000   00000800  00000164  0000069c  RWIX
  CANA_MSG_RAM          00049000   00000800  00000000  00000800  RWIX
  CANB                  0004a000   00000800  00000164  0000069c  RWIX
  CANB_MSG_RAM          0004b000   00000800  00000000  00000800  RWIX
  IPC                   00050000   00000024  00000024  00000000  RWIX
  FLASHPUMPSEMAPHORE    00050024   00000002  00000002  00000000  RWIX
  DEV_CFG               0005d000   00000180  0000012e  00000052  RWIX
  ANALOG_SUBSYS         0005d180   00000080  00000048  00000038  RWIX
  CLK_CFG               0005d200   00000100  00000032  000000ce  RWIX
  CPU_SYS               0005d300   00000100  00000082  0000007e  RWIX
  ROMPREFETCH           0005e608   00000002  00000002  00000000  RWIX
  DCSM_Z1               0005f000   00000030  00000024  0000000c  RWIX
  DCSM_Z2               0005f040   00000030  00000024  0000000c  RWIX
  DCSM_COMMON           0005f070   00000010  00000008  00000008  RWIX
  MEMCFG                0005f400   00000080  00000080  00000000  RWIX
  EMIF1CONFIG           0005f480   00000020  00000020  00000000  RWIX
  EMIF2CONFIG           0005f4a0   00000020  00000020  00000000  RWIX
  ACCESSPROTECTION      0005f4c0   00000040  00000040  00000000  RWIX
  MEMORYERROR           0005f500   00000040  00000040  00000000  RWIX
  ROMWAITSTATE          0005f540   00000002  00000002  00000000  RWIX
  FLASH0_CTRL           0005f800   00000300  00000182  0000017e  RWIX
  FLASH0_ECC            0005fb00   00000040  00000028  00000018  RWIX
  DCSM_Z1_OTP           00078000   00000020  00000020  00000000  RWIX
  DCSM_Z2_OTP           00078200   00000020  00000020  00000000  RWIX


SECTION ALLOCATION MAP

 output                                  attributes/
section   page    origin      length       input sections
--------  ----  ----------  ----------   ----------------
codestart 
*          0    00000000    00000002     
                  00000000    00000002     F2837xD_CodeStartBranch.obj (codestart)

.cinit     0    00000122    000000c1     
                  00000122    000000a7     main.obj (.cinit)
                  000001c9    0000000e     rts2800_fpu32.lib : exit.c.obj (.cinit)
                  000001d7    00000005                       : _lock.c.obj (.cinit:__lock)
                  000001dc    00000005                       : _lock.c.obj (.cinit:__unlock)
                  000001e1    00000002     --HOLE-- [fill = 0]

.pinit     0    00000122    00000000     UNINITIALIZED

.reset     0    003fffc0    00000002     DSECT
                  003fffc0    00000002     rts2800_fpu32.lib : boot28.asm.obj (.reset)

.stack     1    00000400    00000100     UNINITIALIZED
                  00000400    00000100     --HOLE--

AdcaResultFile 
*          1    00000b00    00000018     UNINITIALIZED
                  00000b00    00000018     F2837xD_GlobalVariableDefs.obj (AdcaResultFile)

AdcbResultFile 
*          1    00000b20    00000018     UNINITIALIZED
                  00000b20    00000018     F2837xD_GlobalVariableDefs.obj (AdcbResultFile)

AdccResultFile 
*          1    00000b40    00000018     UNINITIALIZED
                  00000b40    00000018     F2837xD_GlobalVariableDefs.obj (AdccResultFile)

AdcdResultFile 
*          1    00000b60    00000018     UNINITIALIZED
                  00000b60    00000018     F2837xD_GlobalVariableDefs.obj (AdcdResultFile)

Cla1RegsFile 
*          1    00001400    0000003e     UNINITIALIZED
                  00001400    0000003e     F2837xD_GlobalVariableDefs.obj (Cla1RegsFile)

.econst    1    0000a800    000001c0     
                  0000a800    000001c0     F2837xD_PieVect.obj (.econst:_PieVectTableInit)

.ebss      1    0000a9c0    000000ae     UNINITIALIZED
                  0000a9c0    0000008c     main.obj (.ebss)
                  0000aa4c    00000018     F2837xD_CpuTimers.obj (.ebss)
                  0000aa64    00000006     rts2800_fpu32.lib : exit.c.obj (.ebss)
                  0000aa6a    00000002                       : _lock.c.obj (.ebss:__lock)
                  0000aa6c    00000002                       : _lock.c.obj (.ebss:__unlock)

.TI.ramfunc 
*          0    000001e3    00000004     
                  000001e3    00000004     F2837xD_usDelay.obj (.TI.ramfunc)

GETBUFFER 
*          0    0003f800    00000000     DSECT

GETWRITEIDX 
*          0    0003f800    00000000     DSECT

PUTREADIDX 
*          0    0003f800    00000000     DSECT

Cla1Prog   0    0000866e    00000028     
                  0000866e    00000028     DCL_PI_CLA.obj (Cla1Prog:_DCL_runPIc)

CpuTimer0RegsFile 
*          1    00000c00    00000008     UNINITIALIZED
                  00000c00    00000008     F2837xD_GlobalVariableDefs.obj (CpuTimer0RegsFile)

CpuTimer1RegsFile 
*          1    00000c08    00000008     UNINITIALIZED
                  00000c08    00000008     F2837xD_GlobalVariableDefs.obj (CpuTimer1RegsFile)

CpuTimer2RegsFile 
*          1    00000c10    00000008     UNINITIALIZED
                  00000c10    00000008     F2837xD_GlobalVariableDefs.obj (CpuTimer2RegsFile)

PieCtrlRegsFile 
*          1    00000ce0    0000001a     UNINITIALIZED
                  00000ce0    0000001a     F2837xD_GlobalVariableDefs.obj (PieCtrlRegsFile)

PieVectTableFile 
*          1    00000d00    000001c0     UNINITIALIZED
                  00000d00    000001c0     F2837xD_GlobalVariableDefs.obj (PieVectTableFile)

EmuKeyVar 
*          1    00000d00    00000001     UNINITIALIZED
                  00000d00    00000001     F2837xD_GlobalVariableDefs.obj (EmuKeyVar)

EmuBModeVar 
*          1    00000d01    00000001     UNINITIALIZED
                  00000d01    00000001     F2837xD_GlobalVariableDefs.obj (EmuBModeVar)

FlashCallbackVar 
*          1    00000d02    00000000     UNINITIALIZED

FlashScalingVar 
*          1    00000d02    00000000     UNINITIALIZED

DmaRegsFile 
*          1    00001000    000000e0     UNINITIALIZED
                  00001000    000000e0     F2837xD_GlobalVariableDefs.obj (DmaRegsFile)

EPwm1RegsFile 
*          1    00004000    00000100     UNINITIALIZED
                  00004000    00000100     F2837xD_GlobalVariableDefs.obj (EPwm1RegsFile)

EPwm2RegsFile 
*          1    00004100    00000100     UNINITIALIZED
                  00004100    00000100     F2837xD_GlobalVariableDefs.obj (EPwm2RegsFile)

EPwm3RegsFile 
*          1    00004200    00000100     UNINITIALIZED
                  00004200    00000100     F2837xD_GlobalVariableDefs.obj (EPwm3RegsFile)

EPwm4RegsFile 
*          1    00004300    00000100     UNINITIALIZED
                  00004300    00000100     F2837xD_GlobalVariableDefs.obj (EPwm4RegsFile)

EPwm5RegsFile 
*          1    00004400    00000100     UNINITIALIZED
                  00004400    00000100     F2837xD_GlobalVariableDefs.obj (EPwm5RegsFile)

EPwm6RegsFile 
*          1    00004500    00000100     UNINITIALIZED
                  00004500    00000100     F2837xD_GlobalVariableDefs.obj (EPwm6RegsFile)

EPwm7RegsFile 
*          1    00004600    00000100     UNINITIALIZED
                  00004600    00000100     F2837xD_GlobalVariableDefs.obj (EPwm7RegsFile)

EPwm8RegsFile 
*          1    00004700    00000100     UNINITIALIZED
                  00004700    00000100     F2837xD_GlobalVariableDefs.obj (EPwm8RegsFile)

EPwm9RegsFile 
*          1    00004800    00000100     UNINITIALIZED
                  00004800    00000100     F2837xD_GlobalVariableDefs.obj (EPwm9RegsFile)

EPwm10RegsFile 
*          1    00004900    00000100     UNINITIALIZED
                  00004900    00000100     F2837xD_GlobalVariableDefs.obj (EPwm10RegsFile)

EPwm11RegsFile 
*          1    00004a00    00000100     UNINITIALIZED
                  00004a00    00000100     F2837xD_GlobalVariableDefs.obj (EPwm11RegsFile)

EPwm12RegsFile 
*          1    00004b00    00000100     UNINITIALIZED
                  00004b00    00000100     F2837xD_GlobalVariableDefs.obj (EPwm12RegsFile)

ECap1RegsFile 
*          1    00005000    00000020     UNINITIALIZED
                  00005000    00000020     F2837xD_GlobalVariableDefs.obj (ECap1RegsFile)

ECap2RegsFile 
*          1    00005020    00000020     UNINITIALIZED
                  00005020    00000020     F2837xD_GlobalVariableDefs.obj (ECap2RegsFile)

ECap3RegsFile 
*          1    00005040    00000020     UNINITIALIZED
                  00005040    00000020     F2837xD_GlobalVariableDefs.obj (ECap3RegsFile)

ECap4RegsFile 
*          1    00005060    00000020     UNINITIALIZED
                  00005060    00000020     F2837xD_GlobalVariableDefs.obj (ECap4RegsFile)

ECap5RegsFile 
*          1    00005080    00000020     UNINITIALIZED
                  00005080    00000020     F2837xD_GlobalVariableDefs.obj (ECap5RegsFile)

ECap6RegsFile 
*          1    000050a0    00000020     UNINITIALIZED
                  000050a0    00000020     F2837xD_GlobalVariableDefs.obj (ECap6RegsFile)

EQep1RegsFile 
*          1    00005100    00000022     UNINITIALIZED
                  00005100    00000022     F2837xD_GlobalVariableDefs.obj (EQep1RegsFile)

EQep2RegsFile 
*          1    00005140    00000022     UNINITIALIZED
                  00005140    00000022     F2837xD_GlobalVariableDefs.obj (EQep2RegsFile)

EQep3RegsFile 
*          1    00005180    00000022     UNINITIALIZED
                  00005180    00000022     F2837xD_GlobalVariableDefs.obj (EQep3RegsFile)

DacaRegsFile 
*          1    00005c00    00000008     UNINITIALIZED
                  00005c00    00000008     F2837xD_GlobalVariableDefs.obj (DacaRegsFile)

DacbRegsFile 
*          1    00005c10    00000008     UNINITIALIZED
                  00005c10    00000008     F2837xD_GlobalVariableDefs.obj (DacbRegsFile)

DaccRegsFile 
*          1    00005c20    00000008     UNINITIALIZED
                  00005c20    00000008     F2837xD_GlobalVariableDefs.obj (DaccRegsFile)

I2caRegsFile 
*          1    00007300    00000022     UNINITIALIZED
                  00007300    00000022     F2837xD_GlobalVariableDefs.obj (I2caRegsFile)

I2cbRegsFile 
*          1    00007340    00000022     UNINITIALIZED
                  00007340    00000022     F2837xD_GlobalVariableDefs.obj (I2cbRegsFile)

AdcaRegsFile 
*          1    00007400    00000080     UNINITIALIZED
                  00007400    00000080     F2837xD_GlobalVariableDefs.obj (AdcaRegsFile)

AdcbRegsFile 
*          1    00007480    00000080     UNINITIALIZED
                  00007480    00000080     F2837xD_GlobalVariableDefs.obj (AdcbRegsFile)

AdccRegsFile 
*          1    00007500    00000080     UNINITIALIZED
                  00007500    00000080     F2837xD_GlobalVariableDefs.obj (AdccRegsFile)

AdcdRegsFile 
*          1    00007580    00000080     UNINITIALIZED
                  00007580    00000080     F2837xD_GlobalVariableDefs.obj (AdcdRegsFile)

CanaRegsFile 
*          1    00048000    00000164     UNINITIALIZED
                  00048000    00000164     F2837xD_GlobalVariableDefs.obj (CanaRegsFile)

CanbRegsFile 
*          1    0004a000    00000164     UNINITIALIZED
                  0004a000    00000164     F2837xD_GlobalVariableDefs.obj (CanbRegsFile)

AnalogSubsysRegsFile 
*          1    0005d180    00000048     UNINITIALIZED
                  0005d180    00000048     F2837xD_GlobalVariableDefs.obj (AnalogSubsysRegsFile)

Cla1SoftIntRegsFile 
*          1    00000ce0    00000004     DSECT
                  00000ce0    00000004     F2837xD_GlobalVariableDefs.obj (Cla1SoftIntRegsFile)

Cmpss1RegsFile 
*          1    00005c80    00000020     UNINITIALIZED
                  00005c80    00000020     F2837xD_GlobalVariableDefs.obj (Cmpss1RegsFile)

Cmpss2RegsFile 
*          1    00005ca0    00000020     UNINITIALIZED
                  00005ca0    00000020     F2837xD_GlobalVariableDefs.obj (Cmpss2RegsFile)

Cmpss3RegsFile 
*          1    00005cc0    00000020     UNINITIALIZED
                  00005cc0    00000020     F2837xD_GlobalVariableDefs.obj (Cmpss3RegsFile)

Cmpss4RegsFile 
*          1    00005ce0    00000020     UNINITIALIZED
                  00005ce0    00000020     F2837xD_GlobalVariableDefs.obj (Cmpss4RegsFile)

Cmpss5RegsFile 
*          1    00005d00    00000020     UNINITIALIZED
                  00005d00    00000020     F2837xD_GlobalVariableDefs.obj (Cmpss5RegsFile)

Cmpss6RegsFile 
*          1    00005d20    00000020     UNINITIALIZED
                  00005d20    00000020     F2837xD_GlobalVariableDefs.obj (Cmpss6RegsFile)

Cmpss7RegsFile 
*          1    00005d40    00000020     UNINITIALIZED
                  00005d40    00000020     F2837xD_GlobalVariableDefs.obj (Cmpss7RegsFile)

Cmpss8RegsFile 
*          1    00005d60    00000020     UNINITIALIZED
                  00005d60    00000020     F2837xD_GlobalVariableDefs.obj (Cmpss8RegsFile)

Sdfm1RegsFile 
*          1    00005e00    00000080     UNINITIALIZED
                  00005e00    00000080     F2837xD_GlobalVariableDefs.obj (Sdfm1RegsFile)

Sdfm2RegsFile 
*          1    00005e80    00000080     UNINITIALIZED
                  00005e80    00000080     F2837xD_GlobalVariableDefs.obj (Sdfm2RegsFile)

McbspaRegsFile 
*          1    00006000    00000024     UNINITIALIZED
                  00006000    00000024     F2837xD_GlobalVariableDefs.obj (McbspaRegsFile)

McbspbRegsFile 
*          1    00006040    00000024     UNINITIALIZED
                  00006040    00000024     F2837xD_GlobalVariableDefs.obj (McbspbRegsFile)

SpiaRegsFile 
*          1    00006100    00000010     UNINITIALIZED
                  00006100    00000010     F2837xD_GlobalVariableDefs.obj (SpiaRegsFile)

SpibRegsFile 
*          1    00006110    00000010     UNINITIALIZED
                  00006110    00000010     F2837xD_GlobalVariableDefs.obj (SpibRegsFile)

SpicRegsFile 
*          1    00006120    00000010     UNINITIALIZED
                  00006120    00000010     F2837xD_GlobalVariableDefs.obj (SpicRegsFile)

UppRegsFile 
*          1    00006200    00000048     UNINITIALIZED
                  00006200    00000048     F2837xD_GlobalVariableDefs.obj (UppRegsFile)

WdRegsFile 
*          1    00007000    0000002b     UNINITIALIZED
                  00007000    0000002b     F2837xD_GlobalVariableDefs.obj (WdRegsFile)

NmiIntruptRegsFile 
*          1    00007060    00000007     UNINITIALIZED
                  00007060    00000007     F2837xD_GlobalVariableDefs.obj (NmiIntruptRegsFile)

XintRegsFile 
*          1    00007070    0000000b     UNINITIALIZED
                  00007070    0000000b     F2837xD_GlobalVariableDefs.obj (XintRegsFile)

SciaRegsFile 
*          1    00007200    00000010     UNINITIALIZED
                  00007200    00000010     F2837xD_GlobalVariableDefs.obj (SciaRegsFile)

ScibRegsFile 
*          1    00007210    00000010     UNINITIALIZED
                  00007210    00000010     F2837xD_GlobalVariableDefs.obj (ScibRegsFile)

ScicRegsFile 
*          1    00007220    00000010     UNINITIALIZED
                  00007220    00000010     F2837xD_GlobalVariableDefs.obj (ScicRegsFile)

ScidRegsFile 
*          1    00007230    00000010     UNINITIALIZED
                  00007230    00000010     F2837xD_GlobalVariableDefs.obj (ScidRegsFile)

InputXbarRegsFile 
*          1    00007900    00000020     UNINITIALIZED
                  00007900    00000020     F2837xD_GlobalVariableDefs.obj (InputXbarRegsFile)

XbarRegsFile 
*          1    00007920    00000020     UNINITIALIZED
                  00007920    00000020     F2837xD_GlobalVariableDefs.obj (XbarRegsFile)

SyncSocRegsFile 
*          1    00007940    00000006     UNINITIALIZED
                  00007940    00000006     F2837xD_GlobalVariableDefs.obj (SyncSocRegsFile)

DmaClaSrcSelRegsFile 
*          1    00007980    0000001a     UNINITIALIZED
                  00007980    0000001a     F2837xD_GlobalVariableDefs.obj (DmaClaSrcSelRegsFile)

EPwmXbarRegsFile 
*          1    00007a00    00000040     UNINITIALIZED
                  00007a00    00000040     F2837xD_GlobalVariableDefs.obj (EPwmXbarRegsFile)

OutputXbarRegsFile 
*          1    00007a80    00000040     UNINITIALIZED
                  00007a80    00000040     F2837xD_GlobalVariableDefs.obj (OutputXbarRegsFile)

GpioCtrlRegsFile 
*          1    00007c00    00000180     UNINITIALIZED
                  00007c00    00000180     F2837xD_GlobalVariableDefs.obj (GpioCtrlRegsFile)

GpioDataRegsFile 
*          1    00007f00    00000030     UNINITIALIZED
                  00007f00    00000030     F2837xD_GlobalVariableDefs.obj (GpioDataRegsFile)

Emif1RegsFile 
*          1    00047000    00000070     UNINITIALIZED
                  00047000    00000070     F2837xD_GlobalVariableDefs.obj (Emif1RegsFile)

Emif2RegsFile 
*          1    00047800    00000070     UNINITIALIZED
                  00047800    00000070     F2837xD_GlobalVariableDefs.obj (Emif2RegsFile)

IpcRegsFile 
*          1    00050000    00000024     UNINITIALIZED
                  00050000    00000024     F2837xD_GlobalVariableDefs.obj (IpcRegsFile)

FlashPumpSemaphoreRegsFile 
*          1    00050024    00000002     UNINITIALIZED
                  00050024    00000002     F2837xD_GlobalVariableDefs.obj (FlashPumpSemaphoreRegsFile)

RomPrefetchRegsFile 
*          1    0005e608    00000002     UNINITIALIZED
                  0005e608    00000002     F2837xD_GlobalVariableDefs.obj (RomPrefetchRegsFile)

DcsmZ1RegsFile 
*          1    0005f000    00000024     UNINITIALIZED
                  0005f000    00000024     F2837xD_GlobalVariableDefs.obj (DcsmZ1RegsFile)

DcsmZ2RegsFile 
*          1    0005f040    00000024     UNINITIALIZED
                  0005f040    00000024     F2837xD_GlobalVariableDefs.obj (DcsmZ2RegsFile)

DcsmCommonRegsFile 
*          1    0005f070    00000008     UNINITIALIZED
                  0005f070    00000008     F2837xD_GlobalVariableDefs.obj (DcsmCommonRegsFile)

MemCfgRegsFile 
*          1    0005f400    00000080     UNINITIALIZED
                  0005f400    00000080     F2837xD_GlobalVariableDefs.obj (MemCfgRegsFile)

Emif1ConfigRegsFile 
*          1    0005f480    00000020     UNINITIALIZED
                  0005f480    00000020     F2837xD_GlobalVariableDefs.obj (Emif1ConfigRegsFile)

Emif2ConfigRegsFile 
*          1    0005f4a0    00000020     UNINITIALIZED
                  0005f4a0    00000020     F2837xD_GlobalVariableDefs.obj (Emif2ConfigRegsFile)

AccessProtectionRegsFile 
*          1    0005f4c0    00000040     UNINITIALIZED
                  0005f4c0    00000040     F2837xD_GlobalVariableDefs.obj (AccessProtectionRegsFile)

MemoryErrorRegsFile 
*          1    0005f500    00000040     UNINITIALIZED
                  0005f500    00000040     F2837xD_GlobalVariableDefs.obj (MemoryErrorRegsFile)

RomWaitStateRegsFile 
*          1    0005f540    00000002     UNINITIALIZED
                  0005f540    00000002     F2837xD_GlobalVariableDefs.obj (RomWaitStateRegsFile)

Flash0CtrlRegsFile 
*          1    0005f800    00000182     UNINITIALIZED
                  0005f800    00000182     F2837xD_GlobalVariableDefs.obj (Flash0CtrlRegsFile)

Flash0EccRegsFile 
*          1    0005fb00    00000028     UNINITIALIZED
                  0005fb00    00000028     F2837xD_GlobalVariableDefs.obj (Flash0EccRegsFile)

DcsmZ1OtpFile 
*          1    00078000    00000020     NOLOAD SECTION
                  00078000    00000020     F2837xD_GlobalVariableDefs.obj (DcsmZ1OtpFile)

DcsmZ2OtpFile 
*          1    00078200    00000020     NOLOAD SECTION
                  00078200    00000020     F2837xD_GlobalVariableDefs.obj (DcsmZ2OtpFile)

DevCfgRegsFile 
*          1    0005d000    0000012e     UNINITIALIZED
                  0005d000    0000012e     F2837xD_GlobalVariableDefs.obj (DevCfgRegsFile)

ClkCfgRegsFile 
*          1    0005d200    00000032     UNINITIALIZED
                  0005d200    00000032     F2837xD_GlobalVariableDefs.obj (ClkCfgRegsFile)

CpuSysRegsFile 
*          1    0005d300    00000082     UNINITIALIZED
                  0005d300    00000082     F2837xD_GlobalVariableDefs.obj (CpuSysRegsFile)

dclfuncs   0    000003b0    0000003a     
                  000003b0    0000003a     DCL_PI.obj (dclfuncs)

.scratchpad 
*          1    00000002    00000005     UNINITIALIZED
                  00000002    00000005     DCL_PI_CLA.obj (.scratchpad:Cla1Prog:_DCL_runPIc)

.text.1    0    000001e7    000001c9     
                  000001e7    00000056     rts2800_fpu32.lib : boot28.asm.obj (.text)
                  0000023d    0000004c     MovingAVG.obj (.text)
                  00000289    00000039     main.obj (.text:retain)
                  000002c2    00000029     rts2800_fpu32.lib : exit.c.obj (.text)
                  000002eb    00000028     F2837xD_PieCtrl.obj (.text)
                  00000313    00000026     F2837xD_PieVect.obj (.text)
                  00000339    00000024     rts2800_fpu32.lib : cpy_tbl.c.obj (.text)
                  0000035d    0000001d                       : memcpy.c.obj (.text)
                  0000037a    00000018                       : ll_aox28.asm.obj (.text)
                  00000392    00000012                       : args_main.c.obj (.text)
                  000003a4    00000009                       : _lock.c.obj (.text)
                  000003ad    00000002                       : pre_init.c.obj (.text)
                  000003af    00000001                       : startup.c.obj (.text)

.text.2    0    00008000    0000066e     
                  00008000    0000066e     main.obj (.text)

.text.3    0    00008800    0000057f     
                  00008800    0000033b     F2837xD_SysCtrl.obj (.text)
                  00008b3b    00000244     F2837xD_Gpio.obj (.text)

.text.4    0    0000b000    00000729     
                  0000b000    00000729     F2837xD_DefaultISR.obj (.text:retain)

MODULE SUMMARY

       Module                           code   initialized data   uninitialized data
       ------                           ----   ----------------   ------------------
    .\
       F2837xD_GlobalVariableDefs.obj   0      0                  8759              
       main.obj                         1703   167                140               
       F2837xD_DefaultISR.obj           1833   0                  0                 
       F2837xD_SysCtrl.obj              827    0                  0                 
       F2837xD_Gpio.obj                 580    0                  0                 
       F2837xD_PieVect.obj              38     448                0                 
       MovingAVG.obj                    76     0                  0                 
       DCL_PI.obj                       58     0                  0                 
       DCL_PI_CLA.obj                   40     0                  5                 
       F2837xD_PieCtrl.obj              40     0                  0                 
       F2837xD_CpuTimers.obj            0      0                  24                
       F2837xD_usDelay.obj              4      0                  0                 
       F2837xD_CodeStartBranch.obj      2      0                  0                 
    +--+--------------------------------+------+------------------+--------------------+
       Total:                           5201   615                8928              
                                                                                    
    C:/ti/ccs1120/ccs/tools/compiler/ti-cgt-c2000_21.6.0.LTS/lib/rts2800_fpu32.lib
       boot28.asm.obj                   86     0                  0                 
       exit.c.obj                       41     14                 6                 
       cpy_tbl.c.obj                    36     0                  0                 
       memcpy.c.obj                     29     0                  0                 
       ll_aox28.asm.obj                 24     0                  0                 
       _lock.c.obj                      9      10                 4                 
       args_main.c.obj                  18     0                  0                 
       pre_init.c.obj                   2      0                  0                 
       startup.c.obj                    1      0                  0                 
    +--+--------------------------------+------+------------------+--------------------+
       Total:                           246    24                 10                
                                                                                    
       Stack:                           0      0                  256               
    +--+--------------------------------+------+------------------+--------------------+
       Grand Total:                     5447   639                9194              


GLOBAL DATA SYMBOLS: SORTED BY DATA PAGE

address     data page           name
--------    ----------------    ----
00000002       0 (00000000)     __cla_DCL_runPIc_sp

00000400      10 (00000400)     __stack

00000b00      2c (00000b00)     _AdcaResultRegs
00000b20      2c (00000b00)     _AdcbResultRegs

00000b40      2d (00000b40)     _AdccResultRegs
00000b60      2d (00000b40)     _AdcdResultRegs

00000c00      30 (00000c00)     _CpuTimer0Regs
00000c08      30 (00000c00)     _CpuTimer1Regs
00000c10      30 (00000c00)     _CpuTimer2Regs

00000ce0      33 (00000cc0)     _Cla1SoftIntRegs
00000ce0      33 (00000cc0)     _PieCtrlRegs

00000d00      34 (00000d00)     _EmuKey
00000d00      34 (00000d00)     _PieVectTable
00000d01      34 (00000d00)     _EmuBMode

00001000      40 (00001000)     _DmaRegs

00001400      50 (00001400)     _Cla1Regs

00004000     100 (00004000)     _EPwm1Regs

00004100     104 (00004100)     _EPwm2Regs

00004200     108 (00004200)     _EPwm3Regs

00004300     10c (00004300)     _EPwm4Regs

00004400     110 (00004400)     _EPwm5Regs

00004500     114 (00004500)     _EPwm6Regs

00004600     118 (00004600)     _EPwm7Regs

00004700     11c (00004700)     _EPwm8Regs

00004800     120 (00004800)     _EPwm9Regs

00004900     124 (00004900)     _EPwm10Regs

00004a00     128 (00004a00)     _EPwm11Regs

00004b00     12c (00004b00)     _EPwm12Regs

00005000     140 (00005000)     _ECap1Regs
00005020     140 (00005000)     _ECap2Regs

00005040     141 (00005040)     _ECap3Regs
00005060     141 (00005040)     _ECap4Regs

00005080     142 (00005080)     _ECap5Regs
000050a0     142 (00005080)     _ECap6Regs

00005100     144 (00005100)     _EQep1Regs

00005140     145 (00005140)     _EQep2Regs

00005180     146 (00005180)     _EQep3Regs

00005c00     170 (00005c00)     _DacaRegs
00005c10     170 (00005c00)     _DacbRegs
00005c20     170 (00005c00)     _DaccRegs

00005c80     172 (00005c80)     _Cmpss1Regs
00005ca0     172 (00005c80)     _Cmpss2Regs

00005cc0     173 (00005cc0)     _Cmpss3Regs
00005ce0     173 (00005cc0)     _Cmpss4Regs

00005d00     174 (00005d00)     _Cmpss5Regs
00005d20     174 (00005d00)     _Cmpss6Regs

00005d40     175 (00005d40)     _Cmpss7Regs
00005d60     175 (00005d40)     _Cmpss8Regs

00005e00     178 (00005e00)     _Sdfm1Regs

00005e80     17a (00005e80)     _Sdfm2Regs

00006000     180 (00006000)     _McbspaRegs

00006040     181 (00006040)     _McbspbRegs

00006100     184 (00006100)     _SpiaRegs
00006110     184 (00006100)     _SpibRegs
00006120     184 (00006100)     _SpicRegs

00006200     188 (00006200)     _UppRegs

00007000     1c0 (00007000)     _WdRegs

00007060     1c1 (00007040)     _NmiIntruptRegs
00007070     1c1 (00007040)     _XintRegs

00007200     1c8 (00007200)     _SciaRegs
00007210     1c8 (00007200)     _ScibRegs
00007220     1c8 (00007200)     _ScicRegs
00007230     1c8 (00007200)     _ScidRegs

00007300     1cc (00007300)     _I2caRegs

00007340     1cd (00007340)     _I2cbRegs

00007400     1d0 (00007400)     _AdcaRegs

00007480     1d2 (00007480)     _AdcbRegs

00007500     1d4 (00007500)     _AdccRegs

00007580     1d6 (00007580)     _AdcdRegs

00007900     1e4 (00007900)     _InputXbarRegs
00007920     1e4 (00007900)     _XbarRegs

00007940     1e5 (00007940)     _SyncSocRegs

00007980     1e6 (00007980)     _DmaClaSrcSelRegs

00007a00     1e8 (00007a00)     _EPwmXbarRegs

00007a80     1ea (00007a80)     _OutputXbarRegs

00007c00     1f0 (00007c00)     _GpioCtrlRegs

00007f00     1fc (00007f00)     _GpioDataRegs

0000a800     2a0 (0000a800)     _PieVectTableInit

0000a9c0     2a7 (0000a9c0)     _CTR_STT
0000a9c1     2a7 (0000a9c0)     _PRE_CTR_STT
0000a9c2     2a7 (0000a9c0)     _count
0000a9c4     2a7 (0000a9c0)     _ILmeas
0000a9c6     2a7 (0000a9c0)     _IBATmeas
0000a9c8     2a7 (0000a9c0)     _VACmeas
0000a9ca     2a7 (0000a9c0)     _VPFCmeas
0000a9cc     2a7 (0000a9c0)     _VBATmeas
0000a9ce     2a7 (0000a9c0)     _VACpeak
0000a9d0     2a7 (0000a9c0)     _VACrms
0000a9d2     2a7 (0000a9c0)     _sumVAC
0000a9d4     2a7 (0000a9c0)     _VAC
0000a9d6     2a7 (0000a9c0)     _VPFC
0000a9d8     2a7 (0000a9c0)     _VPFCavg
0000a9da     2a7 (0000a9c0)     _sumVPFC
0000a9dc     2a7 (0000a9c0)     _VBAT
0000a9de     2a7 (0000a9c0)     _VBATavg
0000a9e0     2a7 (0000a9c0)     _sumVBAT
0000a9e2     2a7 (0000a9c0)     _IBAT
0000a9e4     2a7 (0000a9c0)     _IBATavg
0000a9e6     2a7 (0000a9c0)     _sumIBAT
0000a9e8     2a7 (0000a9c0)     _IL
0000a9ea     2a7 (0000a9c0)     _ILavg
0000a9ec     2a7 (0000a9c0)     _sumIL
0000a9ee     2a7 (0000a9c0)     _BAT_OUT
0000a9f0     2a7 (0000a9c0)     _PFC1_OUT
0000a9f2     2a7 (0000a9c0)     _PFC2_OUT
0000a9f4     2a7 (0000a9c0)     _mVBATavg

0000aa00     2a8 (0000aa00)     _mVPFCavg
0000aa0a     2a8 (0000aa00)     _mIBATavg
0000aa14     2a8 (0000aa00)     _BATTERY_CV
0000aa20     2a8 (0000aa00)     _BATTERY_CC
0000aa2c     2a8 (0000aa00)     _PFC1

0000aa40     2a9 (0000aa40)     _PFC2
0000aa4c     2a9 (0000aa40)     _CpuTimer0
0000aa54     2a9 (0000aa40)     _CpuTimer1
0000aa5c     2a9 (0000aa40)     _CpuTimer2
0000aa64     2a9 (0000aa40)     ___TI_enable_exit_profile_output
0000aa66     2a9 (0000aa40)     ___TI_cleanup_ptr
0000aa68     2a9 (0000aa40)     ___TI_dtors_ptr
0000aa6a     2a9 (0000aa40)     __lock
0000aa6c     2a9 (0000aa40)     __unlock

00047000    11c0 (00047000)     _Emif1Regs

00047800    11e0 (00047800)     _Emif2Regs

00048000    1200 (00048000)     _CanaRegs

0004a000    1280 (0004a000)     _CanbRegs

00050000    1400 (00050000)     _IpcRegs
00050024    1400 (00050000)     _FlashPumpSemaphoreRegs

0005d000    1740 (0005d000)     _DevCfgRegs

0005d180    1746 (0005d180)     _AnalogSubsysRegs

0005d200    1748 (0005d200)     _ClkCfgRegs

0005d300    174c (0005d300)     _CpuSysRegs

0005e608    1798 (0005e600)     _RomPrefetchRegs

0005f000    17c0 (0005f000)     _DcsmZ1Regs

0005f040    17c1 (0005f040)     _DcsmZ2Regs
0005f070    17c1 (0005f040)     _DcsmCommonRegs

0005f400    17d0 (0005f400)     _MemCfgRegs

0005f480    17d2 (0005f480)     _Emif1ConfigRegs
0005f4a0    17d2 (0005f480)     _Emif2ConfigRegs

0005f4c0    17d3 (0005f4c0)     _AccessProtectionRegs

0005f500    17d4 (0005f500)     _MemoryErrorRegs

0005f540    17d5 (0005f540)     _RomWaitStateRegs

0005f800    17e0 (0005f800)     _Flash0CtrlRegs

0005fb00    17ec (0005fb00)     _Flash0EccRegs

00078000    1e00 (00078000)     _DcsmZ1Otp

00078200    1e08 (00078200)     _DcsmZ2Otp


GLOBAL SYMBOLS: SORTED ALPHABETICALLY BY Name 

page  address   name                                  
----  -------   ----                                  
abs   ffffffff  .text                                 
0     000002c2  C$$EXIT                               
0     0000037a  LL$$AND                               
0     00000382  LL$$OR                                
0     0000038a  LL$$XOR                               
0     0000b0f7  _ADCA1_ISR                            
0     0000b437  _ADCA2_ISR                            
0     0000b444  _ADCA3_ISR                            
0     0000b451  _ADCA4_ISR                            
0     0000b42a  _ADCA_EVT_ISR                         
0     0000b104  _ADCB1_ISR                            
0     0000b46b  _ADCB2_ISR                            
0     0000b478  _ADCB3_ISR                            
0     0000b485  _ADCB4_ISR                            
0     0000b45e  _ADCB_EVT_ISR                         
0     0000b111  _ADCC1_ISR                            
0     0000b63f  _ADCC2_ISR                            
0     0000b64c  _ADCC3_ISR                            
0     0000b659  _ADCC4_ISR                            
0     0000b632  _ADCC_EVT_ISR                         
0     0000b138  _ADCD1_ISR                            
0     0000b673  _ADCD2_ISR                            
0     0000b680  _ADCD3_ISR                            
0     0000b68d  _ADCD4_ISR                            
0     0000b666  _ADCD_EVT_ISR                         
0     0000b6db  _AUX_PLL_SLIP_ISR                     
1     0005f4c0  _AccessProtectionRegs                 
1     00007400  _AdcaRegs                             
1     00000b00  _AdcaResultRegs                       
1     00007480  _AdcbRegs                             
1     00000b20  _AdcbResultRegs                       
1     00007500  _AdccRegs                             
1     00000b40  _AdccResultRegs                       
1     00007580  _AdcdRegs                             
1     00000b60  _AdcdResultRegs                       
1     0005d180  _AnalogSubsysRegs                     
0     00008ae7  _AuxAuxClkSel                         
0     00008ad1  _AuxIntOsc2Sel                        
0     00008adb  _AuxXtalOscSel                        
1     0000aa20  _BATTERY_CC                           
1     0000aa14  _BATTERY_CV                           
0     000085af  _BAT_CC                               
0     0000860b  _BAT_CV                               
0     0000859c  _BAT_Control                          
1     0000a9ee  _BAT_OUT                              
0     000080ab  _BLUE_LIGHT                           
0     0000b3f6  _CANA0_ISR                            
0     0000b403  _CANA1_ISR                            
0     0000b410  _CANB0_ISR                            
0     0000b41d  _CANB1_ISR                            
0     0000b492  _CLA1_1_ISR                           
0     0000b49f  _CLA1_2_ISR                           
0     0000b4ac  _CLA1_3_ISR                           
0     0000b4b9  _CLA1_4_ISR                           
0     0000b4c6  _CLA1_5_ISR                           
0     0000b4d3  _CLA1_6_ISR                           
0     0000b4e0  _CLA1_7_ISR                           
0     0000b4ed  _CLA1_8_ISR                           
0     0000b6e8  _CLA_OVERFLOW_ISR                     
0     0000b6f5  _CLA_UNDERFLOW_ISR                    
1     0000a9c0  _CTR_STT                              
0     0000830b  _CalibBAT                             
0     000083e9  _CalibPFC                             
1     00048000  _CanaRegs                             
1     0004a000  _CanbRegs                             
1     00001400  _Cla1Regs                             
0     00000ce0  _Cla1SoftIntRegs                      
1     0005d200  _ClkCfgRegs                           
1     00005c80  _Cmpss1Regs                           
1     00005ca0  _Cmpss2Regs                           
1     00005cc0  _Cmpss3Regs                           
1     00005ce0  _Cmpss4Regs                           
1     00005d00  _Cmpss5Regs                           
1     00005d20  _Cmpss6Regs                           
1     00005d40  _Cmpss7Regs                           
1     00005d60  _Cmpss8Regs                           
1     0005d300  _CpuSysRegs                           
1     0000aa4c  _CpuTimer0                            
1     00000c00  _CpuTimer0Regs                        
1     0000aa54  _CpuTimer1                            
1     00000c08  _CpuTimer1Regs                        
1     0000aa5c  _CpuTimer2                            
1     00000c10  _CpuTimer2Regs                        
0     00008a90  _CsmUnlock                            
0     0000b01a  _DATALOG_ISR                          
0     000003b0  _DCL_runPI                            
0     0000866e  _DCL_runPIc                           
0     0000b30c  _DMA_CH1_ISR                          
0     0000b319  _DMA_CH2_ISR                          
0     0000b326  _DMA_CH3_ISR                          
0     0000b333  _DMA_CH4_ISR                          
0     0000b340  _DMA_CH5_ISR                          
0     0000b34d  _DMA_CH6_ISR                          
1     00005c00  _DacaRegs                             
1     00005c10  _DacbRegs                             
1     00005c20  _DaccRegs                             
1     0005f070  _DcsmCommonRegs                       
1     00078000  _DcsmZ1Otp                            
1     0005f000  _DcsmZ1Regs                           
1     00078200  _DcsmZ2Otp                            
1     0005f040  _DcsmZ2Regs                           
1     0005d000  _DevCfgRegs                           
0     000088f4  _DisableDog                           
0     000088b5  _DisablePeripheralClocks              
1     00007980  _DmaClaSrcSelRegs                     
1     00001000  _DmaRegs                              
0     0000b22f  _ECAP1_ISR                            
0     0000b23c  _ECAP2_ISR                            
0     0000b249  _ECAP3_ISR                            
0     0000b256  _ECAP4_ISR                            
0     0000b263  _ECAP5_ISR                            
0     0000b270  _ECAP6_ISR                            
1     00005000  _ECap1Regs                            
1     00005020  _ECap2Regs                            
1     00005040  _ECap3Regs                            
1     00005060  _ECap4Regs                            
1     00005080  _ECap5Regs                            
1     000050a0  _ECap6Regs                            
0     0000b69a  _EMIF_ERROR_ISR                       
0     0000b70f  _EMPTY_ISR                            
0     0000b034  _EMU_ISR                              
0     0000b5bd  _EPWM10_ISR                           
0     0000b589  _EPWM10_TZ_ISR                        
0     0000b5ca  _EPWM11_ISR                           
0     0000b596  _EPWM11_TZ_ISR                        
0     0000b5d7  _EPWM12_ISR                           
0     0000b5a3  _EPWM12_TZ_ISR                        
0     0000b1c7  _EPWM1_ISR                            
0     0000b15f  _EPWM1_TZ_ISR                         
0     0000b1d4  _EPWM2_ISR                            
0     0000b16c  _EPWM2_TZ_ISR                         
0     0000b1e1  _EPWM3_ISR                            
0     0000b179  _EPWM3_TZ_ISR                         
0     0000b1ee  _EPWM4_ISR                            
0     0000b186  _EPWM4_TZ_ISR                         
0     0000b1fb  _EPWM5_ISR                            
0     0000b193  _EPWM5_TZ_ISR                         
0     0000b208  _EPWM6_ISR                            
0     0000b1a0  _EPWM6_TZ_ISR                         
0     0000b215  _EPWM7_ISR                            
0     0000b1ad  _EPWM7_TZ_ISR                         
0     0000b222  _EPWM8_ISR                            
0     0000b1ba  _EPWM8_TZ_ISR                         
0     0000b5b0  _EPWM9_ISR                            
0     0000b57c  _EPWM9_TZ_ISR                         
1     00004900  _EPwm10Regs                           
1     00004a00  _EPwm11Regs                           
1     00004b00  _EPwm12Regs                           
1     00004000  _EPwm1Regs                            
1     00004100  _EPwm2Regs                            
1     00004200  _EPwm3Regs                            
1     00004300  _EPwm4Regs                            
1     00004400  _EPwm5Regs                            
1     00004500  _EPwm6Regs                            
1     00004600  _EPwm7Regs                            
1     00004700  _EPwm8Regs                            
1     00004800  _EPwm9Regs                            
1     00007a00  _EPwmXbarRegs                         
0     0000b27d  _EQEP1_ISR                            
0     0000b28a  _EQEP2_ISR                            
0     0000b297  _EQEP3_ISR                            
1     00005100  _EQep1Regs                            
1     00005140  _EQep2Regs                            
1     00005180  _EQep3Regs                            
1     0005f480  _Emif1ConfigRegs                      
1     00047000  _Emif1Regs                            
1     0005f4a0  _Emif2ConfigRegs                      
1     00047800  _Emif2Regs                            
1     00000d01  _EmuBMode                             
1     00000d00  _EmuKey                               
0     0000030a  _EnableInterrupts                     
0     000001e3  _F28x_usDelay                         
0     0000b6b4  _FLASH_CORRECTABLE_ERROR_ISR          
0     0000b52e  _FPU_OVERFLOW_ISR                     
0     0000b53b  _FPU_UNDERFLOW_ISR                    
1     0005f800  _Flash0CtrlRegs                       
1     0005fb00  _Flash0EccRegs                        
1     00050024  _FlashPumpSemaphoreRegs               
0     00008d34  _GPIO_EnableUnbondedIOPullups         
0     00008d0f  _GPIO_EnableUnbondedIOPullupsFor100Pin
0     00008cf6  _GPIO_EnableUnbondedIOPullupsFor176Pin
0     00008d4a  _GPIO_ReadPin                         
0     00008c9b  _GPIO_SetupLock                       
0     00008b7b  _GPIO_SetupPinMux                     
0     00008c07  _GPIO_SetupPinOptions                 
0     00008cc4  _GPIO_SetupXINT1Gpio                  
0     00008cce  _GPIO_SetupXINT2Gpio                  
0     00008cd8  _GPIO_SetupXINT3Gpio                  
0     00008ce2  _GPIO_SetupXINT4Gpio                  
0     00008cec  _GPIO_SetupXINT5Gpio                  
0     00008d61  _GPIO_WritePin                        
1     00007c00  _GpioCtrlRegs                         
1     00007f00  _GpioDataRegs                         
0     00008b05  _HALT                                 
0     00008b1e  _HIB                                  
0     0000b367  _I2CA_FIFO_ISR                        
0     0000b35a  _I2CA_ISR                             
0     0000b381  _I2CB_FIFO_ISR                        
0     0000b374  _I2CB_ISR                             
1     00007300  _I2caRegs                             
1     00007340  _I2cbRegs                             
1     0000a9e2  _IBAT                                 
1     0000a9e4  _IBATavg                              
1     0000a9c6  _IBATmeas                             
0     00008af1  _IDLE                                 
1     0000a9e8  _IL                                   
0     0000b04e  _ILLEGAL_ISR                          
1     0000a9ea  _ILavg                                
1     0000a9c4  _ILmeas                               
0     0000b548  _IPC0_ISR                             
0     0000b555  _IPC1_ISR                             
0     0000b562  _IPC2_ISR                             
0     0000b56f  _IPC3_ISR                             
0     000089c8  _InitAuxPll                           
0     00008254  _InitEPwm1                            
0     000082ad  _InitEPwm2                            
0     00008b3b  _InitGpio                             
0     00008831  _InitPeripheralClocks                 
0     000002eb  _InitPieCtrl                          
0     00000313  _InitPieVectTable                     
0     00008800  _InitSysCtrl                          
0     00008902  _InitSysPll                           
1     00007900  _InputXbarRegs                        
1     00050000  _IpcRegs                              
0     0000b2d8  _MCBSPA_RX_ISR                        
0     0000b2e5  _MCBSPA_TX_ISR                        
0     0000b2f2  _MCBSPB_RX_ISR                        
0     0000b2ff  _MCBSPB_TX_ISR                        
1     00006000  _McbspaRegs                           
1     00006040  _McbspbRegs                           
1     0005f400  _MemCfgRegs                           
1     0005f500  _MemoryErrorRegs                      
0     0000023d  _MovingAVG_Init                       
0     0000025c  _MovingAVG_Update                     
0     0000b041  _NMI_ISR                              
0     0000b71c  _NOTUSED_ISR                          
1     00007060  _NmiIntruptRegs                       
1     00007a80  _OutputXbarRegs                       
1     0000aa2c  _PFC1                                 
1     0000a9f0  _PFC1_OUT                             
1     0000aa40  _PFC2                                 
1     0000a9f2  _PFC2_OUT                             
0     00008552  _PFC_Control                          
0     0000b702  _PIE_RESERVED_ISR                     
1     0000a9c1  _PRE_CTR_STT                          
1     00000ce0  _PieCtrlRegs                          
1     00000d00  _PieVectTable                         
1     0000a800  _PieVectTableInit                     
0     0000b6c1  _RAM_ACCESS_VIOLATION_ISR             
0     0000b6a7  _RAM_CORRECTABLE_ERROR_ISR            
0     00008091  _RED_LIGHT                            
0     0000b027  _RTOS_ISR                             
0     000088dc  _ReleaseFlashPump                     
1     0005e608  _RomPrefetchRegs                      
1     0005f540  _RomWaitStateRegs                     
0     0000b3c2  _SCIA_RX_ISR                          
0     0000b3cf  _SCIA_TX_ISR                          
0     0000b3dc  _SCIB_RX_ISR                          
0     0000b3e9  _SCIB_TX_ISR                          
0     0000b38e  _SCIC_RX_ISR                          
0     0000b39b  _SCIC_TX_ISR                          
0     0000b3a8  _SCID_RX_ISR                          
0     0000b3b5  _SCID_TX_ISR                          
0     0000b5e4  _SD1_ISR                              
0     0000b5f1  _SD2_ISR                              
0     0000b2a4  _SPIA_RX_ISR                          
0     0000b2b1  _SPIA_TX_ISR                          
0     0000b2be  _SPIB_RX_ISR                          
0     0000b2cb  _SPIB_TX_ISR                          
0     0000b5fe  _SPIC_RX_ISR                          
0     0000b60b  _SPIC_TX_ISR                          
0     00008afa  _STANDBY                              
0     0000b6ce  _SYS_PLL_SLIP_ISR                     
1     00007200  _SciaRegs                             
1     00007210  _ScibRegs                             
1     00007220  _ScicRegs                             
1     00007230  _ScidRegs                             
1     00005e00  _Sdfm1Regs                            
1     00005e80  _Sdfm2Regs                            
0     000088cd  _SeizeFlashPump                       
0     000088e6  _ServiceDog                           
1     00006100  _SpiaRegs                             
1     00006110  _SpibRegs                             
1     00006120  _SpicRegs                             
1     00007940  _SyncSocRegs                          
0     00008ab1  _SysIntOsc1Sel                        
0     00008abb  _SysIntOsc2Sel                        
0     00008ac5  _SysXtalOscSel                        
0     0000b145  _TIMER0_ISR                           
0     0000b000  _TIMER1_ISR                           
0     0000b00d  _TIMER2_ISR                           
0     0000b618  _UPPA_ISR                             
0     0000b625  _USBA_ISR                             
0     0000b0d0  _USER10_ISR                           
0     0000b0dd  _USER11_ISR                           
0     0000b0ea  _USER12_ISR                           
0     0000b05b  _USER1_ISR                            
0     0000b068  _USER2_ISR                            
0     0000b075  _USER3_ISR                            
0     0000b082  _USER4_ISR                            
0     0000b08f  _USER5_ISR                            
0     0000b09c  _USER6_ISR                            
0     0000b0a9  _USER7_ISR                            
0     0000b0b6  _USER8_ISR                            
0     0000b0c3  _USER9_ISR                            
1     00006200  _UppRegs                              
1     0000a9d4  _VAC                                  
1     0000a9c8  _VACmeas                              
1     0000a9ce  _VACpeak                              
1     0000a9d0  _VACrms                               
1     0000a9dc  _VBAT                                 
1     0000a9de  _VBATavg                              
1     0000a9cc  _VBATmeas                             
0     0000b521  _VCU_ISR                              
1     0000a9d6  _VPFC                                 
1     0000a9d8  _VPFCavg                              
1     0000a9ca  _VPFCmeas                             
0     0000b152  _WAKE_ISR                             
1     00007000  _WdRegs                               
0     0000b11e  _XINT1_ISR                            
0     0000b12b  _XINT2_ISR                            
0     0000b4fa  _XINT3_ISR                            
0     0000b507  _XINT4_ISR                            
0     0000b514  _XINT5_ISR                            
1     00007920  _XbarRegs                             
1     00007070  _XintRegs                             
0     0000809e  _YELLOW_LIGHT                         
1     00000500  __STACK_END                           
abs   00000100  __STACK_SIZE                          
1     0000aa66  ___TI_cleanup_ptr                     
1     0000aa68  ___TI_dtors_ptr                       
1     0000aa64  ___TI_enable_exit_profile_output      
abs   ffffffff  ___TI_pprof_out_hndl                  
abs   ffffffff  ___TI_prof_data_size                  
abs   ffffffff  ___TI_prof_data_start                 
abs   ffffffff  ___binit__                            
abs   ffffffff  ___c_args__                           
0     00000122  ___cinit__                            
abs   ffffffff  ___etext__                            
abs   ffffffff  ___pinit__                            
abs   ffffffff  ___text__                             
0     00000392  __args_main                           
1     00000002  __cla_DCL_runPIc_sp                   
1     0000aa6a  __lock                                
0     000003ac  __nop                                 
0     000003a8  __register_lock                       
0     000003a4  __register_unlock                     
1     00000400  __stack                               
0     000003af  __system_post_cinit                   
0     000003ad  __system_pre_init                     
1     0000aa6c  __unlock                              
0     000002c2  _abort                                
0     000001e7  _c_int00                              
0     00000339  _copy_in                              
1     0000a9c2  _count                                
0     00000289  _epwm1_isr                            
0     000002c4  _exit                                 
0     00008638  _isFULL                               
1     0000aa0a  _mIBATavg                             
1     0000a9f4  _mVBATavg                             
1     0000aa00  _mVPFCavg                             
0     000084c7  _main                                 
0     0000035d  _memcpy                               
0     00008641  _peakDETECT                           
0     000080b8  _setupLEDGPIO                         
0     00008109  _setup_ADC                            
0     000082fa  _setup_DAC                            
0     000080eb  _setup_gpio                           
1     0000a9e6  _sumIBAT                              
1     0000a9ec  _sumIL                                
1     0000a9d2  _sumVAC                               
1     0000a9e0  _sumVBAT                              
1     0000a9da  _sumVPFC                              
abs   ffffffff  binit                                 
0     00000122  cinit                                 
0     00000000  code_start                            
abs   ffffffff  etext                                 
abs   ffffffff  pinit                                 


GLOBAL SYMBOLS: SORTED BY Symbol Address 

page  address   name                                  
----  -------   ----                                  
0     00000000  code_start                            
0     00000122  ___cinit__                            
0     00000122  cinit                                 
0     000001e3  _F28x_usDelay                         
0     000001e7  _c_int00                              
0     0000023d  _MovingAVG_Init                       
0     0000025c  _MovingAVG_Update                     
0     00000289  _epwm1_isr                            
0     000002c2  C$$EXIT                               
0     000002c2  _abort                                
0     000002c4  _exit                                 
0     000002eb  _InitPieCtrl                          
0     0000030a  _EnableInterrupts                     
0     00000313  _InitPieVectTable                     
0     00000339  _copy_in                              
0     0000035d  _memcpy                               
0     0000037a  LL$$AND                               
0     00000382  LL$$OR                                
0     0000038a  LL$$XOR                               
0     00000392  __args_main                           
0     000003a4  __register_unlock                     
0     000003a8  __register_lock                       
0     000003ac  __nop                                 
0     000003ad  __system_pre_init                     
0     000003af  __system_post_cinit                   
0     000003b0  _DCL_runPI                            
0     00000ce0  _Cla1SoftIntRegs                      
0     00008091  _RED_LIGHT                            
0     0000809e  _YELLOW_LIGHT                         
0     000080ab  _BLUE_LIGHT                           
0     000080b8  _setupLEDGPIO                         
0     000080eb  _setup_gpio                           
0     00008109  _setup_ADC                            
0     00008254  _InitEPwm1                            
0     000082ad  _InitEPwm2                            
0     000082fa  _setup_DAC                            
0     0000830b  _CalibBAT                             
0     000083e9  _CalibPFC                             
0     000084c7  _main                                 
0     00008552  _PFC_Control                          
0     0000859c  _BAT_Control                          
0     000085af  _BAT_CC                               
0     0000860b  _BAT_CV                               
0     00008638  _isFULL                               
0     00008641  _peakDETECT                           
0     0000866e  _DCL_runPIc                           
0     00008800  _InitSysCtrl                          
0     00008831  _InitPeripheralClocks                 
0     000088b5  _DisablePeripheralClocks              
0     000088cd  _SeizeFlashPump                       
0     000088dc  _ReleaseFlashPump                     
0     000088e6  _ServiceDog                           
0     000088f4  _DisableDog                           
0     00008902  _InitSysPll                           
0     000089c8  _InitAuxPll                           
0     00008a90  _CsmUnlock                            
0     00008ab1  _SysIntOsc1Sel                        
0     00008abb  _SysIntOsc2Sel                        
0     00008ac5  _SysXtalOscSel                        
0     00008ad1  _AuxIntOsc2Sel                        
0     00008adb  _AuxXtalOscSel                        
0     00008ae7  _AuxAuxClkSel                         
0     00008af1  _IDLE                                 
0     00008afa  _STANDBY                              
0     00008b05  _HALT                                 
0     00008b1e  _HIB                                  
0     00008b3b  _InitGpio                             
0     00008b7b  _GPIO_SetupPinMux                     
0     00008c07  _GPIO_SetupPinOptions                 
0     00008c9b  _GPIO_SetupLock                       
0     00008cc4  _GPIO_SetupXINT1Gpio                  
0     00008cce  _GPIO_SetupXINT2Gpio                  
0     00008cd8  _GPIO_SetupXINT3Gpio                  
0     00008ce2  _GPIO_SetupXINT4Gpio                  
0     00008cec  _GPIO_SetupXINT5Gpio                  
0     00008cf6  _GPIO_EnableUnbondedIOPullupsFor176Pin
0     00008d0f  _GPIO_EnableUnbondedIOPullupsFor100Pin
0     00008d34  _GPIO_EnableUnbondedIOPullups         
0     00008d4a  _GPIO_ReadPin                         
0     00008d61  _GPIO_WritePin                        
0     0000b000  _TIMER1_ISR                           
0     0000b00d  _TIMER2_ISR                           
0     0000b01a  _DATALOG_ISR                          
0     0000b027  _RTOS_ISR                             
0     0000b034  _EMU_ISR                              
0     0000b041  _NMI_ISR                              
0     0000b04e  _ILLEGAL_ISR                          
0     0000b05b  _USER1_ISR                            
0     0000b068  _USER2_ISR                            
0     0000b075  _USER3_ISR                            
0     0000b082  _USER4_ISR                            
0     0000b08f  _USER5_ISR                            
0     0000b09c  _USER6_ISR                            
0     0000b0a9  _USER7_ISR                            
0     0000b0b6  _USER8_ISR                            
0     0000b0c3  _USER9_ISR                            
0     0000b0d0  _USER10_ISR                           
0     0000b0dd  _USER11_ISR                           
0     0000b0ea  _USER12_ISR                           
0     0000b0f7  _ADCA1_ISR                            
0     0000b104  _ADCB1_ISR                            
0     0000b111  _ADCC1_ISR                            
0     0000b11e  _XINT1_ISR                            
0     0000b12b  _XINT2_ISR                            
0     0000b138  _ADCD1_ISR                            
0     0000b145  _TIMER0_ISR                           
0     0000b152  _WAKE_ISR                             
0     0000b15f  _EPWM1_TZ_ISR                         
0     0000b16c  _EPWM2_TZ_ISR                         
0     0000b179  _EPWM3_TZ_ISR                         
0     0000b186  _EPWM4_TZ_ISR                         
0     0000b193  _EPWM5_TZ_ISR                         
0     0000b1a0  _EPWM6_TZ_ISR                         
0     0000b1ad  _EPWM7_TZ_ISR                         
0     0000b1ba  _EPWM8_TZ_ISR                         
0     0000b1c7  _EPWM1_ISR                            
0     0000b1d4  _EPWM2_ISR                            
0     0000b1e1  _EPWM3_ISR                            
0     0000b1ee  _EPWM4_ISR                            
0     0000b1fb  _EPWM5_ISR                            
0     0000b208  _EPWM6_ISR                            
0     0000b215  _EPWM7_ISR                            
0     0000b222  _EPWM8_ISR                            
0     0000b22f  _ECAP1_ISR                            
0     0000b23c  _ECAP2_ISR                            
0     0000b249  _ECAP3_ISR                            
0     0000b256  _ECAP4_ISR                            
0     0000b263  _ECAP5_ISR                            
0     0000b270  _ECAP6_ISR                            
0     0000b27d  _EQEP1_ISR                            
0     0000b28a  _EQEP2_ISR                            
0     0000b297  _EQEP3_ISR                            
0     0000b2a4  _SPIA_RX_ISR                          
0     0000b2b1  _SPIA_TX_ISR                          
0     0000b2be  _SPIB_RX_ISR                          
0     0000b2cb  _SPIB_TX_ISR                          
0     0000b2d8  _MCBSPA_RX_ISR                        
0     0000b2e5  _MCBSPA_TX_ISR                        
0     0000b2f2  _MCBSPB_RX_ISR                        
0     0000b2ff  _MCBSPB_TX_ISR                        
0     0000b30c  _DMA_CH1_ISR                          
0     0000b319  _DMA_CH2_ISR                          
0     0000b326  _DMA_CH3_ISR                          
0     0000b333  _DMA_CH4_ISR                          
0     0000b340  _DMA_CH5_ISR                          
0     0000b34d  _DMA_CH6_ISR                          
0     0000b35a  _I2CA_ISR                             
0     0000b367  _I2CA_FIFO_ISR                        
0     0000b374  _I2CB_ISR                             
0     0000b381  _I2CB_FIFO_ISR                        
0     0000b38e  _SCIC_RX_ISR                          
0     0000b39b  _SCIC_TX_ISR                          
0     0000b3a8  _SCID_RX_ISR                          
0     0000b3b5  _SCID_TX_ISR                          
0     0000b3c2  _SCIA_RX_ISR                          
0     0000b3cf  _SCIA_TX_ISR                          
0     0000b3dc  _SCIB_RX_ISR                          
0     0000b3e9  _SCIB_TX_ISR                          
0     0000b3f6  _CANA0_ISR                            
0     0000b403  _CANA1_ISR                            
0     0000b410  _CANB0_ISR                            
0     0000b41d  _CANB1_ISR                            
0     0000b42a  _ADCA_EVT_ISR                         
0     0000b437  _ADCA2_ISR                            
0     0000b444  _ADCA3_ISR                            
0     0000b451  _ADCA4_ISR                            
0     0000b45e  _ADCB_EVT_ISR                         
0     0000b46b  _ADCB2_ISR                            
0     0000b478  _ADCB3_ISR                            
0     0000b485  _ADCB4_ISR                            
0     0000b492  _CLA1_1_ISR                           
0     0000b49f  _CLA1_2_ISR                           
0     0000b4ac  _CLA1_3_ISR                           
0     0000b4b9  _CLA1_4_ISR                           
0     0000b4c6  _CLA1_5_ISR                           
0     0000b4d3  _CLA1_6_ISR                           
0     0000b4e0  _CLA1_7_ISR                           
0     0000b4ed  _CLA1_8_ISR                           
0     0000b4fa  _XINT3_ISR                            
0     0000b507  _XINT4_ISR                            
0     0000b514  _XINT5_ISR                            
0     0000b521  _VCU_ISR                              
0     0000b52e  _FPU_OVERFLOW_ISR                     
0     0000b53b  _FPU_UNDERFLOW_ISR                    
0     0000b548  _IPC0_ISR                             
0     0000b555  _IPC1_ISR                             
0     0000b562  _IPC2_ISR                             
0     0000b56f  _IPC3_ISR                             
0     0000b57c  _EPWM9_TZ_ISR                         
0     0000b589  _EPWM10_TZ_ISR                        
0     0000b596  _EPWM11_TZ_ISR                        
0     0000b5a3  _EPWM12_TZ_ISR                        
0     0000b5b0  _EPWM9_ISR                            
0     0000b5bd  _EPWM10_ISR                           
0     0000b5ca  _EPWM11_ISR                           
0     0000b5d7  _EPWM12_ISR                           
0     0000b5e4  _SD1_ISR                              
0     0000b5f1  _SD2_ISR                              
0     0000b5fe  _SPIC_RX_ISR                          
0     0000b60b  _SPIC_TX_ISR                          
0     0000b618  _UPPA_ISR                             
0     0000b625  _USBA_ISR                             
0     0000b632  _ADCC_EVT_ISR                         
0     0000b63f  _ADCC2_ISR                            
0     0000b64c  _ADCC3_ISR                            
0     0000b659  _ADCC4_ISR                            
0     0000b666  _ADCD_EVT_ISR                         
0     0000b673  _ADCD2_ISR                            
0     0000b680  _ADCD3_ISR                            
0     0000b68d  _ADCD4_ISR                            
0     0000b69a  _EMIF_ERROR_ISR                       
0     0000b6a7  _RAM_CORRECTABLE_ERROR_ISR            
0     0000b6b4  _FLASH_CORRECTABLE_ERROR_ISR          
0     0000b6c1  _RAM_ACCESS_VIOLATION_ISR             
0     0000b6ce  _SYS_PLL_SLIP_ISR                     
0     0000b6db  _AUX_PLL_SLIP_ISR                     
0     0000b6e8  _CLA_OVERFLOW_ISR                     
0     0000b6f5  _CLA_UNDERFLOW_ISR                    
0     0000b702  _PIE_RESERVED_ISR                     
0     0000b70f  _EMPTY_ISR                            
0     0000b71c  _NOTUSED_ISR                          
1     00000002  __cla_DCL_runPIc_sp                   
1     00000400  __stack                               
1     00000500  __STACK_END                           
1     00000b00  _AdcaResultRegs                       
1     00000b20  _AdcbResultRegs                       
1     00000b40  _AdccResultRegs                       
1     00000b60  _AdcdResultRegs                       
1     00000c00  _CpuTimer0Regs                        
1     00000c08  _CpuTimer1Regs                        
1     00000c10  _CpuTimer2Regs                        
1     00000ce0  _PieCtrlRegs                          
1     00000d00  _EmuKey                               
1     00000d00  _PieVectTable                         
1     00000d01  _EmuBMode                             
1     00001000  _DmaRegs                              
1     00001400  _Cla1Regs                             
1     00004000  _EPwm1Regs                            
1     00004100  _EPwm2Regs                            
1     00004200  _EPwm3Regs                            
1     00004300  _EPwm4Regs                            
1     00004400  _EPwm5Regs                            
1     00004500  _EPwm6Regs                            
1     00004600  _EPwm7Regs                            
1     00004700  _EPwm8Regs                            
1     00004800  _EPwm9Regs                            
1     00004900  _EPwm10Regs                           
1     00004a00  _EPwm11Regs                           
1     00004b00  _EPwm12Regs                           
1     00005000  _ECap1Regs                            
1     00005020  _ECap2Regs                            
1     00005040  _ECap3Regs                            
1     00005060  _ECap4Regs                            
1     00005080  _ECap5Regs                            
1     000050a0  _ECap6Regs                            
1     00005100  _EQep1Regs                            
1     00005140  _EQep2Regs                            
1     00005180  _EQep3Regs                            
1     00005c00  _DacaRegs                             
1     00005c10  _DacbRegs                             
1     00005c20  _DaccRegs                             
1     00005c80  _Cmpss1Regs                           
1     00005ca0  _Cmpss2Regs                           
1     00005cc0  _Cmpss3Regs                           
1     00005ce0  _Cmpss4Regs                           
1     00005d00  _Cmpss5Regs                           
1     00005d20  _Cmpss6Regs                           
1     00005d40  _Cmpss7Regs                           
1     00005d60  _Cmpss8Regs                           
1     00005e00  _Sdfm1Regs                            
1     00005e80  _Sdfm2Regs                            
1     00006000  _McbspaRegs                           
1     00006040  _McbspbRegs                           
1     00006100  _SpiaRegs                             
1     00006110  _SpibRegs                             
1     00006120  _SpicRegs                             
1     00006200  _UppRegs                              
1     00007000  _WdRegs                               
1     00007060  _NmiIntruptRegs                       
1     00007070  _XintRegs                             
1     00007200  _SciaRegs                             
1     00007210  _ScibRegs                             
1     00007220  _ScicRegs                             
1     00007230  _ScidRegs                             
1     00007300  _I2caRegs                             
1     00007340  _I2cbRegs                             
1     00007400  _AdcaRegs                             
1     00007480  _AdcbRegs                             
1     00007500  _AdccRegs                             
1     00007580  _AdcdRegs                             
1     00007900  _InputXbarRegs                        
1     00007920  _XbarRegs                             
1     00007940  _SyncSocRegs                          
1     00007980  _DmaClaSrcSelRegs                     
1     00007a00  _EPwmXbarRegs                         
1     00007a80  _OutputXbarRegs                       
1     00007c00  _GpioCtrlRegs                         
1     00007f00  _GpioDataRegs                         
1     0000a800  _PieVectTableInit                     
1     0000a9c0  _CTR_STT                              
1     0000a9c1  _PRE_CTR_STT                          
1     0000a9c2  _count                                
1     0000a9c4  _ILmeas                               
1     0000a9c6  _IBATmeas                             
1     0000a9c8  _VACmeas                              
1     0000a9ca  _VPFCmeas                             
1     0000a9cc  _VBATmeas                             
1     0000a9ce  _VACpeak                              
1     0000a9d0  _VACrms                               
1     0000a9d2  _sumVAC                               
1     0000a9d4  _VAC                                  
1     0000a9d6  _VPFC                                 
1     0000a9d8  _VPFCavg                              
1     0000a9da  _sumVPFC                              
1     0000a9dc  _VBAT                                 
1     0000a9de  _VBATavg                              
1     0000a9e0  _sumVBAT                              
1     0000a9e2  _IBAT                                 
1     0000a9e4  _IBATavg                              
1     0000a9e6  _sumIBAT                              
1     0000a9e8  _IL                                   
1     0000a9ea  _ILavg                                
1     0000a9ec  _sumIL                                
1     0000a9ee  _BAT_OUT                              
1     0000a9f0  _PFC1_OUT                             
1     0000a9f2  _PFC2_OUT                             
1     0000a9f4  _mVBATavg                             
1     0000aa00  _mVPFCavg                             
1     0000aa0a  _mIBATavg                             
1     0000aa14  _BATTERY_CV                           
1     0000aa20  _BATTERY_CC                           
1     0000aa2c  _PFC1                                 
1     0000aa40  _PFC2                                 
1     0000aa4c  _CpuTimer0                            
1     0000aa54  _CpuTimer1                            
1     0000aa5c  _CpuTimer2                            
1     0000aa64  ___TI_enable_exit_profile_output      
1     0000aa66  ___TI_cleanup_ptr                     
1     0000aa68  ___TI_dtors_ptr                       
1     0000aa6a  __lock                                
1     0000aa6c  __unlock                              
1     00047000  _Emif1Regs                            
1     00047800  _Emif2Regs                            
1     00048000  _CanaRegs                             
1     0004a000  _CanbRegs                             
1     00050000  _IpcRegs                              
1     00050024  _FlashPumpSemaphoreRegs               
1     0005d000  _DevCfgRegs                           
1     0005d180  _AnalogSubsysRegs                     
1     0005d200  _ClkCfgRegs                           
1     0005d300  _CpuSysRegs                           
1     0005e608  _RomPrefetchRegs                      
1     0005f000  _DcsmZ1Regs                           
1     0005f040  _DcsmZ2Regs                           
1     0005f070  _DcsmCommonRegs                       
1     0005f400  _MemCfgRegs                           
1     0005f480  _Emif1ConfigRegs                      
1     0005f4a0  _Emif2ConfigRegs                      
1     0005f4c0  _AccessProtectionRegs                 
1     0005f500  _MemoryErrorRegs                      
1     0005f540  _RomWaitStateRegs                     
1     0005f800  _Flash0CtrlRegs                       
1     0005fb00  _Flash0EccRegs                        
1     00078000  _DcsmZ1Otp                            
1     00078200  _DcsmZ2Otp                            
abs   00000100  __STACK_SIZE                          
abs   ffffffff  .text                                 
abs   ffffffff  ___TI_pprof_out_hndl                  
abs   ffffffff  ___TI_prof_data_size                  
abs   ffffffff  ___TI_prof_data_start                 
abs   ffffffff  ___binit__                            
abs   ffffffff  ___c_args__                           
abs   ffffffff  ___etext__                            
abs   ffffffff  ___pinit__                            
abs   ffffffff  ___text__                             
abs   ffffffff  binit                                 
abs   ffffffff  etext                                 
abs   ffffffff  pinit                                 

[378 symbols]
