Archive member included to satisfy reference by file (symbol)

C:/ST/STM32CubeIDE_1.13.2/STM32CubeIDE/plugins/com.st.stm32cube.ide.mcu.externaltools.gnu-tools-for-stm32.11.3.rel1.win32_1.1.1.202309131626/tools/bin/../lib/gcc/arm-none-eabi/11.3.1/../../../../arm-none-eabi/lib/thumb/v7e-m+dp/hard\libc_nano.a(libc_a-exit.o)
                              C:/ST/STM32CubeIDE_1.13.2/STM32CubeIDE/plugins/com.st.stm32cube.ide.mcu.externaltools.gnu-tools-for-stm32.11.3.rel1.win32_1.1.1.202309131626/tools/bin/../lib/gcc/arm-none-eabi/11.3.1/../../../../arm-none-eabi/lib/thumb/v7e-m+dp/hard/crt0.o (exit)
C:/ST/STM32CubeIDE_1.13.2/STM32CubeIDE/plugins/com.st.stm32cube.ide.mcu.externaltools.gnu-tools-for-stm32.11.3.rel1.win32_1.1.1.202309131626/tools/bin/../lib/gcc/arm-none-eabi/11.3.1/../../../../arm-none-eabi/lib/thumb/v7e-m+dp/hard\libc_nano.a(libc_a-findfp.o)
                              C:/ST/STM32CubeIDE_1.13.2/STM32CubeIDE/plugins/com.st.stm32cube.ide.mcu.externaltools.gnu-tools-for-stm32.11.3.rel1.win32_1.1.1.202309131626/tools/bin/../lib/gcc/arm-none-eabi/11.3.1/../../../../arm-none-eabi/lib/thumb/v7e-m+dp/hard\libc_nano.a(libc_a-exit.o) (__stdio_exit_handler)
C:/ST/STM32CubeIDE_1.13.2/STM32CubeIDE/plugins/com.st.stm32cube.ide.mcu.externaltools.gnu-tools-for-stm32.11.3.rel1.win32_1.1.1.202309131626/tools/bin/../lib/gcc/arm-none-eabi/11.3.1/../../../../arm-none-eabi/lib/thumb/v7e-m+dp/hard\libc_nano.a(libc_a-fwalk.o)
                              C:/ST/STM32CubeIDE_1.13.2/STM32CubeIDE/plugins/com.st.stm32cube.ide.mcu.externaltools.gnu-tools-for-stm32.11.3.rel1.win32_1.1.1.202309131626/tools/bin/../lib/gcc/arm-none-eabi/11.3.1/../../../../arm-none-eabi/lib/thumb/v7e-m+dp/hard\libc_nano.a(libc_a-findfp.o) (_fwalk_sglue)
C:/ST/STM32CubeIDE_1.13.2/STM32CubeIDE/plugins/com.st.stm32cube.ide.mcu.externaltools.gnu-tools-for-stm32.11.3.rel1.win32_1.1.1.202309131626/tools/bin/../lib/gcc/arm-none-eabi/11.3.1/../../../../arm-none-eabi/lib/thumb/v7e-m+dp/hard\libc_nano.a(libc_a-sprintf.o)
                              ./Drivers/BSP/ST7735/lcd.o (sprintf)
C:/ST/STM32CubeIDE_1.13.2/STM32CubeIDE/plugins/com.st.stm32cube.ide.mcu.externaltools.gnu-tools-for-stm32.11.3.rel1.win32_1.1.1.202309131626/tools/bin/../lib/gcc/arm-none-eabi/11.3.1/../../../../arm-none-eabi/lib/thumb/v7e-m+dp/hard\libc_nano.a(libc_a-stdio.o)
                              C:/ST/STM32CubeIDE_1.13.2/STM32CubeIDE/plugins/com.st.stm32cube.ide.mcu.externaltools.gnu-tools-for-stm32.11.3.rel1.win32_1.1.1.202309131626/tools/bin/../lib/gcc/arm-none-eabi/11.3.1/../../../../arm-none-eabi/lib/thumb/v7e-m+dp/hard\libc_nano.a(libc_a-findfp.o) (__sread)
C:/ST/STM32CubeIDE_1.13.2/STM32CubeIDE/plugins/com.st.stm32cube.ide.mcu.externaltools.gnu-tools-for-stm32.11.3.rel1.win32_1.1.1.202309131626/tools/bin/../lib/gcc/arm-none-eabi/11.3.1/../../../../arm-none-eabi/lib/thumb/v7e-m+dp/hard\libc_nano.a(libc_a-memset.o)
                              C:/ST/STM32CubeIDE_1.13.2/STM32CubeIDE/plugins/com.st.stm32cube.ide.mcu.externaltools.gnu-tools-for-stm32.11.3.rel1.win32_1.1.1.202309131626/tools/bin/../lib/gcc/arm-none-eabi/11.3.1/../../../../arm-none-eabi/lib/thumb/v7e-m+dp/hard/crt0.o (memset)
C:/ST/STM32CubeIDE_1.13.2/STM32CubeIDE/plugins/com.st.stm32cube.ide.mcu.externaltools.gnu-tools-for-stm32.11.3.rel1.win32_1.1.1.202309131626/tools/bin/../lib/gcc/arm-none-eabi/11.3.1/../../../../arm-none-eabi/lib/thumb/v7e-m+dp/hard\libc_nano.a(libc_a-closer.o)
                              C:/ST/STM32CubeIDE_1.13.2/STM32CubeIDE/plugins/com.st.stm32cube.ide.mcu.externaltools.gnu-tools-for-stm32.11.3.rel1.win32_1.1.1.202309131626/tools/bin/../lib/gcc/arm-none-eabi/11.3.1/../../../../arm-none-eabi/lib/thumb/v7e-m+dp/hard\libc_nano.a(libc_a-stdio.o) (_close_r)
C:/ST/STM32CubeIDE_1.13.2/STM32CubeIDE/plugins/com.st.stm32cube.ide.mcu.externaltools.gnu-tools-for-stm32.11.3.rel1.win32_1.1.1.202309131626/tools/bin/../lib/gcc/arm-none-eabi/11.3.1/../../../../arm-none-eabi/lib/thumb/v7e-m+dp/hard\libc_nano.a(libc_a-reent.o)
                              C:/ST/STM32CubeIDE_1.13.2/STM32CubeIDE/plugins/com.st.stm32cube.ide.mcu.externaltools.gnu-tools-for-stm32.11.3.rel1.win32_1.1.1.202309131626/tools/bin/../lib/gcc/arm-none-eabi/11.3.1/../../../../arm-none-eabi/lib/thumb/v7e-m+dp/hard\libc_nano.a(libc_a-closer.o) (errno)
C:/ST/STM32CubeIDE_1.13.2/STM32CubeIDE/plugins/com.st.stm32cube.ide.mcu.externaltools.gnu-tools-for-stm32.11.3.rel1.win32_1.1.1.202309131626/tools/bin/../lib/gcc/arm-none-eabi/11.3.1/../../../../arm-none-eabi/lib/thumb/v7e-m+dp/hard\libc_nano.a(libc_a-impure.o)
                              C:/ST/STM32CubeIDE_1.13.2/STM32CubeIDE/plugins/com.st.stm32cube.ide.mcu.externaltools.gnu-tools-for-stm32.11.3.rel1.win32_1.1.1.202309131626/tools/bin/../lib/gcc/arm-none-eabi/11.3.1/../../../../arm-none-eabi/lib/thumb/v7e-m+dp/hard\libc_nano.a(libc_a-sprintf.o) (_impure_ptr)
[...]
Memory Configuration

Name             Origin             Length             Attributes
FLASH            0x0000000008000000 0x0000000000200000 xr
DTCMRAM          0x0000000020000000 0x0000000000020000 xrw
RAM_D1           0x0000000024000000 0x0000000000080000 xrw
RAM_D2           0x0000000030000000 0x0000000000048000 xrw
RAM_D3           0x0000000038000000 0x0000000000010000 xrw
ITCMRAM          0x0000000000000000 0x0000000000010000 xrw
*default*        0x0000000000000000 0xffffffffffffffff

Linker script and memory map

LOAD C:/ST/STM32CubeIDE_1.13.2/STM32CubeIDE/plugins/com.st.stm32cube.ide.mcu.externaltools.gnu-tools-for-stm32.11.3.rel1.win32_1.1.1.202309131626/tools/bin/../lib/gcc/arm-none-eabi/11.3.1/thumb/v7e-m+dp/hard/crti.o
LOAD C:/ST/STM32CubeIDE_1.13.2/STM32CubeIDE/plugins/com.st.stm32cube.ide.mcu.externaltools.gnu-tools-for-stm32.11.3.rel1.win32_1.1.1.202309131626/tools/bin/../lib/gcc/arm-none-eabi/11.3.1/thumb/v7e-m+dp/hard/crtbegin.o
LOAD C:/ST/STM32CubeIDE_1.13.2/STM32CubeIDE/plugins/com.st.stm32cube.ide.mcu.externaltools.gnu-tools-for-stm32.11.3.rel1.win32_1.1.1.202309131626/tools/bin/../lib/gcc/arm-none-eabi/11.3.1/../../../../arm-none-eabi/lib/thumb/v7e-m+dp/hard/crt0.o
LOAD ./Core/Src/debug.o
LOAD ./Core/Src/gpio.o
LOAD ./Core/Src/main.o
LOAD ./Core/Src/rtc.o
LOAD ./Core/Src/spi.o
LOAD ./Core/Src/stm32h7xx_hal_msp.o
LOAD ./Core/Src/stm32h7xx_it.o
LOAD ./Core/Src/syscalls.o
LOAD ./Core/Src/sysmem.o
LOAD ./Core/Src/system_stm32h7xx.o
LOAD ./Core/Src/tim.o
LOAD ./Core/Startup/startup_stm32h743vitx.o
LOAD ./Drivers/BSP/ST7735/lcd.o
LOAD ./Drivers/BSP/ST7735/logo_128_160.o
LOAD ./Drivers/BSP/ST7735/logo_160_80.o
LOAD ./Drivers/BSP/ST7735/st7735.o
LOAD ./Drivers/BSP/ST7735/st7735_reg.o
LOAD ./Drivers/STM32H7xx_HAL_Driver/Src/stm32h7xx_hal.o
LOAD ./Drivers/STM32H7xx_HAL_Driver/Src/stm32h7xx_hal_cortex.o
LOAD ./Drivers/STM32H7xx_HAL_Driver/Src/stm32h7xx_hal_dma.o
LOAD ./Drivers/STM32H7xx_HAL_Driver/Src/stm32h7xx_hal_dma_ex.o
LOAD ./Drivers/STM32H7xx_HAL_Driver/Src/stm32h7xx_hal_exti.o
LOAD ./Drivers/STM32H7xx_HAL_Driver/Src/stm32h7xx_hal_flash.o
LOAD ./Drivers/STM32H7xx_HAL_Driver/Src/stm32h7xx_hal_flash_ex.o
LOAD ./Drivers/STM32H7xx_HAL_Driver/Src/stm32h7xx_hal_gpio.o
LOAD ./Drivers/STM32H7xx_HAL_Driver/Src/stm32h7xx_hal_hsem.o
LOAD ./Drivers/STM32H7xx_HAL_Driver/Src/stm32h7xx_hal_i2c.o
LOAD ./Drivers/STM32H7xx_HAL_Driver/Src/stm32h7xx_hal_i2c_ex.o
LOAD ./Drivers/STM32H7xx_HAL_Driver/Src/stm32h7xx_hal_mdma.o
LOAD ./Drivers/STM32H7xx_HAL_Driver/Src/stm32h7xx_hal_pwr.o
LOAD ./Drivers/STM32H7xx_HAL_Driver/Src/stm32h7xx_hal_pwr_ex.o
LOAD ./Drivers/STM32H7xx_HAL_Driver/Src/stm32h7xx_hal_rcc.o
LOAD ./Drivers/STM32H7xx_HAL_Driver/Src/stm32h7xx_hal_rcc_ex.o
LOAD ./Drivers/STM32H7xx_HAL_Driver/Src/stm32h7xx_hal_rtc.o
LOAD ./Drivers/STM32H7xx_HAL_Driver/Src/stm32h7xx_hal_rtc_ex.o
LOAD ./Drivers/STM32H7xx_HAL_Driver/Src/stm32h7xx_hal_spi.o
LOAD ./Drivers/STM32H7xx_HAL_Driver/Src/stm32h7xx_hal_spi_ex.o
LOAD ./Drivers/STM32H7xx_HAL_Driver/Src/stm32h7xx_hal_tim.o
LOAD ./Drivers/STM32H7xx_HAL_Driver/Src/stm32h7xx_hal_tim_ex.o
START GROUP
LOAD C:/ST/STM32CubeIDE_1.13.2/STM32CubeIDE/plugins/com.st.stm32cube.ide.mcu.externaltools.gnu-tools-for-stm32.11.3.rel1.win32_1.1.1.202309131626/tools/bin/../lib/gcc/arm-none-eabi/11.3.1/../../../../arm-none-eabi/lib/thumb/v7e-m+dp/hard\libc_nano.a
LOAD C:/ST/STM32CubeIDE_1.13.2/STM32CubeIDE/plugins/com.st.stm32cube.ide.mcu.externaltools.gnu-tools-for-stm32.11.3.rel1.win32_1.1.1.202309131626/tools/bin/../lib/gcc/arm-none-eabi/11.3.1/../../../../arm-none-eabi/lib/thumb/v7e-m+dp/hard\libm.a
END GROUP
START GROUP
LOAD C:/ST/STM32CubeIDE_1.13.2/STM32CubeIDE/plugins/com.st.stm32cube.ide.mcu.externaltools.gnu-tools-for-stm32.11.3.rel1.win32_1.1.1.202309131626/tools/bin/../lib/gcc/arm-none-eabi/11.3.1/thumb/v7e-m+dp/hard\libgcc.a
LOAD C:/ST/STM32CubeIDE_1.13.2/STM32CubeIDE/plugins/com.st.stm32cube.ide.mcu.externaltools.gnu-tools-for-stm32.11.3.rel1.win32_1.1.1.202309131626/tools/bin/../lib/gcc/arm-none-eabi/11.3.1/../../../../arm-none-eabi/lib/thumb/v7e-m+dp/hard\libc_nano.a
END GROUP
START GROUP
LOAD C:/ST/STM32CubeIDE_1.13.2/STM32CubeIDE/plugins/com.st.stm32cube.ide.mcu.externaltools.gnu-tools-for-stm32.11.3.rel1.win32_1.1.1.202309131626/tools/bin/../lib/gcc/arm-none-eabi/11.3.1/thumb/v7e-m+dp/hard\libgcc.a
LOAD C:/ST/STM32CubeIDE_1.13.2/STM32CubeIDE/plugins/com.st.stm32cube.ide.mcu.externaltools.gnu-tools-for-stm32.11.3.rel1.win32_1.1.1.202309131626/tools/bin/../lib/gcc/arm-none-eabi/11.3.1/../../../../arm-none-eabi/lib/thumb/v7e-m+dp/hard\libc_nano.a
LOAD C:/ST/STM32CubeIDE_1.13.2/STM32CubeIDE/plugins/com.st.stm32cube.ide.mcu.externaltools.gnu-tools-for-stm32.11.3.rel1.win32_1.1.1.202309131626/tools/bin/../lib/gcc/arm-none-eabi/11.3.1/../../../../arm-none-eabi/lib/thumb/v7e-m+dp/hard\libnosys.a
END GROUP
START GROUP
LOAD C:/ST/STM32CubeIDE_1.13.2/STM32CubeIDE/plugins/com.st.stm32cube.ide.mcu.externaltools.gnu-tools-for-stm32.11.3.rel1.win32_1.1.1.202309131626/tools/bin/../lib/gcc/arm-none-eabi/11.3.1/thumb/v7e-m+dp/hard\libgcc.a
LOAD C:/ST/STM32CubeIDE_1.13.2/STM32CubeIDE/plugins/com.st.stm32cube.ide.mcu.externaltools.gnu-tools-for-stm32.11.3.rel1.win32_1.1.1.202309131626/tools/bin/../lib/gcc/arm-none-eabi/11.3.1/../../../../arm-none-eabi/lib/thumb/v7e-m+dp/hard\libc_nano.a
LOAD C:/ST/STM32CubeIDE_1.13.2/STM32CubeIDE/plugins/com.st.stm32cube.ide.mcu.externaltools.gnu-tools-for-stm32.11.3.rel1.win32_1.1.1.202309131626/tools/bin/../lib/gcc/arm-none-eabi/11.3.1/../../../../arm-none-eabi/lib/thumb/v7e-m+dp/hard\libnosys.a
END GROUP
LOAD C:/ST/STM32CubeIDE_1.13.2/STM32CubeIDE/plugins/com.st.stm32cube.ide.mcu.externaltools.gnu-tools-for-stm32.11.3.rel1.win32_1.1.1.202309131626/tools/bin/../lib/gcc/arm-none-eabi/11.3.1/thumb/v7e-m+dp/hard/crtend.o
LOAD C:/ST/STM32CubeIDE_1.13.2/STM32CubeIDE/plugins/com.st.stm32cube.ide.mcu.externaltools.gnu-tools-for-stm32.11.3.rel1.win32_1.1.1.202309131626/tools/bin/../lib/gcc/arm-none-eabi/11.3.1/thumb/v7e-m+dp/hard/crtn.o
                0x0000000024080000                _estack = (ORIGIN (RAM_D1) + LENGTH (RAM_D1))
                0x0000000000000200                _Min_Heap_Size = 0x200
                0x0000000000000400                _Min_Stack_Size = 0x400

.isr_vector     0x0000000008000000      0x298
                0x0000000008000000                . = ALIGN (0x4)
 *(.isr_vector)
 .isr_vector    0x0000000008000000      0x298 ./Core/Startup/startup_stm32h743vitx.o
                0x0000000008000000                g_pfnVectors
                0x0000000008000298                . = ALIGN (0x4)

.text           0x00000000080002a0     0x9140
                0x00000000080002a0                . = ALIGN (0x4)
 *(.text)
 .text          0x00000000080002a0       0x40 C:/ST/STM32CubeIDE_1.13.2/STM32CubeIDE/plugins/com.st.stm32cube.ide.mcu.externaltools.gnu-tools-for-stm32.11.3.rel1.win32_1.1.1.202309131626/tools/bin/../lib/gcc/arm-none-eabi/11.3.1/thumb/v7e-m+dp/hard/crtbegin.o
 .text          0x00000000080002e0       0xa0 C:/ST/STM32CubeIDE_1.13.2/STM32CubeIDE/plugins/com.st.stm32cube.ide.mcu.externaltools.gnu-tools-for-stm32.11.3.rel1.win32_1.1.1.202309131626/tools/bin/../lib/gcc/arm-none-eabi/11.3.1/../../../../arm-none-eabi/lib/thumb/v7e-m+dp/hard\libc_nano.a(libc_a-memchr.o)
                0x00000000080002e0                memchr
 *(.text*)
 .text.MX_GPIO_Init
                0x0000000008000380      0x10c ./Core/Src/gpio.o
                0x0000000008000380                MX_GPIO_Init
 .text.MPU_Config
                0x000000000800048c       0x90 ./Core/Src/main.o
 .text.CPU_CACHE_Enable
                0x000000000800051c       0xdc ./Core/Src/main.o
 .text.LED_Blink
                0x00000000080005f8       0x40 ./Core/Src/main.o
 .text.RTC_CalendarShow
                0x0000000008000638       0x2c ./Core/Src/main.o
 *fill*         0x0000000008000664        0x4 
 .text.main     0x0000000008000668      0x14c ./Core/Src/main.o
                0x0000000008000668                main
 .text.SystemClock_Config
                0x00000000080007b4      0x110 ./Core/Src/main.o
                0x00000000080007b4                SystemClock_Config
 .text.Error_Handler
                0x00000000080008c4       0x14 ./Core/Src/main.o
                0x00000000080008c4                Error_Handler
 .text.MX_RTC_Init
                0x00000000080008d8      0x160 ./Core/Src/rtc.o
                0x00000000080008d8                MX_RTC_Init
 .text.HAL_RTC_MspInit
                0x0000000008000a38       0x64 ./Core/Src/rtc.o
                0x0000000008000a38                HAL_RTC_MspInit
 .text.MX_SPI4_Init
                0x0000000008000a9c       0xb0 ./Core/Src/spi.o
                0x0000000008000a9c                MX_SPI4_Init
 .text.HAL_SPI_MspInit
                0x0000000008000b4c       0xd0 ./Core/Src/spi.o
                0x0000000008000b4c                HAL_SPI_MspInit
 .text.HAL_MspInit
                0x0000000008000c1c       0x34 ./Core/Src/stm32h7xx_hal_msp.o
                0x0000000008000c1c                HAL_MspInit
 .text.NMI_Handler
                0x0000000008000c50        0xe ./Core/Src/stm32h7xx_it.o
                0x0000000008000c50                NMI_Handler
 .text.HardFault_Handler
                0x0000000008000c5e        0x6 ./Core/Src/stm32h7xx_it.o
                0x0000000008000c5e                HardFault_Handler
 .text.MemManage_Handler
                0x0000000008000c64        0x6 ./Core/Src/stm32h7xx_it.o
                0x0000000008000c64                MemManage_Handler
 .text.BusFault_Handler
                0x0000000008000c6a        0x6 ./Core/Src/stm32h7xx_it.o
                0x0000000008000c6a                BusFault_Handler
 .text.UsageFault_Handler
                0x0000000008000c70        0x6 ./Core/Src/stm32h7xx_it.o
                0x0000000008000c70                UsageFault_Handler
 .text.SVC_Handler
                0x0000000008000c76        0xe ./Core/Src/stm32h7xx_it.o
                0x0000000008000c76                SVC_Handler
 .text.DebugMon_Handler
                0x0000000008000c84        0xe ./Core/Src/stm32h7xx_it.o
                0x0000000008000c84                DebugMon_Handler
 .text.PendSV_Handler
                0x0000000008000c92        0xe ./Core/Src/stm32h7xx_it.o
                0x0000000008000c92                PendSV_Handler
 .text.SysTick_Handler
                0x0000000008000ca0        0xc ./Core/Src/stm32h7xx_it.o
                0x0000000008000ca0                SysTick_Handler
 .text._sbrk    0x0000000008000cac       0x6c ./Core/Src/sysmem.o
                0x0000000008000cac                _sbrk
 .text.SystemInit
                0x0000000008000d18       0xc4 ./Core/Src/system_stm32h7xx.o
                0x0000000008000d18                SystemInit
 .text.MX_TIM1_Init
                0x0000000008000ddc      0x120 ./Core/Src/tim.o
                0x0000000008000ddc                MX_TIM1_Init
 .text.HAL_TIM_PWM_MspInit
                0x0000000008000efc       0x44 ./Core/Src/tim.o
                0x0000000008000efc                HAL_TIM_PWM_MspInit
 .text.HAL_TIM_MspPostInit
                0x0000000008000f40       0x78 ./Core/Src/tim.o
                0x0000000008000f40                HAL_TIM_MspPostInit
 .text.Reset_Handler
                0x0000000008000fb8       0x50 ./Core/Startup/startup_stm32h743vitx.o
                0x0000000008000fb8                Reset_Handler
 .text.Default_Handler
                0x0000000008001008        0x2 ./Core/Startup/startup_stm32h743vitx.o
                0x0000000008001008                RTC_Alarm_IRQHandler
                0x0000000008001008                EXTI2_IRQHandler
                0x0000000008001008                TIM8_CC_IRQHandler
                0x0000000008001008                HRTIM1_Master_IRQHandler
                0x0000000008001008                UART8_IRQHandler
                0x0000000008001008                SPI4_IRQHandler
                0x0000000008001008                TIM1_CC_IRQHandler
                0x0000000008001008                BDMA_Channel6_IRQHandler
                0x0000000008001008                DMA2_Stream5_IRQHandler
                0x0000000008001008                HRTIM1_FLT_IRQHandler
                0x0000000008001008                JPEG_IRQHandler
                0x0000000008001008                DMA1_Stream5_IRQHandler
                0x0000000008001008                BDMA_Channel1_IRQHandler
                0x0000000008001008                HRTIM1_TIMD_IRQHandler
                0x0000000008001008                TAMP_STAMP_IRQHandler
                0x0000000008001008                EXTI3_IRQHandler
                0x0000000008001008                LPTIM4_IRQHandler
                0x0000000008001008                TIM8_TRG_COM_TIM14_IRQHandler
                0x0000000008001008                LPTIM2_IRQHandler
                0x0000000008001008                DFSDM1_FLT1_IRQHandler
                0x0000000008001008                DMAMUX2_OVR_IRQHandler
                0x0000000008001008                TIM8_UP_TIM13_IRQHandler
                0x0000000008001008                I2C3_ER_IRQHandler
                0x0000000008001008                DFSDM1_FLT2_IRQHandler
                0x0000000008001008                MDMA_IRQHandler
                0x0000000008001008                LPTIM3_IRQHandler
                0x0000000008001008                HSEM1_IRQHandler
                0x0000000008001008                EXTI0_IRQHandler
                0x0000000008001008                I2C2_EV_IRQHandler
                0x0000000008001008                DMA1_Stream2_IRQHandler
                0x0000000008001008                FPU_IRQHandler
                0x0000000008001008                OTG_HS_WKUP_IRQHandler
                0x0000000008001008                FDCAN1_IT1_IRQHandler
                0x0000000008001008                LTDC_ER_IRQHandler
                0x0000000008001008                DMA2_Stream2_IRQHandler
                0x0000000008001008                HRTIM1_TIME_IRQHandler
                0x0000000008001008                SPI1_IRQHandler
                0x0000000008001008                TIM6_DAC_IRQHandler
                0x0000000008001008                DCMI_IRQHandler
                0x0000000008001008                HRTIM1_TIMC_IRQHandler
                0x0000000008001008                DMA2_Stream3_IRQHandler
                0x0000000008001008                SAI2_IRQHandler
                0x0000000008001008                DFSDM1_FLT3_IRQHandler
                0x0000000008001008                USART6_IRQHandler
                0x0000000008001008                TIM17_IRQHandler
                0x0000000008001008                USART3_IRQHandler
                0x0000000008001008                BDMA_Channel7_IRQHandler
                0x0000000008001008                LPTIM5_IRQHandler
                0x0000000008001008                UART5_IRQHandler
                0x0000000008001008                ADC3_IRQHandler
                0x0000000008001008                DMA2_Stream0_IRQHandler
                0x0000000008001008                TIM4_IRQHandler
                0x0000000008001008                BDMA_Channel2_IRQHandler
                0x0000000008001008                QUADSPI_IRQHandler
                0x0000000008001008                I2C1_EV_IRQHandler
                0x0000000008001008                DMA1_Stream6_IRQHandler
                0x0000000008001008                DMAMUX1_OVR_IRQHandler
                0x0000000008001008                DMA1_Stream1_IRQHandler
                0x0000000008001008                TIM16_IRQHandler
                0x0000000008001008                UART4_IRQHandler
                0x0000000008001008                BDMA_Channel5_IRQHandler
                0x0000000008001008                TIM3_IRQHandler
                0x0000000008001008                RCC_IRQHandler
                0x0000000008001008                TIM8_BRK_TIM12_IRQHandler
                0x0000000008001008                TIM1_TRG_COM_IRQHandler
                0x0000000008001008                Default_Handler
                0x0000000008001008                ECC_IRQHandler
                0x0000000008001008                CEC_IRQHandler
                0x0000000008001008                EXTI15_10_IRQHandler
                0x0000000008001008                BDMA_Channel0_IRQHandler
                0x0000000008001008                ADC_IRQHandler
                0x0000000008001008                DMA1_Stream7_IRQHandler
                0x0000000008001008                HRTIM1_TIMA_IRQHandler
                0x0000000008001008                SPI5_IRQHandler
                0x0000000008001008                TIM7_IRQHandler
                0x0000000008001008                SDMMC1_IRQHandler
                0x0000000008001008                TIM5_IRQHandler
                0x0000000008001008                DMA2_Stream7_IRQHandler
                0x0000000008001008                TIM15_IRQHandler
                0x0000000008001008                PVD_AVD_IRQHandler
                0x0000000008001008                I2C3_EV_IRQHandler
                0x0000000008001008                EXTI9_5_IRQHandler
                0x0000000008001008                RTC_WKUP_IRQHandler
                0x0000000008001008                LTDC_IRQHandler
                0x0000000008001008                SAI3_IRQHandler
                0x0000000008001008                ETH_WKUP_IRQHandler
                0x0000000008001008                SPDIF_RX_IRQHandler
                0x0000000008001008                SPI2_IRQHandler
                0x0000000008001008                OTG_HS_EP1_IN_IRQHandler
                0x0000000008001008                DMA1_Stream0_IRQHandler
                0x0000000008001008                CRS_IRQHandler
                0x0000000008001008                EXTI4_IRQHandler
                0x0000000008001008                RNG_IRQHandler
                0x0000000008001008                HRTIM1_TIMB_IRQHandler
                0x0000000008001008                FDCAN2_IT1_IRQHandler
                0x0000000008001008                ETH_IRQHandler
                0x0000000008001008                TIM1_UP_IRQHandler
                0x0000000008001008                BDMA_Channel4_IRQHandler
                0x0000000008001008                OTG_HS_EP1_OUT_IRQHandler
                0x0000000008001008                WWDG_IRQHandler
                0x0000000008001008                SPI6_IRQHandler
                0x0000000008001008                MDIOS_IRQHandler
                0x0000000008001008                I2C4_EV_IRQHandler
                0x0000000008001008                FDCAN2_IT0_IRQHandler
                0x0000000008001008                LPUART1_IRQHandler
                0x0000000008001008                FDCAN1_IT0_IRQHandler
                0x0000000008001008                TIM2_IRQHandler
                0x0000000008001008                OTG_FS_WKUP_IRQHandler
                0x0000000008001008                OTG_HS_IRQHandler
                0x0000000008001008                DMA2D_IRQHandler
                0x0000000008001008                TIM1_BRK_IRQHandler
                0x0000000008001008                EXTI1_IRQHandler
                0x0000000008001008                SDMMC2_IRQHandler
                0x0000000008001008                OTG_FS_EP1_OUT_IRQHandler
                0x0000000008001008                BDMA_Channel3_IRQHandler
                0x0000000008001008                UART7_IRQHandler
                0x0000000008001008                MDIOS_WKUP_IRQHandler
                0x0000000008001008                USART2_IRQHandler
                0x0000000008001008                DFSDM1_FLT0_IRQHandler
                0x0000000008001008                SAI4_IRQHandler
                0x0000000008001008                I2C2_ER_IRQHandler
                0x0000000008001008                DMA2_Stream1_IRQHandler
                0x0000000008001008                FLASH_IRQHandler
                0x0000000008001008                DMA2_Stream4_IRQHandler
                0x0000000008001008                USART1_IRQHandler
                0x0000000008001008                OTG_FS_IRQHandler
                0x0000000008001008                SPI3_IRQHandler
                0x0000000008001008                WAKEUP_PIN_IRQHandler
                0x0000000008001008                DMA1_Stream4_IRQHandler
                0x0000000008001008                OTG_FS_EP1_IN_IRQHandler
                0x0000000008001008                I2C1_ER_IRQHandler
                0x0000000008001008                FMC_IRQHandler
                0x0000000008001008                FDCAN_CAL_IRQHandler
                0x0000000008001008                SWPMI1_IRQHandler
                0x0000000008001008                COMP1_IRQHandler
                0x0000000008001008                LPTIM1_IRQHandler
                0x0000000008001008                I2C4_ER_IRQHandler
                0x0000000008001008                DMA2_Stream6_IRQHandler
                0x0000000008001008                SAI1_IRQHandler
                0x0000000008001008                DMA1_Stream3_IRQHandler
 *fill*         0x000000000800100a        0x2 
 .text.LCD_Test
                0x000000000800100c      0x230 ./Drivers/BSP/ST7735/lcd.o
                0x000000000800100c                LCD_Test
 .text.LCD_SetBrightness
                0x000000000800123c       0x20 ./Drivers/BSP/ST7735/lcd.o
                0x000000000800123c                LCD_SetBrightness
 .text.LCD_GetBrightness
                0x000000000800125c       0x18 ./Drivers/BSP/ST7735/lcd.o
                0x000000000800125c                LCD_GetBrightness
 .text.LCD_Light
                0x0000000008001274       0xea ./Drivers/BSP/ST7735/lcd.o
                0x0000000008001274                LCD_Light
 *fill*         0x000000000800135e        0x2 
 .text.LCD_ShowChar
                0x0000000008001360      0x424 ./Drivers/BSP/ST7735/lcd.o
                0x0000000008001360                LCD_ShowChar
 .text.LCD_ShowString
                0x0000000008001784       0x9a ./Drivers/BSP/ST7735/lcd.o
                0x0000000008001784                LCD_ShowString
 *fill*         0x000000000800181e        0x2 
 .text.lcd_init
                0x0000000008001820       0x20 ./Drivers/BSP/ST7735/lcd.o
 .text.lcd_gettick
                0x0000000008001840        0xe ./Drivers/BSP/ST7735/lcd.o
 *fill*         0x000000000800184e        0x2 
 .text.lcd_writereg
                0x0000000008001850       0x94 ./Drivers/BSP/ST7735/lcd.o
 .text.lcd_readreg
                0x00000000080018e4       0x88 ./Drivers/BSP/ST7735/lcd.o
 .text.lcd_senddata
                0x000000000800196c       0x58 ./Drivers/BSP/ST7735/lcd.o
 .text.lcd_recvdata
                0x00000000080019c4       0x5c ./Drivers/BSP/ST7735/lcd.o
 .text.ST7735_RegisterBusIO
                0x0000000008001a20       0xa8 ./Drivers/BSP/ST7735/st7735.o
                0x0000000008001a20                ST7735_RegisterBusIO
 .text.ST7735_Init
                0x0000000008001ac8      0x77e ./Drivers/BSP/ST7735/st7735.o
                0x0000000008001ac8                ST7735_Init
 .text.ST7735_DeInit
                0x0000000008002246       0x16 ./Drivers/BSP/ST7735/st7735.o
                0x0000000008002246                ST7735_DeInit
 .text.ST7735_ReadID
                0x000000000800225c       0x8e ./Drivers/BSP/ST7735/st7735.o
                0x000000000800225c                ST7735_ReadID
 *fill*         0x00000000080022ea        0x2 
 .text.ST7735_DisplayOn
                0x00000000080022ec       0xc8 ./Drivers/BSP/ST7735/st7735.o
                0x00000000080022ec                ST7735_DisplayOn
 .text.ST7735_DisplayOff
                0x00000000080023b4       0xc8 ./Drivers/BSP/ST7735/st7735.o
                0x00000000080023b4                ST7735_DisplayOff
 .text.ST7735_SetBrightness
                0x000000000800247c       0x1a ./Drivers/BSP/ST7735/st7735.o
                0x000000000800247c                ST7735_SetBrightness
 .text.ST7735_GetBrightness
                0x0000000008002496       0x1a ./Drivers/BSP/ST7735/st7735.o
                0x0000000008002496                ST7735_GetBrightness
 .text.ST7735_SetOrientation
                0x00000000080024b0      0x11c ./Drivers/BSP/ST7735/st7735.o
                0x00000000080024b0                ST7735_SetOrientation
 .text.ST7735_GetOrientation
                0x00000000080025cc       0x24 ./Drivers/BSP/ST7735/st7735.o
                0x00000000080025cc                ST7735_GetOrientation
 .text.ST7735_SetCursor
                0x00000000080025f0      0x178 ./Drivers/BSP/ST7735/st7735.o
                0x00000000080025f0                ST7735_SetCursor
 .text.ST7735_DrawBitmap
                0x0000000008002768      0x214 ./Drivers/BSP/ST7735/st7735.o
                0x0000000008002768                ST7735_DrawBitmap
 .text.ST7735_FillRGBRect
                0x000000000800297c       0xd4 ./Drivers/BSP/ST7735/st7735.o
                0x000000000800297c                ST7735_FillRGBRect
 .text.ST7735_DrawHLine
                0x0000000008002a50       0xa0 ./Drivers/BSP/ST7735/st7735.o
                0x0000000008002a50                ST7735_DrawHLine
 .text.ST7735_DrawVLine
                0x0000000008002af0       0x68 ./Drivers/BSP/ST7735/st7735.o
                0x0000000008002af0                ST7735_DrawVLine
 .text.ST7735_FillRect
                0x0000000008002b58       0x58 ./Drivers/BSP/ST7735/st7735.o
                0x0000000008002b58                ST7735_FillRect
 .text.ST7735_SetPixel
                0x0000000008002bb0       0x88 ./Drivers/BSP/ST7735/st7735.o
                0x0000000008002bb0                ST7735_SetPixel
 .text.ST7735_GetPixel
                0x0000000008002c38       0x9e ./Drivers/BSP/ST7735/st7735.o
                0x0000000008002c38                ST7735_GetPixel
 *fill*         0x0000000008002cd6        0x2 
 .text.ST7735_GetXSize
                0x0000000008002cd8       0x24 ./Drivers/BSP/ST7735/st7735.o
                0x0000000008002cd8                ST7735_GetXSize
 .text.ST7735_GetYSize
                0x0000000008002cfc       0x24 ./Drivers/BSP/ST7735/st7735.o
                0x0000000008002cfc                ST7735_GetYSize
 .text.ST7735_SetDisplayWindow
                0x0000000008002d20      0x208 ./Drivers/BSP/ST7735/st7735.o
 .text.ST7735_ReadRegWrap
                0x0000000008002f28       0x28 ./Drivers/BSP/ST7735/st7735.o
 .text.ST7735_WriteRegWrap
                0x0000000008002f50       0x2a ./Drivers/BSP/ST7735/st7735.o
 .text.ST7735_SendDataWrap
                0x0000000008002f7a       0x24 ./Drivers/BSP/ST7735/st7735.o
 .text.ST7735_RecvDataWrap
                0x0000000008002f9e       0x24 ./Drivers/BSP/ST7735/st7735.o
 .text.ST7735_IO_Delay
                0x0000000008002fc2       0x34 ./Drivers/BSP/ST7735/st7735.o
 .text.st7735_read_reg
                0x0000000008002ff6       0x26 ./Drivers/BSP/ST7735/st7735_reg.o
                0x0000000008002ff6                st7735_read_reg
 .text.st7735_write_reg
                0x000000000800301c       0x2a ./Drivers/BSP/ST7735/st7735_reg.o
                0x000000000800301c                st7735_write_reg
 .text.st7735_send_data
                0x0000000008003046       0x24 ./Drivers/BSP/ST7735/st7735_reg.o
                0x0000000008003046                st7735_send_data
 .text.st7735_recv_data
                0x000000000800306a       0x24 ./Drivers/BSP/ST7735/st7735_reg.o
                0x000000000800306a                st7735_recv_data
 *fill*         0x000000000800308e        0x2 
 .text.HAL_Init
                0x0000000008003090       0x78 ./Drivers/STM32H7xx_HAL_Driver/Src/stm32h7xx_hal.o
                0x0000000008003090                HAL_Init
 .text.HAL_InitTick
                0x0000000008003108       0x6c ./Drivers/STM32H7xx_HAL_Driver/Src/stm32h7xx_hal.o
                0x0000000008003108                HAL_InitTick
 .text.HAL_IncTick
                0x0000000008003174       0x28 ./Drivers/STM32H7xx_HAL_Driver/Src/stm32h7xx_hal.o
                0x0000000008003174                HAL_IncTick
 .text.HAL_GetTick
                0x000000000800319c       0x18 ./Drivers/STM32H7xx_HAL_Driver/Src/stm32h7xx_hal.o
                0x000000000800319c                HAL_GetTick
 .text.HAL_Delay
                0x00000000080031b4       0x48 ./Drivers/STM32H7xx_HAL_Driver/Src/stm32h7xx_hal.o
                0x00000000080031b4                HAL_Delay
 .text.HAL_GetREVID
                0x00000000080031fc       0x18 ./Drivers/STM32H7xx_HAL_Driver/Src/stm32h7xx_hal.o
                0x00000000080031fc                HAL_GetREVID
 .text.HAL_GetDEVID
                0x0000000008003214       0x1c ./Drivers/STM32H7xx_HAL_Driver/Src/stm32h7xx_hal.o
                0x0000000008003214                HAL_GetDEVID
 .text.__NVIC_SetPriorityGrouping
                0x0000000008003230       0x48 ./Drivers/STM32H7xx_HAL_Driver/Src/stm32h7xx_hal_cortex.o
 .text.__NVIC_GetPriorityGrouping
                0x0000000008003278       0x1c ./Drivers/STM32H7xx_HAL_Driver/Src/stm32h7xx_hal_cortex.o
 .text.__NVIC_SetPriority
                0x0000000008003294       0x54 ./Drivers/STM32H7xx_HAL_Driver/Src/stm32h7xx_hal_cortex.o
 .text.NVIC_EncodePriority
                0x00000000080032e8       0x66 ./Drivers/STM32H7xx_HAL_Driver/Src/stm32h7xx_hal_cortex.o
 *fill*         0x000000000800334e        0x2 
 .text.SysTick_Config
                0x0000000008003350       0x44 ./Drivers/STM32H7xx_HAL_Driver/Src/stm32h7xx_hal_cortex.o
 .text.HAL_NVIC_SetPriorityGrouping
                0x0000000008003394       0x16 ./Drivers/STM32H7xx_HAL_Driver/Src/stm32h7xx_hal_cortex.o
                0x0000000008003394                HAL_NVIC_SetPriorityGrouping
 .text.HAL_NVIC_SetPriority
                0x00000000080033aa       0x34 ./Drivers/STM32H7xx_HAL_Driver/Src/stm32h7xx_hal_cortex.o
                0x00000000080033aa                HAL_NVIC_SetPriority
 .text.HAL_SYSTICK_Config
                0x00000000080033de       0x18 ./Drivers/STM32H7xx_HAL_Driver/Src/stm32h7xx_hal_cortex.o
                0x00000000080033de                HAL_SYSTICK_Config
 *fill*         0x00000000080033f6        0x2 
 .text.HAL_MPU_Disable
                0x00000000080033f8       0x30 ./Drivers/STM32H7xx_HAL_Driver/Src/stm32h7xx_hal_cortex.o
                0x00000000080033f8                HAL_MPU_Disable
 .text.HAL_MPU_Enable
                0x0000000008003428       0x40 ./Drivers/STM32H7xx_HAL_Driver/Src/stm32h7xx_hal_cortex.o
                0x0000000008003428                HAL_MPU_Enable
 .text.HAL_MPU_ConfigRegion
                0x0000000008003468       0x88 ./Drivers/STM32H7xx_HAL_Driver/Src/stm32h7xx_hal_cortex.o
                0x0000000008003468                HAL_MPU_ConfigRegion
 .text.HAL_GPIO_Init
                0x00000000080034f0      0x360 ./Drivers/STM32H7xx_HAL_Driver/Src/stm32h7xx_hal_gpio.o
                0x00000000080034f0                HAL_GPIO_Init
 .text.HAL_GPIO_ReadPin
                0x0000000008003850       0x30 ./Drivers/STM32H7xx_HAL_Driver/Src/stm32h7xx_hal_gpio.o
                0x0000000008003850                HAL_GPIO_ReadPin
 .text.HAL_GPIO_WritePin
                0x0000000008003880       0x32 ./Drivers/STM32H7xx_HAL_Driver/Src/stm32h7xx_hal_gpio.o
                0x0000000008003880                HAL_GPIO_WritePin
 *fill*         0x00000000080038b2        0x2 
 .text.HAL_PWR_EnableBkUpAccess
                0x00000000080038b4       0x20 ./Drivers/STM32H7xx_HAL_Driver/Src/stm32h7xx_hal_pwr.o
                0x00000000080038b4                HAL_PWR_EnableBkUpAccess
 .text.HAL_PWREx_ConfigSupply
                0x00000000080038d4       0x74 ./Drivers/STM32H7xx_HAL_Driver/Src/stm32h7xx_hal_pwr_ex.o
                0x00000000080038d4                HAL_PWREx_ConfigSupply
 .text.HAL_RCC_OscConfig
                0x0000000008003948      0x8b4 ./Drivers/STM32H7xx_HAL_Driver/Src/stm32h7xx_hal_rcc.o
                0x0000000008003948                HAL_RCC_OscConfig
 .text.HAL_RCC_ClockConfig
                0x00000000080041fc      0x36c ./Drivers/STM32H7xx_HAL_Driver/Src/stm32h7xx_hal_rcc.o
                0x00000000080041fc                HAL_RCC_ClockConfig
 .text.HAL_RCC_GetSysClockFreq
                0x0000000008004568      0x2f4 ./Drivers/STM32H7xx_HAL_Driver/Src/stm32h7xx_hal_rcc.o
                0x0000000008004568                HAL_RCC_GetSysClockFreq
 .text.HAL_RCCEx_PeriphCLKConfig
                0x000000000800485c     0x1414 ./Drivers/STM32H7xx_HAL_Driver/Src/stm32h7xx_hal_rcc_ex.o
                0x000000000800485c                HAL_RCCEx_PeriphCLKConfig
 .text.RCCEx_PLL2_Config
                0x0000000008005c70      0x164 ./Drivers/STM32H7xx_HAL_Driver/Src/stm32h7xx_hal_rcc_ex.o
 .text.RCCEx_PLL3_Config
                0x0000000008005dd4      0x164 ./Drivers/STM32H7xx_HAL_Driver/Src/stm32h7xx_hal_rcc_ex.o
 .text.HAL_RTC_Init
                0x0000000008005f38      0x104 ./Drivers/STM32H7xx_HAL_Driver/Src/stm32h7xx_hal_rtc.o
                0x0000000008005f38                HAL_RTC_Init
 .text.HAL_RTC_SetTime
                0x000000000800603c      0x13c ./Drivers/STM32H7xx_HAL_Driver/Src/stm32h7xx_hal_rtc.o
                0x000000000800603c                HAL_RTC_SetTime
 .text.HAL_RTC_GetTime
                0x0000000008006178       0xb8 ./Drivers/STM32H7xx_HAL_Driver/Src/stm32h7xx_hal_rtc.o
                0x0000000008006178                HAL_RTC_GetTime
 .text.HAL_RTC_SetDate
                0x0000000008006230      0x110 ./Drivers/STM32H7xx_HAL_Driver/Src/stm32h7xx_hal_rtc.o
                0x0000000008006230                HAL_RTC_SetDate
 .text.HAL_RTC_GetDate
                0x0000000008006340       0x9c ./Drivers/STM32H7xx_HAL_Driver/Src/stm32h7xx_hal_rtc.o
                0x0000000008006340                HAL_RTC_GetDate
 .text.HAL_RTC_WaitForSynchro
                0x00000000080063dc       0x48 ./Drivers/STM32H7xx_HAL_Driver/Src/stm32h7xx_hal_rtc.o
                0x00000000080063dc                HAL_RTC_WaitForSynchro
 .text.RTC_EnterInitMode
                0x0000000008006424       0x66 ./Drivers/STM32H7xx_HAL_Driver/Src/stm32h7xx_hal_rtc.o
                0x0000000008006424                RTC_EnterInitMode
 *fill*         0x000000000800648a        0x2 
 .text.RTC_ExitInitMode
                0x000000000800648c       0x7c ./Drivers/STM32H7xx_HAL_Driver/Src/stm32h7xx_hal_rtc.o
                0x000000000800648c                RTC_ExitInitMode
 .text.RTC_ByteToBcd2
                0x0000000008006508       0x40 ./Drivers/STM32H7xx_HAL_Driver/Src/stm32h7xx_hal_rtc.o
                0x0000000008006508                RTC_ByteToBcd2
 .text.RTC_Bcd2ToByte
                0x0000000008006548       0x34 ./Drivers/STM32H7xx_HAL_Driver/Src/stm32h7xx_hal_rtc.o
                0x0000000008006548                RTC_Bcd2ToByte
 .text.HAL_RTCEx_BKUPWrite
                0x000000000800657c       0x30 ./Drivers/STM32H7xx_HAL_Driver/Src/stm32h7xx_hal_rtc_ex.o
                0x000000000800657c                HAL_RTCEx_BKUPWrite
 .text.HAL_RTCEx_BKUPRead
                0x00000000080065ac       0x2c ./Drivers/STM32H7xx_HAL_Driver/Src/stm32h7xx_hal_rtc_ex.o
                0x00000000080065ac                HAL_RTCEx_BKUPRead
 .text.HAL_SPI_Init
                0x00000000080065d8      0x248 ./Drivers/STM32H7xx_HAL_Driver/Src/stm32h7xx_hal_spi.o
                0x00000000080065d8                HAL_SPI_Init
 .text.HAL_SPI_Transmit
                0x0000000008006820      0x3f8 ./Drivers/STM32H7xx_HAL_Driver/Src/stm32h7xx_hal_spi.o
                0x0000000008006820                HAL_SPI_Transmit
 .text.HAL_SPI_Receive
                0x0000000008006c18      0x320 ./Drivers/STM32H7xx_HAL_Driver/Src/stm32h7xx_hal_spi.o
                0x0000000008006c18                HAL_SPI_Receive
 .text.SPI_CloseTransfer
                0x0000000008006f38      0x140 ./Drivers/STM32H7xx_HAL_Driver/Src/stm32h7xx_hal_spi.o
 .text.SPI_WaitOnFlagUntilTimeout
                0x0000000008007078       0x5c ./Drivers/STM32H7xx_HAL_Driver/Src/stm32h7xx_hal_spi.o
 .text.SPI_GetPacketSize
                0x00000000080070d4       0x36 ./Drivers/STM32H7xx_HAL_Driver/Src/stm32h7xx_hal_spi.o
 .text.HAL_TIM_PWM_Init
                0x000000000800710a       0xae ./Drivers/STM32H7xx_HAL_Driver/Src/stm32h7xx_hal_tim.o
                0x000000000800710a                HAL_TIM_PWM_Init
 .text.HAL_TIM_PWM_ConfigChannel
                0x00000000080071b8      0x228 ./Drivers/STM32H7xx_HAL_Driver/Src/stm32h7xx_hal_tim.o
                0x00000000080071b8                HAL_TIM_PWM_ConfigChannel
 .text.TIM_Base_SetConfig
                0x00000000080073e0      0x134 ./Drivers/STM32H7xx_HAL_Driver/Src/stm32h7xx_hal_tim.o
                0x00000000080073e0                TIM_Base_SetConfig
 .text.TIM_OC1_SetConfig
                0x0000000008007514      0x120 ./Drivers/STM32H7xx_HAL_Driver/Src/stm32h7xx_hal_tim.o
 .text.TIM_OC2_SetConfig
                0x0000000008007634      0x114 ./Drivers/STM32H7xx_HAL_Driver/Src/stm32h7xx_hal_tim.o
                0x0000000008007634                TIM_OC2_SetConfig
 .text.TIM_OC3_SetConfig
                0x0000000008007748      0x110 ./Drivers/STM32H7xx_HAL_Driver/Src/stm32h7xx_hal_tim.o
 .text.TIM_OC4_SetConfig
                0x0000000008007858       0xd4 ./Drivers/STM32H7xx_HAL_Driver/Src/stm32h7xx_hal_tim.o
 .text.TIM_OC5_SetConfig
                0x000000000800792c       0xc8 ./Drivers/STM32H7xx_HAL_Driver/Src/stm32h7xx_hal_tim.o
 .text.TIM_OC6_SetConfig
                0x00000000080079f4       0xcc ./Drivers/STM32H7xx_HAL_Driver/Src/stm32h7xx_hal_tim.o
 .text.HAL_TIMEx_PWMN_Start
                0x0000000008007ac0      0x184 ./Drivers/STM32H7xx_HAL_Driver/Src/stm32h7xx_hal_tim_ex.o
                0x0000000008007ac0                HAL_TIMEx_PWMN_Start
 .text.HAL_TIMEx_MasterConfigSynchronization
                0x0000000008007c44      0x11c ./Drivers/STM32H7xx_HAL_Driver/Src/stm32h7xx_hal_tim_ex.o
                0x0000000008007c44                HAL_TIMEx_MasterConfigSynchronization
 .text.HAL_TIMEx_ConfigBreakDeadTime
                0x0000000008007d60       0xfc ./Drivers/STM32H7xx_HAL_Driver/Src/stm32h7xx_hal_tim_ex.o
                0x0000000008007d60                HAL_TIMEx_ConfigBreakDeadTime
 .text.TIM_CCxNChannelCmd
                0x0000000008007e5c       0x4a ./Drivers/STM32H7xx_HAL_Driver/Src/stm32h7xx_hal_tim_ex.o
 *fill*         0x0000000008007ea6        0x2 
 .text.sprintf  0x0000000008007ea8       0x40 C:/ST/STM32CubeIDE_1.13.2/STM32CubeIDE/plugins/com.st.stm32cube.ide.mcu.externaltools.gnu-tools-for-stm32.11.3.rel1.win32_1.1.1.202309131626/tools/bin/../lib/gcc/arm-none-eabi/11.3.1/../../../../arm-none-eabi/lib/thumb/v7e-m+dp/hard\libc_nano.a(libc_a-sprintf.o)
                0x0000000008007ea8                siprintf
                0x0000000008007ea8                sprintf
 .text.memset   0x0000000008007ee8       0x10 C:/ST/STM32CubeIDE_1.13.2/STM32CubeIDE/plugins/com.st.stm32cube.ide.mcu.externaltools.gnu-tools-for-stm32.11.3.rel1.win32_1.1.1.202309131626/tools/bin/../lib/gcc/arm-none-eabi/11.3.1/../../../../arm-none-eabi/lib/thumb/v7e-m+dp/hard\libc_nano.a(libc_a-memset.o)
                0x0000000008007ee8                memset
 .text.__errno  0x0000000008007ef8        0xc C:/ST/STM32CubeIDE_1.13.2/STM32CubeIDE/plugins/com.st.stm32cube.ide.mcu.externaltools.gnu-tools-for-stm32.11.3.rel1.win32_1.1.1.202309131626/tools/bin/../lib/gcc/arm-none-eabi/11.3.1/../../../../arm-none-eabi/lib/thumb/v7e-m+dp/hard\libc_nano.a(libc_a-errno.o)
                0x0000000008007ef8                __errno
 .text.__libc_init_array
                0x0000000008007f04       0x48 C:/ST/STM32CubeIDE_1.13.2/STM32CubeIDE/plugins/com.st.stm32cube.ide.mcu.externaltools.gnu-tools-for-stm32.11.3.rel1.win32_1.1.1.202309131626/tools/bin/../lib/gcc/arm-none-eabi/11.3.1/../../../../arm-none-eabi/lib/thumb/v7e-m+dp/hard\libc_nano.a(libc_a-init.o)
                0x0000000008007f04                __libc_init_array
 .text.__retarget_lock_acquire_recursive
                0x0000000008007f4c        0x2 C:/ST/STM32CubeIDE_1.13.2/STM32CubeIDE/plugins/com.st.stm32cube.ide.mcu.externaltools.gnu-tools-for-stm32.11.3.rel1.win32_1.1.1.202309131626/tools/bin/../lib/gcc/arm-none-eabi/11.3.1/../../../../arm-none-eabi/lib/thumb/v7e-m+dp/hard\libc_nano.a(libc_a-lock.o)
                0x0000000008007f4c                __retarget_lock_acquire_recursive
 .text.__retarget_lock_release_recursive
                0x0000000008007f4e        0x2 C:/ST/STM32CubeIDE_1.13.2/STM32CubeIDE/plugins/com.st.stm32cube.ide.mcu.externaltools.gnu-tools-for-stm32.11.3.rel1.win32_1.1.1.202309131626/tools/bin/../lib/gcc/arm-none-eabi/11.3.1/../../../../arm-none-eabi/lib/thumb/v7e-m+dp/hard\libc_nano.a(libc_a-lock.o)
                0x0000000008007f4e                __retarget_lock_release_recursive
 .text._free_r  0x0000000008007f50       0x98 C:/ST/STM32CubeIDE_1.13.2/STM32CubeIDE/plugins/com.st.stm32cube.ide.mcu.externaltools.gnu-tools-for-stm32.11.3.rel1.win32_1.1.1.202309131626/tools/bin/../lib/gcc/arm-none-eabi/11.3.1/../../../../arm-none-eabi/lib/thumb/v7e-m+dp/hard\libc_nano.a(libc_a-freer.o)
                0x0000000008007f50                _free_r
 .text.sbrk_aligned
                0x0000000008007fe8       0x40 C:/ST/STM32CubeIDE_1.13.2/STM32CubeIDE/plugins/com.st.stm32cube.ide.mcu.externaltools.gnu-tools-for-stm32.11.3.rel1.win32_1.1.1.202309131626/tools/bin/../lib/gcc/arm-none-eabi/11.3.1/../../../../arm-none-eabi/lib/thumb/v7e-m+dp/hard\libc_nano.a(libc_a-mallocr.o)
 .text._malloc_r
                0x0000000008008028      0x100 C:/ST/STM32CubeIDE_1.13.2/STM32CubeIDE/plugins/com.st.stm32cube.ide.mcu.externaltools.gnu-tools-for-stm32.11.3.rel1.win32_1.1.1.202309131626/tools/bin/../lib/gcc/arm-none-eabi/11.3.1/../../../../arm-none-eabi/lib/thumb/v7e-m+dp/hard\libc_nano.a(libc_a-mallocr.o)
                0x0000000008008028                _malloc_r
 .text.__malloc_lock
                0x0000000008008128        0xc C:/ST/STM32CubeIDE_1.13.2/STM32CubeIDE/plugins/com.st.stm32cube.ide.mcu.externaltools.gnu-tools-for-stm32.11.3.rel1.win32_1.1.1.202309131626/tools/bin/../lib/gcc/arm-none-eabi/11.3.1/../../../../arm-none-eabi/lib/thumb/v7e-m+dp/hard\libc_nano.a(libc_a-mlock.o)
                0x0000000008008128                __malloc_lock
 .text.__malloc_unlock
                0x0000000008008134        0xc C:/ST/STM32CubeIDE_1.13.2/STM32CubeIDE/plugins/com.st.stm32cube.ide.mcu.externaltools.gnu-tools-for-stm32.11.3.rel1.win32_1.1.1.202309131626/tools/bin/../lib/gcc/arm-none-eabi/11.3.1/../../../../arm-none-eabi/lib/thumb/v7e-m+dp/hard\libc_nano.a(libc_a-mlock.o)
                0x0000000008008134                __malloc_unlock
 .text.__ssputs_r
                0x0000000008008140       0xb4 C:/ST/STM32CubeIDE_1.13.2/STM32CubeIDE/plugins/com.st.stm32cube.ide.mcu.externaltools.gnu-tools-for-stm32.11.3.rel1.win32_1.1.1.202309131626/tools/bin/../lib/gcc/arm-none-eabi/11.3.1/../../../../arm-none-eabi/lib/thumb/v7e-m+dp/hard\libc_nano.a(libc_a-nano-svfprintf.o)
                0x0000000008008140                __ssputs_r
 .text._svfprintf_r
                0x00000000080081f4      0x1fc C:/ST/STM32CubeIDE_1.13.2/STM32CubeIDE/plugins/com.st.stm32cube.ide.mcu.externaltools.gnu-tools-for-stm32.11.3.rel1.win32_1.1.1.202309131626/tools/bin/../lib/gcc/arm-none-eabi/11.3.1/../../../../arm-none-eabi/lib/thumb/v7e-m+dp/hard\libc_nano.a(libc_a-nano-svfprintf.o)
                0x00000000080081f4                _svfiprintf_r
                0x00000000080081f4                _svfprintf_r
 .text._printf_common
                0x00000000080083f0       0xda C:/ST/STM32CubeIDE_1.13.2/STM32CubeIDE/plugins/com.st.stm32cube.ide.mcu.externaltools.gnu-tools-for-stm32.11.3.rel1.win32_1.1.1.202309131626/tools/bin/../lib/gcc/arm-none-eabi/11.3.1/../../../../arm-none-eabi/lib/thumb/v7e-m+dp/hard\libc_nano.a(libc_a-nano-vfprintf_i.o)
                0x00000000080083f0                _printf_common
 *fill*         0x00000000080084ca        0x2 
 .text._printf_i
                0x00000000080084cc      0x244 C:/ST/STM32CubeIDE_1.13.2/STM32CubeIDE/plugins/com.st.stm32cube.ide.mcu.externaltools.gnu-tools-for-stm32.11.3.rel1.win32_1.1.1.202309131626/tools/bin/../lib/gcc/arm-none-eabi/11.3.1/../../../../arm-none-eabi/lib/thumb/v7e-m+dp/hard\libc_nano.a(libc_a-nano-vfprintf_i.o)
                0x00000000080084cc                _printf_i
 .text.memmove  0x0000000008008710       0x34 C:/ST/STM32CubeIDE_1.13.2/STM32CubeIDE/plugins/com.st.stm32cube.ide.mcu.externaltools.gnu-tools-for-stm32.11.3.rel1.win32_1.1.1.202309131626/tools/bin/../lib/gcc/arm-none-eabi/11.3.1/../../../../arm-none-eabi/lib/thumb/v7e-m+dp/hard\libc_nano.a(libc_a-memmove.o)
                0x0000000008008710                memmove
 .text._sbrk_r  0x0000000008008744       0x20 C:/ST/STM32CubeIDE_1.13.2/STM32CubeIDE/plugins/com.st.stm32cube.ide.mcu.externaltools.gnu-tools-for-stm32.11.3.rel1.win32_1.1.1.202309131626/tools/bin/../lib/gcc/arm-none-eabi/11.3.1/../../../../arm-none-eabi/lib/thumb/v7e-m+dp/hard\libc_nano.a(libc_a-sbrkr.o)
                0x0000000008008744                _sbrk_r
 .text.memcpy   0x0000000008008764       0x1c C:/ST/STM32CubeIDE_1.13.2/STM32CubeIDE/plugins/com.st.stm32cube.ide.mcu.externaltools.gnu-tools-for-stm32.11.3.rel1.win32_1.1.1.202309131626/tools/bin/../lib/gcc/arm-none-eabi/11.3.1/../../../../arm-none-eabi/lib/thumb/v7e-m+dp/hard\libc_nano.a(libc_a-memcpy-stub.o)
                0x0000000008008764                memcpy
 .text._realloc_r
                0x0000000008008780       0x5e C:/ST/STM32CubeIDE_1.13.2/STM32CubeIDE/plugins/com.st.stm32cube.ide.mcu.externaltools.gnu-tools-for-stm32.11.3.rel1.win32_1.1.1.202309131626/tools/bin/../lib/gcc/arm-none-eabi/11.3.1/../../../../arm-none-eabi/lib/thumb/v7e-m+dp/hard\libc_nano.a(libc_a-reallocr.o)
                0x0000000008008780                _realloc_r
 .text._malloc_usable_size_r
                0x00000000080087de       0x10 C:/ST/STM32CubeIDE_1.13.2/STM32CubeIDE/plugins/com.st.stm32cube.ide.mcu.externaltools.gnu-tools-for-stm32.11.3.rel1.win32_1.1.1.202309131626/tools/bin/../lib/gcc/arm-none-eabi/11.3.1/../../../../arm-none-eabi/lib/thumb/v7e-m+dp/hard\libc_nano.a(libc_a-msizer.o)
                0x00000000080087de                _malloc_usable_size_r
 *fill*         0x00000000080087ee        0x2 
 .text.sin      0x00000000080087f0       0x98 C:/ST/STM32CubeIDE_1.13.2/STM32CubeIDE/plugins/com.st.stm32cube.ide.mcu.externaltools.gnu-tools-for-stm32.11.3.rel1.win32_1.1.1.202309131626/tools/bin/../lib/gcc/arm-none-eabi/11.3.1/../../../../arm-none-eabi/lib/thumb/v7e-m+dp/hard\libm.a(libm_a-s_sin.o)
                0x00000000080087f0                sin
 .text.__kernel_cos
                0x0000000008008888       0xd8 C:/ST/STM32CubeIDE_1.13.2/STM32CubeIDE/plugins/com.st.stm32cube.ide.mcu.externaltools.gnu-tools-for-stm32.11.3.rel1.win32_1.1.1.202309131626/tools/bin/../lib/gcc/arm-none-eabi/11.3.1/../../../../arm-none-eabi/lib/thumb/v7e-m+dp/hard\libm.a(libm_a-k_cos.o)
                0x0000000008008888                __kernel_cos
 .text.__kernel_sin
                0x0000000008008960       0xb0 C:/ST/STM32CubeIDE_1.13.2/STM32CubeIDE/plugins/com.st.stm32cube.ide.mcu.externaltools.gnu-tools-for-stm32.11.3.rel1.win32_1.1.1.202309131626/tools/bin/../lib/gcc/arm-none-eabi/11.3.1/../../../../arm-none-eabi/lib/thumb/v7e-m+dp/hard\libm.a(libm_a-k_sin.o)
                0x0000000008008960                __kernel_sin
 .text.__ieee754_rem_pio2
                0x0000000008008a10      0x288 C:/ST/STM32CubeIDE_1.13.2/STM32CubeIDE/plugins/com.st.stm32cube.ide.mcu.externaltools.gnu-tools-for-stm32.11.3.rel1.win32_1.1.1.202309131626/tools/bin/../lib/gcc/arm-none-eabi/11.3.1/../../../../arm-none-eabi/lib/thumb/v7e-m+dp/hard\libm.a(libm_a-e_rem_pio2.o)
                0x0000000008008a10                __ieee754_rem_pio2
 .text.fabs     0x0000000008008c98       0x12 C:/ST/STM32CubeIDE_1.13.2/STM32CubeIDE/plugins/com.st.stm32cube.ide.mcu.externaltools.gnu-tools-for-stm32.11.3.rel1.win32_1.1.1.202309131626/tools/bin/../lib/gcc/arm-none-eabi/11.3.1/../../../../arm-none-eabi/lib/thumb/v7e-m+dp/hard\libm.a(libm_a-s_fabs.o)
                0x0000000008008c98                fabs
 *fill*         0x0000000008008caa        0x6 
 .text.__kernel_rem_pio2
                0x0000000008008cb0      0x528 C:/ST/STM32CubeIDE_1.13.2/STM32CubeIDE/plugins/com.st.stm32cube.ide.mcu.externaltools.gnu-tools-for-stm32.11.3.rel1.win32_1.1.1.202309131626/tools/bin/../lib/gcc/arm-none-eabi/11.3.1/../../../../arm-none-eabi/lib/thumb/v7e-m+dp/hard\libm.a(libm_a-k_rem_pio2.o)
                0x0000000008008cb0                __kernel_rem_pio2
 .text.scalbn   0x00000000080091d8       0xfc C:/ST/STM32CubeIDE_1.13.2/STM32CubeIDE/plugins/com.st.stm32cube.ide.mcu.externaltools.gnu-tools-for-stm32.11.3.rel1.win32_1.1.1.202309131626/tools/bin/../lib/gcc/arm-none-eabi/11.3.1/../../../../arm-none-eabi/lib/thumb/v7e-m+dp/hard\libm.a(libm_a-s_scalbn.o)
                0x00000000080091d8                scalbn
 *fill*         0x00000000080092d4        0x4 
 .text.floor    0x00000000080092d8       0xf0 C:/ST/STM32CubeIDE_1.13.2/STM32CubeIDE/plugins/com.st.stm32cube.ide.mcu.externaltools.gnu-tools-for-stm32.11.3.rel1.win32_1.1.1.202309131626/tools/bin/../lib/gcc/arm-none-eabi/11.3.1/../../../../arm-none-eabi/lib/thumb/v7e-m+dp/hard\libm.a(libm_a-s_floor.o)
                0x00000000080092d8                floor
 *(.glue_7)
 .glue_7        0x00000000080093c8        0x0 linker stubs
 *(.glue_7t)
 .glue_7t       0x00000000080093c8        0x0 linker stubs
 *(.eh_frame)
 .eh_frame      0x00000000080093c8        0x0 C:/ST/STM32CubeIDE_1.13.2/STM32CubeIDE/plugins/com.st.stm32cube.ide.mcu.externaltools.gnu-tools-for-stm32.11.3.rel1.win32_1.1.1.202309131626/tools/bin/../lib/gcc/arm-none-eabi/11.3.1/thumb/v7e-m+dp/hard/crtbegin.o
 *(.init)
 .init          0x00000000080093c8        0x4 C:/ST/STM32CubeIDE_1.13.2/STM32CubeIDE/plugins/com.st.stm32cube.ide.mcu.externaltools.gnu-tools-for-stm32.11.3.rel1.win32_1.1.1.202309131626/tools/bin/../lib/gcc/arm-none-eabi/11.3.1/thumb/v7e-m+dp/hard/crti.o
                0x00000000080093c8                _init
 .init          0x00000000080093cc        0x8 C:/ST/STM32CubeIDE_1.13.2/STM32CubeIDE/plugins/com.st.stm32cube.ide.mcu.externaltools.gnu-tools-for-stm32.11.3.rel1.win32_1.1.1.202309131626/tools/bin/../lib/gcc/arm-none-eabi/11.3.1/thumb/v7e-m+dp/hard/crtn.o
 *(.fini)
 .fini          0x00000000080093d4        0x4 C:/ST/STM32CubeIDE_1.13.2/STM32CubeIDE/plugins/com.st.stm32cube.ide.mcu.externaltools.gnu-tools-for-stm32.11.3.rel1.win32_1.1.1.202309131626/tools/bin/../lib/gcc/arm-none-eabi/11.3.1/thumb/v7e-m+dp/hard/crti.o
                0x00000000080093d4                _fini
 .fini          0x00000000080093d8        0x8 C:/ST/STM32CubeIDE_1.13.2/STM32CubeIDE/plugins/com.st.stm32cube.ide.mcu.externaltools.gnu-tools-for-stm32.11.3.rel1.win32_1.1.1.202309131626/tools/bin/../lib/gcc/arm-none-eabi/11.3.1/thumb/v7e-m+dp/hard/crtn.o
                0x00000000080093e0                . = ALIGN (0x4)
                0x00000000080093e0                _etext = .

.vfp11_veneer   0x00000000080093e0        0x0
 .vfp11_veneer  0x00000000080093e0        0x0 linker stubs

.v4_bx          0x00000000080093e0        0x0
 .v4_bx         0x00000000080093e0        0x0 linker stubs

.iplt           0x00000000080093e0        0x0
 .iplt          0x00000000080093e0        0x0 C:/ST/STM32CubeIDE_1.13.2/STM32CubeIDE/plugins/com.st.stm32cube.ide.mcu.externaltools.gnu-tools-for-stm32.11.3.rel1.win32_1.1.1.202309131626/tools/bin/../lib/gcc/arm-none-eabi/11.3.1/thumb/v7e-m+dp/hard/crtbegin.o

.rodata         0x00000000080093e0     0x70f8
                0x00000000080093e0                . = ALIGN (0x4)
 *(.rodata)
 .rodata        0x00000000080093e0       0x30 ./Drivers/BSP/ST7735/lcd.o
 *(.rodata*)
 .rodata.D1CorePrescTable
                0x0000000008009410       0x10 ./Core/Src/system_stm32h7xx.o
                0x0000000008009410                D1CorePrescTable
 .rodata.asc2_1206
                0x0000000008009420      0x474 ./Drivers/BSP/ST7735/lcd.o
                0x0000000008009420                asc2_1206
 .rodata.asc2_1608
                0x0000000008009894      0x5f0 ./Drivers/BSP/ST7735/lcd.o
                0x0000000008009894                asc2_1608
 .rodata.WeActStudiologo_160_80
                0x0000000008009e84     0x6449 ./Drivers/BSP/ST7735/logo_160_80.o
                0x0000000008009e84                WeActStudiologo_160_80
 .rodata._svfprintf_r.str1.1
                0x00000000080102cd       0x11 C:/ST/STM32CubeIDE_1.13.2/STM32CubeIDE/plugins/com.st.stm32cube.ide.mcu.externaltools.gnu-tools-for-stm32.11.3.rel1.win32_1.1.1.202309131626/tools/bin/../lib/gcc/arm-none-eabi/11.3.1/../../../../arm-none-eabi/lib/thumb/v7e-m+dp/hard\libc_nano.a(libc_a-nano-svfprintf.o)
 .rodata._printf_i.str1.1
                0x00000000080102de       0x22 C:/ST/STM32CubeIDE_1.13.2/STM32CubeIDE/plugins/com.st.stm32cube.ide.mcu.externaltools.gnu-tools-for-stm32.11.3.rel1.win32_1.1.1.202309131626/tools/bin/../lib/gcc/arm-none-eabi/11.3.1/../../../../arm-none-eabi/lib/thumb/v7e-m+dp/hard\libc_nano.a(libc_a-nano-vfprintf_i.o)
 .rodata.npio2_hw
                0x0000000008010300       0x80 C:/ST/STM32CubeIDE_1.13.2/STM32CubeIDE/plugins/com.st.stm32cube.ide.mcu.externaltools.gnu-tools-for-stm32.11.3.rel1.win32_1.1.1.202309131626/tools/bin/../lib/gcc/arm-none-eabi/11.3.1/../../../../arm-none-eabi/lib/thumb/v7e-m+dp/hard\libm.a(libm_a-e_rem_pio2.o)
 .rodata.two_over_pi
                0x0000000008010380      0x108 C:/ST/STM32CubeIDE_1.13.2/STM32CubeIDE/plugins/com.st.stm32cube.ide.mcu.externaltools.gnu-tools-for-stm32.11.3.rel1.win32_1.1.1.202309131626/tools/bin/../lib/gcc/arm-none-eabi/11.3.1/../../../../arm-none-eabi/lib/thumb/v7e-m+dp/hard\libm.a(libm_a-e_rem_pio2.o)
 .rodata.PIo2   0x0000000008010488       0x40 C:/ST/STM32CubeIDE_1.13.2/STM32CubeIDE/plugins/com.st.stm32cube.ide.mcu.externaltools.gnu-tools-for-stm32.11.3.rel1.win32_1.1.1.202309131626/tools/bin/../lib/gcc/arm-none-eabi/11.3.1/../../../../arm-none-eabi/lib/thumb/v7e-m+dp/hard\libm.a(libm_a-k_rem_pio2.o)
 .rodata.init_jk
                0x00000000080104c8       0x10 C:/ST/STM32CubeIDE_1.13.2/STM32CubeIDE/plugins/com.st.stm32cube.ide.mcu.externaltools.gnu-tools-for-stm32.11.3.rel1.win32_1.1.1.202309131626/tools/bin/../lib/gcc/arm-none-eabi/11.3.1/../../../../arm-none-eabi/lib/thumb/v7e-m+dp/hard\libm.a(libm_a-k_rem_pio2.o)
                0x00000000080104d8                . = ALIGN (0x4)

.rel.dyn        0x00000000080104d8        0x0
 .rel.iplt      0x00000000080104d8        0x0 C:/ST/STM32CubeIDE_1.13.2/STM32CubeIDE/plugins/com.st.stm32cube.ide.mcu.externaltools.gnu-tools-for-stm32.11.3.rel1.win32_1.1.1.202309131626/tools/bin/../lib/gcc/arm-none-eabi/11.3.1/thumb/v7e-m+dp/hard/crtbegin.o

.ARM.extab
 *(.ARM.extab* .gnu.linkonce.armextab.*)

.ARM            0x00000000080104d8        0x0
                0x00000000080104d8                __exidx_start = .
 *(.ARM.exidx*)
                0x00000000080104d8                __exidx_end = .

.preinit_array  0x00000000080104d8        0x0
                0x00000000080104d8                PROVIDE (__preinit_array_start = .)
 *(.preinit_array*)
                0x00000000080104d8                PROVIDE (__preinit_array_end = .)

.init_array     0x00000000080104d8        0x4
                0x00000000080104d8                PROVIDE (__init_array_start = .)
 *(SORT_BY_NAME(.init_array.*))
 *(.init_array*)
 .init_array    0x00000000080104d8        0x4 C:/ST/STM32CubeIDE_1.13.2/STM32CubeIDE/plugins/com.st.stm32cube.ide.mcu.externaltools.gnu-tools-for-stm32.11.3.rel1.win32_1.1.1.202309131626/tools/bin/../lib/gcc/arm-none-eabi/11.3.1/thumb/v7e-m+dp/hard/crtbegin.o
                0x00000000080104dc                PROVIDE (__init_array_end = .)

.fini_array     0x00000000080104dc        0x4
                [!provide]                        PROVIDE (__fini_array_start = .)
 *(SORT_BY_NAME(.fini_array.*))
 *(.fini_array*)
 .fini_array    0x00000000080104dc        0x4 C:/ST/STM32CubeIDE_1.13.2/STM32CubeIDE/plugins/com.st.stm32cube.ide.mcu.externaltools.gnu-tools-for-stm32.11.3.rel1.win32_1.1.1.202309131626/tools/bin/../lib/gcc/arm-none-eabi/11.3.1/thumb/v7e-m+dp/hard/crtbegin.o
                [!provide]                        PROVIDE (__fini_array_end = .)
                0x00000000080104e0                _sidata = LOADADDR (.data)

.data           0x0000000024000000       0xf0 load address 0x00000000080104e0
                0x0000000024000000                . = ALIGN (0x4)
                0x0000000024000000                _sdata = .
 *(.data)
 *(.data*)
 .data.SystemCoreClock
                0x0000000024000000        0x4 ./Core/Src/system_stm32h7xx.o
                0x0000000024000000                SystemCoreClock
 .data.SystemD2Clock
                0x0000000024000004        0x4 ./Core/Src/system_stm32h7xx.o
                0x0000000024000004                SystemD2Clock
 .data.st7735_pIO
                0x0000000024000008       0x20 ./Drivers/BSP/ST7735/lcd.o
                0x0000000024000008                st7735_pIO
 .data.POINT_COLOR
                0x0000000024000028        0x2 ./Drivers/BSP/ST7735/lcd.o
                0x0000000024000028                POINT_COLOR
 *fill*         0x000000002400002a        0x2 
 .data.ST7735_LCD_Driver
                0x000000002400002c       0x4c ./Drivers/BSP/ST7735/st7735.o
                0x000000002400002c                ST7735_LCD_Driver
 .data.OrientationTab
                0x0000000024000078       0x20 ./Drivers/BSP/ST7735/st7735.o
 .data.uwTickPrio
                0x0000000024000098        0x4 ./Drivers/STM32H7xx_HAL_Driver/Src/stm32h7xx_hal.o
                0x0000000024000098                uwTickPrio
 .data.uwTickFreq
                0x000000002400009c        0x1 ./Drivers/STM32H7xx_HAL_Driver/Src/stm32h7xx_hal.o
                0x000000002400009c                uwTickFreq
 *fill*         0x000000002400009d        0x3 
 .data._impure_data
                0x00000000240000a0       0x4c C:/ST/STM32CubeIDE_1.13.2/STM32CubeIDE/plugins/com.st.stm32cube.ide.mcu.externaltools.gnu-tools-for-stm32.11.3.rel1.win32_1.1.1.202309131626/tools/bin/../lib/gcc/arm-none-eabi/11.3.1/../../../../arm-none-eabi/lib/thumb/v7e-m+dp/hard\libc_nano.a(libc_a-impure.o)
                0x00000000240000a0                _impure_data
 .data._impure_ptr
                0x00000000240000ec        0x4 C:/ST/STM32CubeIDE_1.13.2/STM32CubeIDE/plugins/com.st.stm32cube.ide.mcu.externaltools.gnu-tools-for-stm32.11.3.rel1.win32_1.1.1.202309131626/tools/bin/../lib/gcc/arm-none-eabi/11.3.1/../../../../arm-none-eabi/lib/thumb/v7e-m+dp/hard\libc_nano.a(libc_a-impure.o)
                0x00000000240000ec                _impure_ptr
 *(.RamFunc)
 *(.RamFunc*)
                0x00000000240000f0                . = ALIGN (0x4)
                0x00000000240000f0                _edata = .

.igot.plt       0x00000000240000f0        0x0 load address 0x00000000080105d0
 .igot.plt      0x00000000240000f0        0x0 C:/ST/STM32CubeIDE_1.13.2/STM32CubeIDE/plugins/com.st.stm32cube.ide.mcu.externaltools.gnu-tools-for-stm32.11.3.rel1.win32_1.1.1.202309131626/tools/bin/../lib/gcc/arm-none-eabi/11.3.1/thumb/v7e-m+dp/hard/crtbegin.o
                0x00000000240000f0                . = ALIGN (0x4)

.bss            0x00000000240000f0      0x7b4 load address 0x00000000080105d0
                0x00000000240000f0                _sbss = .
                0x00000000240000f0                __bss_start__ = _sbss
 *(.bss)
 .bss           0x00000000240000f0       0x1c C:/ST/STM32CubeIDE_1.13.2/STM32CubeIDE/plugins/com.st.stm32cube.ide.mcu.externaltools.gnu-tools-for-stm32.11.3.rel1.win32_1.1.1.202309131626/tools/bin/../lib/gcc/arm-none-eabi/11.3.1/thumb/v7e-m+dp/hard/crtbegin.o
 *(.bss*)
 .bss.hrtc      0x000000002400010c       0x24 ./Core/Src/rtc.o
                0x000000002400010c                hrtc
 .bss.hspi4     0x0000000024000130       0x88 ./Core/Src/spi.o
                0x0000000024000130                hspi4
 .bss.__sbrk_heap_end
                0x00000000240001b8        0x4 ./Core/Src/sysmem.o
 .bss.htim1     0x00000000240001bc       0x4c ./Core/Src/tim.o
                0x00000000240001bc                htim1
 .bss.st7735_pObj
                0x0000000024000208       0x38 ./Drivers/BSP/ST7735/lcd.o
                0x0000000024000208                st7735_pObj
 .bss.st7735_id
                0x0000000024000240        0x4 ./Drivers/BSP/ST7735/lcd.o
                0x0000000024000240                st7735_id
 .bss.BACK_COLOR
                0x0000000024000244        0x2 ./Drivers/BSP/ST7735/lcd.o
                0x0000000024000244                BACK_COLOR
 *fill*         0x0000000024000246        0x2 
 .bss.ST7735Ctx
                0x0000000024000248       0x10 ./Drivers/BSP/ST7735/st7735.o
                0x0000000024000248                ST7735Ctx
 .bss.pdata.1   0x0000000024000258      0x280 ./Drivers/BSP/ST7735/st7735.o
 .bss.pdata.0   0x00000000240004d8      0x280 ./Drivers/BSP/ST7735/st7735.o
 .bss.uwTick    0x0000000024000758        0x4 ./Drivers/STM32H7xx_HAL_Driver/Src/stm32h7xx_hal.o
                0x0000000024000758                uwTick
 .bss.__sf      0x000000002400075c      0x138 C:/ST/STM32CubeIDE_1.13.2/STM32CubeIDE/plugins/com.st.stm32cube.ide.mcu.externaltools.gnu-tools-for-stm32.11.3.rel1.win32_1.1.1.202309131626/tools/bin/../lib/gcc/arm-none-eabi/11.3.1/../../../../arm-none-eabi/lib/thumb/v7e-m+dp/hard\libc_nano.a(libc_a-findfp.o)
                0x000000002400075c                __sf
 .bss.errno     0x0000000024000894        0x4 C:/ST/STM32CubeIDE_1.13.2/STM32CubeIDE/plugins/com.st.stm32cube.ide.mcu.externaltools.gnu-tools-for-stm32.11.3.rel1.win32_1.1.1.202309131626/tools/bin/../lib/gcc/arm-none-eabi/11.3.1/../../../../arm-none-eabi/lib/thumb/v7e-m+dp/hard\libc_nano.a(libc_a-reent.o)
                0x0000000024000894                errno
 .bss.__lock___malloc_recursive_mutex
                0x0000000024000898        0x1 C:/ST/STM32CubeIDE_1.13.2/STM32CubeIDE/plugins/com.st.stm32cube.ide.mcu.externaltools.gnu-tools-for-stm32.11.3.rel1.win32_1.1.1.202309131626/tools/bin/../lib/gcc/arm-none-eabi/11.3.1/../../../../arm-none-eabi/lib/thumb/v7e-m+dp/hard\libc_nano.a(libc_a-lock.o)
                0x0000000024000898                __lock___malloc_recursive_mutex
 *fill*         0x0000000024000899        0x3 
 .bss.__malloc_free_list
                0x000000002400089c        0x4 C:/ST/STM32CubeIDE_1.13.2/STM32CubeIDE/plugins/com.st.stm32cube.ide.mcu.externaltools.gnu-tools-for-stm32.11.3.rel1.win32_1.1.1.202309131626/tools/bin/../lib/gcc/arm-none-eabi/11.3.1/../../../../arm-none-eabi/lib/thumb/v7e-m+dp/hard\libc_nano.a(libc_a-mallocr.o)
                0x000000002400089c                __malloc_free_list
 .bss.__malloc_sbrk_start
                0x00000000240008a0        0x4 C:/ST/STM32CubeIDE_1.13.2/STM32CubeIDE/plugins/com.st.stm32cube.ide.mcu.externaltools.gnu-tools-for-stm32.11.3.rel1.win32_1.1.1.202309131626/tools/bin/../lib/gcc/arm-none-eabi/11.3.1/../../../../arm-none-eabi/lib/thumb/v7e-m+dp/hard\libc_nano.a(libc_a-mallocr.o)
                0x00000000240008a0                __malloc_sbrk_start
 *(COMMON)
                0x00000000240008a4                . = ALIGN (0x4)
                0x00000000240008a4                _ebss = .
                0x00000000240008a4                __bss_end__ = _ebss

._user_heap_stack
                0x00000000240008a4      0x604 load address 0x00000000080105d0
                0x00000000240008a8                . = ALIGN (0x8)
 *fill*         0x00000000240008a4        0x4 
                [!provide]                        PROVIDE (end = .)
                0x00000000240008a8                PROVIDE (_end = .)
                0x0000000024000aa8                . = (. + _Min_Heap_Size)
 *fill*         0x00000000240008a8      0x200 
                0x0000000024000ea8                . = (. + _Min_Stack_Size)
 *fill*         0x0000000024000aa8      0x400 
                0x0000000024000ea8                . = ALIGN (0x8)

/DISCARD/
 libc.a(*)
 libm.a(*)
 libgcc.a(*)

.ARM.attributes
                0x0000000000000000       0x2e
 *(.ARM.attributes)
 .ARM.attributes
                0x0000000000000000       0x1e C:/ST/STM32CubeIDE_1.13.2/STM32CubeIDE/plugins/com.st.stm32cube.ide.mcu.externaltools.gnu-tools-for-stm32.11.3.rel1.win32_1.1.1.202309131626/tools/bin/../lib/gcc/arm-none-eabi/11.3.1/thumb/v7e-m+dp/hard/crti.o
 .ARM.attributes
                0x000000000000001e       0x32 C:/ST/STM32CubeIDE_1.13.2/STM32CubeIDE/plugins/com.st.stm32cube.ide.mcu.externaltools.gnu-tools-for-stm32.11.3.rel1.win32_1.1.1.202309131626/tools/bin/../lib/gcc/arm-none-eabi/11.3.1/thumb/v7e-m+dp/hard/crtbegin.o
 .ARM.attributes
                0x0000000000000050       0x32 ./Core/Src/gpio.o
 .ARM.attributes
                0x0000000000000082       0x32 ./Core/Src/main.o
 .ARM.attributes
                0x00000000000000b4       0x32 ./Core/Src/rtc.o
 .ARM.attributes
                0x00000000000000e6       0x32 ./Core/Src/spi.o
 .ARM.attributes
                0x0000000000000118       0x32 ./Core/Src/stm32h7xx_hal_msp.o
 .ARM.attributes
                0x000000000000014a       0x32 ./Core/Src/stm32h7xx_it.o
 .ARM.attributes
                0x000000000000017c       0x32 ./Core/Src/sysmem.o
 .ARM.attributes
                0x00000000000001ae       0x32 ./Core/Src/system_stm32h7xx.o
 .ARM.attributes
                0x00000000000001e0       0x32 ./Core/Src/tim.o
 .ARM.attributes
                0x0000000000000212       0x21 ./Core/Startup/startup_stm32h743vitx.o
 .ARM.attributes
                0x0000000000000233       0x32 ./Drivers/BSP/ST7735/lcd.o
 .ARM.attributes
                0x0000000000000265       0x32 ./Drivers/BSP/ST7735/logo_160_80.o
 .ARM.attributes
                0x0000000000000297       0x32 ./Drivers/BSP/ST7735/st7735.o
 .ARM.attributes
                0x00000000000002c9       0x32 ./Drivers/BSP/ST7735/st7735_reg.o
 .ARM.attributes
                0x00000000000002fb       0x32 ./Drivers/STM32H7xx_HAL_Driver/Src/stm32h7xx_hal.o
 .ARM.attributes
                0x000000000000032d       0x32 ./Drivers/STM32H7xx_HAL_Driver/Src/stm32h7xx_hal_cortex.o
 .ARM.attributes
                0x000000000000035f       0x32 ./Drivers/STM32H7xx_HAL_Driver/Src/stm32h7xx_hal_gpio.o
 .ARM.attributes
                0x0000000000000391       0x32 ./Drivers/STM32H7xx_HAL_Driver/Src/stm32h7xx_hal_pwr.o
 .ARM.attributes
                0x00000000000003c3       0x32 ./Drivers/STM32H7xx_HAL_Driver/Src/stm32h7xx_hal_pwr_ex.o
 .ARM.attributes
                0x00000000000003f5       0x32 ./Drivers/STM32H7xx_HAL_Driver/Src/stm32h7xx_hal_rcc.o
 .ARM.attributes
                0x0000000000000427       0x32 ./Drivers/STM32H7xx_HAL_Driver/Src/stm32h7xx_hal_rcc_ex.o
 .ARM.attributes
                0x0000000000000459       0x32 ./Drivers/STM32H7xx_HAL_Driver/Src/stm32h7xx_hal_rtc.o
 .ARM.attributes
                0x000000000000048b       0x32 ./Drivers/STM32H7xx_HAL_Driver/Src/stm32h7xx_hal_rtc_ex.o
 .ARM.attributes
                0x00000000000004bd       0x32 ./Drivers/STM32H7xx_HAL_Driver/Src/stm32h7xx_hal_spi.o
 .ARM.attributes
                0x00000000000004ef       0x32 ./Drivers/STM32H7xx_HAL_Driver/Src/stm32h7xx_hal_tim.o
 .ARM.attributes
                0x0000000000000521       0x32 ./Drivers/STM32H7xx_HAL_Driver/Src/stm32h7xx_hal_tim_ex.o
 .ARM.attributes
                0x0000000000000553       0x32 C:/ST/STM32CubeIDE_1.13.2/STM32CubeIDE/plugins/com.st.stm32cube.ide.mcu.externaltools.gnu-tools-for-stm32.11.3.rel1.win32_1.1.1.202309131626/tools/bin/../lib/gcc/arm-none-eabi/11.3.1/../../../../arm-none-eabi/lib/thumb/v7e-m+dp/hard\libc_nano.a(libc_a-findfp.o)
 .ARM.attributes
                0x0000000000000585       0x32 C:/ST/STM32CubeIDE_1.13.2/STM32CubeIDE/plugins/com.st.stm32cube.ide.mcu.externaltools.gnu-tools-for-stm32.11.3.rel1.win32_1.1.1.202309131626/tools/bin/../lib/gcc/arm-none-eabi/11.3.1/../../../../arm-none-eabi/lib/thumb/v7e-m+dp/hard\libc_nano.a(libc_a-sprintf.o)
 .ARM.attributes
                0x00000000000005b7       0x32 C:/ST/STM32CubeIDE_1.13.2/STM32CubeIDE/plugins/com.st.stm32cube.ide.mcu.externaltools.gnu-tools-for-stm32.11.3.rel1.win32_1.1.1.202309131626/tools/bin/../lib/gcc/arm-none-eabi/11.3.1/../../../../arm-none-eabi/lib/thumb/v7e-m+dp/hard\libc_nano.a(libc_a-memset.o)
 .ARM.attributes
                0x00000000000005e9       0x32 C:/ST/STM32CubeIDE_1.13.2/STM32CubeIDE/plugins/com.st.stm32cube.ide.mcu.externaltools.gnu-tools-for-stm32.11.3.rel1.win32_1.1.1.202309131626/tools/bin/../lib/gcc/arm-none-eabi/11.3.1/../../../../arm-none-eabi/lib/thumb/v7e-m+dp/hard\libc_nano.a(libc_a-reent.o)
 .ARM.attributes
                0x000000000000061b       0x32 C:/ST/STM32CubeIDE_1.13.2/STM32CubeIDE/plugins/com.st.stm32cube.ide.mcu.externaltools.gnu-tools-for-stm32.11.3.rel1.win32_1.1.1.202309131626/tools/bin/../lib/gcc/arm-none-eabi/11.3.1/../../../../arm-none-eabi/lib/thumb/v7e-m+dp/hard\libc_nano.a(libc_a-impure.o)
 .ARM.attributes
                0x000000000000064d       0x32 C:/ST/STM32CubeIDE_1.13.2/STM32CubeIDE/plugins/com.st.stm32cube.ide.mcu.externaltools.gnu-tools-for-stm32.11.3.rel1.win32_1.1.1.202309131626/tools/bin/../lib/gcc/arm-none-eabi/11.3.1/../../../../arm-none-eabi/lib/thumb/v7e-m+dp/hard\libc_nano.a(libc_a-errno.o)
 .ARM.attributes
                0x000000000000067f       0x32 C:/ST/STM32CubeIDE_1.13.2/STM32CubeIDE/plugins/com.st.stm32cube.ide.mcu.externaltools.gnu-tools-for-stm32.11.3.rel1.win32_1.1.1.202309131626/tools/bin/../lib/gcc/arm-none-eabi/11.3.1/../../../../arm-none-eabi/lib/thumb/v7e-m+dp/hard\libc_nano.a(libc_a-init.o)
 .ARM.attributes
                0x00000000000006b1       0x32 C:/ST/STM32CubeIDE_1.13.2/STM32CubeIDE/plugins/com.st.stm32cube.ide.mcu.externaltools.gnu-tools-for-stm32.11.3.rel1.win32_1.1.1.202309131626/tools/bin/../lib/gcc/arm-none-eabi/11.3.1/../../../../arm-none-eabi/lib/thumb/v7e-m+dp/hard\libc_nano.a(libc_a-lock.o)
 .ARM.attributes
                0x00000000000006e3       0x32 C:/ST/STM32CubeIDE_1.13.2/STM32CubeIDE/plugins/com.st.stm32cube.ide.mcu.externaltools.gnu-tools-for-stm32.11.3.rel1.win32_1.1.1.202309131626/tools/bin/../lib/gcc/arm-none-eabi/11.3.1/../../../../arm-none-eabi/lib/thumb/v7e-m+dp/hard\libc_nano.a(libc_a-freer.o)
 .ARM.attributes
                0x0000000000000715       0x32 C:/ST/STM32CubeIDE_1.13.2/STM32CubeIDE/plugins/com.st.stm32cube.ide.mcu.externaltools.gnu-tools-for-stm32.11.3.rel1.win32_1.1.1.202309131626/tools/bin/../lib/gcc/arm-none-eabi/11.3.1/../../../../arm-none-eabi/lib/thumb/v7e-m+dp/hard\libc_nano.a(libc_a-mallocr.o)
 .ARM.attributes
                0x0000000000000747       0x32 C:/ST/STM32CubeIDE_1.13.2/STM32CubeIDE/plugins/com.st.stm32cube.ide.mcu.externaltools.gnu-tools-for-stm32.11.3.rel1.win32_1.1.1.202309131626/tools/bin/../lib/gcc/arm-none-eabi/11.3.1/../../../../arm-none-eabi/lib/thumb/v7e-m+dp/hard\libc_nano.a(libc_a-mlock.o)
 .ARM.attributes
                0x0000000000000779       0x32 C:/ST/STM32CubeIDE_1.13.2/STM32CubeIDE/plugins/com.st.stm32cube.ide.mcu.externaltools.gnu-tools-for-stm32.11.3.rel1.win32_1.1.1.202309131626/tools/bin/../lib/gcc/arm-none-eabi/11.3.1/../../../../arm-none-eabi/lib/thumb/v7e-m+dp/hard\libc_nano.a(libc_a-nano-svfprintf.o)
 .ARM.attributes
                0x00000000000007ab       0x32 C:/ST/STM32CubeIDE_1.13.2/STM32CubeIDE/plugins/com.st.stm32cube.ide.mcu.externaltools.gnu-tools-for-stm32.11.3.rel1.win32_1.1.1.202309131626/tools/bin/../lib/gcc/arm-none-eabi/11.3.1/../../../../arm-none-eabi/lib/thumb/v7e-m+dp/hard\libc_nano.a(libc_a-nano-vfprintf_i.o)
 .ARM.attributes
                0x00000000000007dd       0x32 C:/ST/STM32CubeIDE_1.13.2/STM32CubeIDE/plugins/com.st.stm32cube.ide.mcu.externaltools.gnu-tools-for-stm32.11.3.rel1.win32_1.1.1.202309131626/tools/bin/../lib/gcc/arm-none-eabi/11.3.1/../../../../arm-none-eabi/lib/thumb/v7e-m+dp/hard\libc_nano.a(libc_a-memmove.o)
 .ARM.attributes
                0x000000000000080f       0x32 C:/ST/STM32CubeIDE_1.13.2/STM32CubeIDE/plugins/com.st.stm32cube.ide.mcu.externaltools.gnu-tools-for-stm32.11.3.rel1.win32_1.1.1.202309131626/tools/bin/../lib/gcc/arm-none-eabi/11.3.1/../../../../arm-none-eabi/lib/thumb/v7e-m+dp/hard\libc_nano.a(libc_a-sbrkr.o)
 .ARM.attributes
                0x0000000000000841       0x1c C:/ST/STM32CubeIDE_1.13.2/STM32CubeIDE/plugins/com.st.stm32cube.ide.mcu.externaltools.gnu-tools-for-stm32.11.3.rel1.win32_1.1.1.202309131626/tools/bin/../lib/gcc/arm-none-eabi/11.3.1/../../../../arm-none-eabi/lib/thumb/v7e-m+dp/hard\libc_nano.a(libc_a-memchr.o)
 .ARM.attributes
                0x000000000000085d       0x32 C:/ST/STM32CubeIDE_1.13.2/STM32CubeIDE/plugins/com.st.stm32cube.ide.mcu.externaltools.gnu-tools-for-stm32.11.3.rel1.win32_1.1.1.202309131626/tools/bin/../lib/gcc/arm-none-eabi/11.3.1/../../../../arm-none-eabi/lib/thumb/v7e-m+dp/hard\libc_nano.a(libc_a-memcpy-stub.o)
 .ARM.attributes
                0x000000000000088f       0x32 C:/ST/STM32CubeIDE_1.13.2/STM32CubeIDE/plugins/com.st.stm32cube.ide.mcu.externaltools.gnu-tools-for-stm32.11.3.rel1.win32_1.1.1.202309131626/tools/bin/../lib/gcc/arm-none-eabi/11.3.1/../../../../arm-none-eabi/lib/thumb/v7e-m+dp/hard\libc_nano.a(libc_a-reallocr.o)
 .ARM.attributes
                0x00000000000008c1       0x32 C:/ST/STM32CubeIDE_1.13.2/STM32CubeIDE/plugins/com.st.stm32cube.ide.mcu.externaltools.gnu-tools-for-stm32.11.3.rel1.win32_1.1.1.202309131626/tools/bin/../lib/gcc/arm-none-eabi/11.3.1/../../../../arm-none-eabi/lib/thumb/v7e-m+dp/hard\libc_nano.a(libc_a-msizer.o)
 .ARM.attributes
                0x00000000000008f3       0x32 C:/ST/STM32CubeIDE_1.13.2/STM32CubeIDE/plugins/com.st.stm32cube.ide.mcu.externaltools.gnu-tools-for-stm32.11.3.rel1.win32_1.1.1.202309131626/tools/bin/../lib/gcc/arm-none-eabi/11.3.1/../../../../arm-none-eabi/lib/thumb/v7e-m+dp/hard\libm.a(libm_a-s_sin.o)
 .ARM.attributes
                0x0000000000000925       0x32 C:/ST/STM32CubeIDE_1.13.2/STM32CubeIDE/plugins/com.st.stm32cube.ide.mcu.externaltools.gnu-tools-for-stm32.11.3.rel1.win32_1.1.1.202309131626/tools/bin/../lib/gcc/arm-none-eabi/11.3.1/../../../../arm-none-eabi/lib/thumb/v7e-m+dp/hard\libm.a(libm_a-k_cos.o)
 .ARM.attributes
                0x0000000000000957       0x32 C:/ST/STM32CubeIDE_1.13.2/STM32CubeIDE/plugins/com.st.stm32cube.ide.mcu.externaltools.gnu-tools-for-stm32.11.3.rel1.win32_1.1.1.202309131626/tools/bin/../lib/gcc/arm-none-eabi/11.3.1/../../../../arm-none-eabi/lib/thumb/v7e-m+dp/hard\libm.a(libm_a-k_sin.o)
 .ARM.attributes
                0x0000000000000989       0x32 C:/ST/STM32CubeIDE_1.13.2/STM32CubeIDE/plugins/com.st.stm32cube.ide.mcu.externaltools.gnu-tools-for-stm32.11.3.rel1.win32_1.1.1.202309131626/tools/bin/../lib/gcc/arm-none-eabi/11.3.1/../../../../arm-none-eabi/lib/thumb/v7e-m+dp/hard\libm.a(libm_a-e_rem_pio2.o)
 .ARM.attributes
                0x00000000000009bb       0x32 C:/ST/STM32CubeIDE_1.13.2/STM32CubeIDE/plugins/com.st.stm32cube.ide.mcu.externaltools.gnu-tools-for-stm32.11.3.rel1.win32_1.1.1.202309131626/tools/bin/../lib/gcc/arm-none-eabi/11.3.1/../../../../arm-none-eabi/lib/thumb/v7e-m+dp/hard\libm.a(libm_a-s_fabs.o)
 .ARM.attributes
                0x00000000000009ed       0x32 C:/ST/STM32CubeIDE_1.13.2/STM32CubeIDE/plugins/com.st.stm32cube.ide.mcu.externaltools.gnu-tools-for-stm32.11.3.rel1.win32_1.1.1.202309131626/tools/bin/../lib/gcc/arm-none-eabi/11.3.1/../../../../arm-none-eabi/lib/thumb/v7e-m+dp/hard\libm.a(libm_a-k_rem_pio2.o)
 .ARM.attributes
                0x0000000000000a1f       0x32 C:/ST/STM32CubeIDE_1.13.2/STM32CubeIDE/plugins/com.st.stm32cube.ide.mcu.externaltools.gnu-tools-for-stm32.11.3.rel1.win32_1.1.1.202309131626/tools/bin/../lib/gcc/arm-none-eabi/11.3.1/../../../../arm-none-eabi/lib/thumb/v7e-m+dp/hard\libm.a(libm_a-s_scalbn.o)
 .ARM.attributes
                0x0000000000000a51       0x32 C:/ST/STM32CubeIDE_1.13.2/STM32CubeIDE/plugins/com.st.stm32cube.ide.mcu.externaltools.gnu-tools-for-stm32.11.3.rel1.win32_1.1.1.202309131626/tools/bin/../lib/gcc/arm-none-eabi/11.3.1/../../../../arm-none-eabi/lib/thumb/v7e-m+dp/hard\libm.a(libm_a-s_floor.o)
 .ARM.attributes
                0x0000000000000a83       0x1e C:/ST/STM32CubeIDE_1.13.2/STM32CubeIDE/plugins/com.st.stm32cube.ide.mcu.externaltools.gnu-tools-for-stm32.11.3.rel1.win32_1.1.1.202309131626/tools/bin/../lib/gcc/arm-none-eabi/11.3.1/thumb/v7e-m+dp/hard/crtn.o
OUTPUT(LCD_Test.elf elf32-littlearm)
LOAD linker stubs
LOAD C:/ST/STM32CubeIDE_1.13.2/STM32CubeIDE/plugins/com.st.stm32cube.ide.mcu.externaltools.gnu-tools-for-stm32.11.3.rel1.win32_1.1.1.202309131626/tools/bin/../lib/gcc/arm-none-eabi/11.3.1/../../../../arm-none-eabi/lib/thumb/v7e-m+dp/hard\libc.a
LOAD C:/ST/STM32CubeIDE_1.13.2/STM32CubeIDE/plugins/com.st.stm32cube.ide.mcu.externaltools.gnu-tools-for-stm32.11.3.rel1.win32_1.1.1.202309131626/tools/bin/../lib/gcc/arm-none-eabi/11.3.1/../../../../arm-none-eabi/lib/thumb/v7e-m+dp/hard\libm.a
LOAD C:/ST/STM32CubeIDE_1.13.2/STM32CubeIDE/plugins/com.st.stm32cube.ide.mcu.externaltools.gnu-tools-for-stm32.11.3.rel1.win32_1.1.1.202309131626/tools/bin/../lib/gcc/arm-none-eabi/11.3.1/thumb/v7e-m+dp/hard\libgcc.a

.comment        0x0000000000000000       0x43
 .comment       0x0000000000000000       0x43 C:/ST/STM32CubeIDE_1.13.2/STM32CubeIDE/plugins/com.st.stm32cube.ide.mcu.externaltools.gnu-tools-for-stm32.11.3.rel1.win32_1.1.1.202309131626/tools/bin/../lib/gcc/arm-none-eabi/11.3.1/thumb/v7e-m+dp/hard/crtbegin.o
                                         0x44 (size before relaxing)
 .comment       0x0000000000000043       0x44 ./Core/Src/gpio.o
 .comment       0x0000000000000043       0x44 ./Core/Src/main.o
 .comment       0x0000000000000043       0x44 ./Core/Src/rtc.o
 .comment       0x0000000000000043       0x44 ./Core/Src/spi.o
 .comment       0x0000000000000043       0x44 ./Core/Src/stm32h7xx_hal_msp.o
 .comment       0x0000000000000043       0x44 ./Core/Src/stm32h7xx_it.o
 .comment       0x0000000000000043       0x44 ./Core/Src/sysmem.o
 .comment       0x0000000000000043       0x44 ./Core/Src/system_stm32h7xx.o
 .comment       0x0000000000000043       0x44 ./Core/Src/tim.o
 .comment       0x0000000000000043       0x44 ./Drivers/BSP/ST7735/lcd.o
 .comment       0x0000000000000043       0x44 ./Drivers/BSP/ST7735/logo_160_80.o
 .comment       0x0000000000000043       0x44 ./Drivers/BSP/ST7735/st7735.o
 .comment       0x0000000000000043       0x44 ./Drivers/BSP/ST7735/st7735_reg.o
 .comment       0x0000000000000043       0x44 ./Drivers/STM32H7xx_HAL_Driver/Src/stm32h7xx_hal.o
 .comment       0x0000000000000043       0x44 ./Drivers/STM32H7xx_HAL_Driver/Src/stm32h7xx_hal_cortex.o
 .comment       0x0000000000000043       0x44 ./Drivers/STM32H7xx_HAL_Driver/Src/stm32h7xx_hal_gpio.o
 .comment       0x0000000000000043       0x44 ./Drivers/STM32H7xx_HAL_Driver/Src/stm32h7xx_hal_pwr.o
 .comment       0x0000000000000043       0x44 ./Drivers/STM32H7xx_HAL_Driver/Src/stm32h7xx_hal_pwr_ex.o
 .comment       0x0000000000000043       0x44 ./Drivers/STM32H7xx_HAL_Driver/Src/stm32h7xx_hal_rcc.o
 .comment       0x0000000000000043       0x44 ./Drivers/STM32H7xx_HAL_Driver/Src/stm32h7xx_hal_rcc_ex.o
 .comment       0x0000000000000043       0x44 ./Drivers/STM32H7xx_HAL_Driver/Src/stm32h7xx_hal_rtc.o
 .comment       0x0000000000000043       0x44 ./Drivers/STM32H7xx_HAL_Driver/Src/stm32h7xx_hal_rtc_ex.o
 .comment       0x0000000000000043       0x44 ./Drivers/STM32H7xx_HAL_Driver/Src/stm32h7xx_hal_spi.o
 .comment       0x0000000000000043       0x44 ./Drivers/STM32H7xx_HAL_Driver/Src/stm32h7xx_hal_tim.o
 .comment       0x0000000000000043       0x44 ./Drivers/STM32H7xx_HAL_Driver/Src/stm32h7xx_hal_tim_ex.o

.debug_info     0x0000000000000000    0x1739c
 .debug_info    0x0000000000000000      0x62f ./Core/Src/gpio.o
 .debug_info    0x000000000000062f     0x1c8b ./Core/Src/main.o
 .debug_info    0x00000000000022ba      0xee9 ./Core/Src/rtc.o
 .debug_info    0x00000000000031a3     0x108b ./Core/Src/spi.o
 .debug_info    0x000000000000422e      0x464 ./Core/Src/stm32h7xx_hal_msp.o
 .debug_info    0x0000000000004692      0x128 ./Core/Src/stm32h7xx_it.o
 .debug_info    0x00000000000047ba      0x168 ./Core/Src/sysmem.o
 .debug_info    0x0000000000004922      0xa18 ./Core/Src/system_stm32h7xx.o
 .debug_info    0x000000000000533a      0xf85 ./Core/Src/tim.o
 .debug_info    0x00000000000062bf       0x23 ./Core/Startup/startup_stm32h743vitx.o
 .debug_info    0x00000000000062e2     0x187a ./Drivers/BSP/ST7735/lcd.o
 .debug_info    0x0000000000007b5c       0xa4 ./Drivers/BSP/ST7735/logo_160_80.o
 .debug_info    0x0000000000007c00     0x113e ./Drivers/BSP/ST7735/st7735.o
 .debug_info    0x0000000000008d3e      0x2be ./Drivers/BSP/ST7735/st7735_reg.o
 .debug_info    0x0000000000008ffc     0x153b ./Drivers/STM32H7xx_HAL_Driver/Src/stm32h7xx_hal.o
 .debug_info    0x000000000000a537     0x1060 ./Drivers/STM32H7xx_HAL_Driver/Src/stm32h7xx_hal_cortex.o
 .debug_info    0x000000000000b597      0xc4b ./Drivers/STM32H7xx_HAL_Driver/Src/stm32h7xx_hal_gpio.o
 .debug_info    0x000000000000c1e2      0x8fc ./Drivers/STM32H7xx_HAL_Driver/Src/stm32h7xx_hal_pwr.o
 .debug_info    0x000000000000cade     0x1008 ./Drivers/STM32H7xx_HAL_Driver/Src/stm32h7xx_hal_pwr_ex.o
 .debug_info    0x000000000000dae6      0xe5b ./Drivers/STM32H7xx_HAL_Driver/Src/stm32h7xx_hal_rcc.o
 .debug_info    0x000000000000e941     0x1216 ./Drivers/STM32H7xx_HAL_Driver/Src/stm32h7xx_hal_rcc_ex.o
 .debug_info    0x000000000000fb57      0xe4d ./Drivers/STM32H7xx_HAL_Driver/Src/stm32h7xx_hal_rtc.o
 .debug_info    0x00000000000109a4     0x1206 ./Drivers/STM32H7xx_HAL_Driver/Src/stm32h7xx_hal_rtc_ex.o
 .debug_info    0x0000000000011baa     0x147c ./Drivers/STM32H7xx_HAL_Driver/Src/stm32h7xx_hal_spi.o
 .debug_info    0x0000000000013026     0x2b8b ./Drivers/STM32H7xx_HAL_Driver/Src/stm32h7xx_hal_tim.o
 .debug_info    0x0000000000015bb1     0x17eb ./Drivers/STM32H7xx_HAL_Driver/Src/stm32h7xx_hal_tim_ex.o

.debug_abbrev   0x0000000000000000     0x31c4
 .debug_abbrev  0x0000000000000000      0x182 ./Core/Src/gpio.o
 .debug_abbrev  0x0000000000000182      0x31f ./Core/Src/main.o
 .debug_abbrev  0x00000000000004a1      0x1e7 ./Core/Src/rtc.o
 .debug_abbrev  0x0000000000000688      0x229 ./Core/Src/spi.o
 .debug_abbrev  0x00000000000008b1       0xdb ./Core/Src/stm32h7xx_hal_msp.o
 .debug_abbrev  0x000000000000098c       0x73 ./Core/Src/stm32h7xx_it.o
 .debug_abbrev  0x00000000000009ff       0xbc ./Core/Src/sysmem.o
 .debug_abbrev  0x0000000000000abb      0x137 ./Core/Src/system_stm32h7xx.o
 .debug_abbrev  0x0000000000000bf2      0x238 ./Core/Src/tim.o
 .debug_abbrev  0x0000000000000e2a       0x12 ./Core/Startup/startup_stm32h743vitx.o
 .debug_abbrev  0x0000000000000e3c      0x349 ./Drivers/BSP/ST7735/lcd.o
 .debug_abbrev  0x0000000000001185       0x54 ./Drivers/BSP/ST7735/logo_160_80.o
 .debug_abbrev  0x00000000000011d9      0x20d ./Drivers/BSP/ST7735/st7735.o
 .debug_abbrev  0x00000000000013e6       0xdd ./Drivers/BSP/ST7735/st7735_reg.o
 .debug_abbrev  0x00000000000014c3      0x295 ./Drivers/STM32H7xx_HAL_Driver/Src/stm32h7xx_hal.o
 .debug_abbrev  0x0000000000001758      0x339 ./Drivers/STM32H7xx_HAL_Driver/Src/stm32h7xx_hal_cortex.o
 .debug_abbrev  0x0000000000001a91      0x1fe ./Drivers/STM32H7xx_HAL_Driver/Src/stm32h7xx_hal_gpio.o
 .debug_abbrev  0x0000000000001c8f      0x18e ./Drivers/STM32H7xx_HAL_Driver/Src/stm32h7xx_hal_pwr.o
 .debug_abbrev  0x0000000000001e1d      0x2a7 ./Drivers/STM32H7xx_HAL_Driver/Src/stm32h7xx_hal_pwr_ex.o
 .debug_abbrev  0x00000000000020c4      0x2c8 ./Drivers/STM32H7xx_HAL_Driver/Src/stm32h7xx_hal_rcc.o
 .debug_abbrev  0x000000000000238c      0x269 ./Drivers/STM32H7xx_HAL_Driver/Src/stm32h7xx_hal_rcc_ex.o
 .debug_abbrev  0x00000000000025f5      0x1fd ./Drivers/STM32H7xx_HAL_Driver/Src/stm32h7xx_hal_rtc.o
 .debug_abbrev  0x00000000000027f2      0x22a ./Drivers/STM32H7xx_HAL_Driver/Src/stm32h7xx_hal_rtc_ex.o
 .debug_abbrev  0x0000000000002a1c      0x2b1 ./Drivers/STM32H7xx_HAL_Driver/Src/stm32h7xx_hal_spi.o
 .debug_abbrev  0x0000000000002ccd      0x276 ./Drivers/STM32H7xx_HAL_Driver/Src/stm32h7xx_hal_tim.o
 .debug_abbrev  0x0000000000002f43      0x281 ./Drivers/STM32H7xx_HAL_Driver/Src/stm32h7xx_hal_tim_ex.o

.debug_aranges  0x0000000000000000     0x1340
 .debug_aranges
                0x0000000000000000       0x20 ./Core/Src/gpio.o
 .debug_aranges
                0x0000000000000020       0x50 ./Core/Src/main.o
 .debug_aranges
                0x0000000000000070       0x30 ./Core/Src/rtc.o
 .debug_aranges
                0x00000000000000a0       0x30 ./Core/Src/spi.o
 .debug_aranges
                0x00000000000000d0       0x20 ./Core/Src/stm32h7xx_hal_msp.o
 .debug_aranges
                0x00000000000000f0       0x60 ./Core/Src/stm32h7xx_it.o
 .debug_aranges
                0x0000000000000150       0x20 ./Core/Src/sysmem.o
 .debug_aranges
                0x0000000000000170       0x28 ./Core/Src/system_stm32h7xx.o
 .debug_aranges
                0x0000000000000198       0x38 ./Core/Src/tim.o
 .debug_aranges
                0x00000000000001d0       0x28 ./Core/Startup/startup_stm32h743vitx.o
 .debug_aranges
                0x00000000000001f8       0x78 ./Drivers/BSP/ST7735/lcd.o
 .debug_aranges
                0x0000000000000270       0x18 ./Drivers/BSP/ST7735/logo_160_80.o
 .debug_aranges
                0x0000000000000288       0xe8 ./Drivers/BSP/ST7735/st7735.o
 .debug_aranges
                0x0000000000000370       0x38 ./Drivers/BSP/ST7735/st7735_reg.o
 .debug_aranges
                0x00000000000003a8      0x198 ./Drivers/STM32H7xx_HAL_Driver/Src/stm32h7xx_hal.o
 .debug_aranges
                0x0000000000000540      0x120 ./Drivers/STM32H7xx_HAL_Driver/Src/stm32h7xx_hal_cortex.o
 .debug_aranges
                0x0000000000000660       0x58 ./Drivers/STM32H7xx_HAL_Driver/Src/stm32h7xx_hal_gpio.o
 .debug_aranges
                0x00000000000006b8       0xa0 ./Drivers/STM32H7xx_HAL_Driver/Src/stm32h7xx_hal_pwr.o
 .debug_aranges
                0x0000000000000758      0x158 ./Drivers/STM32H7xx_HAL_Driver/Src/stm32h7xx_hal_pwr_ex.o
 .debug_aranges
                0x00000000000008b0       0x88 ./Drivers/STM32H7xx_HAL_Driver/Src/stm32h7xx_hal_rcc.o
 .debug_aranges
                0x0000000000000938       0xf8 ./Drivers/STM32H7xx_HAL_Driver/Src/stm32h7xx_hal_rcc_ex.o
 .debug_aranges
                0x0000000000000a30       0xc0 ./Drivers/STM32H7xx_HAL_Driver/Src/stm32h7xx_hal_rtc.o
 .debug_aranges
                0x0000000000000af0      0x140 ./Drivers/STM32H7xx_HAL_Driver/Src/stm32h7xx_hal_rtc_ex.o
 .debug_aranges
                0x0000000000000c30      0x1a8 ./Drivers/STM32H7xx_HAL_Driver/Src/stm32h7xx_hal_spi.o
 .debug_aranges
                0x0000000000000dd8      0x3e0 ./Drivers/STM32H7xx_HAL_Driver/Src/stm32h7xx_hal_tim.o
 .debug_aranges
                0x00000000000011b8      0x188 ./Drivers/STM32H7xx_HAL_Driver/Src/stm32h7xx_hal_tim_ex.o

.debug_rnglists
                0x0000000000000000      0xeac
 .debug_rnglists
                0x0000000000000000       0x14 ./Core/Src/gpio.o
 .debug_rnglists
                0x0000000000000014       0x3b ./Core/Src/main.o
 .debug_rnglists
                0x000000000000004f       0x20 ./Core/Src/rtc.o
 .debug_rnglists
                0x000000000000006f       0x21 ./Core/Src/spi.o
 .debug_rnglists
                0x0000000000000090       0x13 ./Core/Src/stm32h7xx_hal_msp.o
 .debug_rnglists
                0x00000000000000a3       0x43 ./Core/Src/stm32h7xx_it.o
 .debug_rnglists
                0x00000000000000e6       0x13 ./Core/Src/sysmem.o
 .debug_rnglists
                0x00000000000000f9       0x1b ./Core/Src/system_stm32h7xx.o
 .debug_rnglists
                0x0000000000000114       0x26 ./Core/Src/tim.o
 .debug_rnglists
                0x000000000000013a       0x19 ./Core/Startup/startup_stm32h743vitx.o
 .debug_rnglists
                0x0000000000000153       0x5b ./Drivers/BSP/ST7735/lcd.o
 .debug_rnglists
                0x00000000000001ae       0xb6 ./Drivers/BSP/ST7735/st7735.o
 .debug_rnglists
                0x0000000000000264       0x25 ./Drivers/BSP/ST7735/st7735_reg.o
 .debug_rnglists
                0x0000000000000289      0x131 ./Drivers/STM32H7xx_HAL_Driver/Src/stm32h7xx_hal.o
 .debug_rnglists
                0x00000000000003ba       0xd4 ./Drivers/STM32H7xx_HAL_Driver/Src/stm32h7xx_hal_cortex.o
 .debug_rnglists
                0x000000000000048e       0x3f ./Drivers/STM32H7xx_HAL_Driver/Src/stm32h7xx_hal_gpio.o
 .debug_rnglists
                0x00000000000004cd       0x74 ./Drivers/STM32H7xx_HAL_Driver/Src/stm32h7xx_hal_pwr.o
 .debug_rnglists
                0x0000000000000541      0x102 ./Drivers/STM32H7xx_HAL_Driver/Src/stm32h7xx_hal_pwr_ex.o
 .debug_rnglists
                0x0000000000000643       0x68 ./Drivers/STM32H7xx_HAL_Driver/Src/stm32h7xx_hal_rcc.o
 .debug_rnglists
                0x00000000000006ab       0xc0 ./Drivers/STM32H7xx_HAL_Driver/Src/stm32h7xx_hal_rcc_ex.o
 .debug_rnglists
                0x000000000000076b       0x96 ./Drivers/STM32H7xx_HAL_Driver/Src/stm32h7xx_hal_rtc.o
 .debug_rnglists
                0x0000000000000801       0xfc ./Drivers/STM32H7xx_HAL_Driver/Src/stm32h7xx_hal_rtc_ex.o
 .debug_rnglists
                0x00000000000008fd      0x148 ./Drivers/STM32H7xx_HAL_Driver/Src/stm32h7xx_hal_spi.o
 .debug_rnglists
                0x0000000000000a45      0x328 ./Drivers/STM32H7xx_HAL_Driver/Src/stm32h7xx_hal_tim.o
 .debug_rnglists
                0x0000000000000d6d      0x13f ./Drivers/STM32H7xx_HAL_Driver/Src/stm32h7xx_hal_tim_ex.o

.debug_macro    0x0000000000000000     0x47f3
 .debug_macro   0x0000000000000000      0x2df ./Core/Src/gpio.o
 .debug_macro   0x00000000000002df      0x366 ./Core/Src/main.o
 .debug_macro   0x0000000000000645      0x154 ./Core/Src/main.o
 .debug_macro   0x0000000000000799       0x9e ./Core/Src/main.o
 .debug_macro   0x0000000000000837       0x1c ./Core/Src/main.o
 .debug_macro   0x0000000000000853       0x35 ./Core/Src/main.o
 .debug_macro   0x0000000000000888       0x10 ./Core/Src/main.o
 .debug_macro   0x0000000000000898       0x1c ./Core/Src/main.o
 .debug_macro   0x00000000000008b4       0x16 ./Core/Src/main.o
 .debug_macro   0x00000000000008ca      0x147 ./Core/Src/main.o
 .debug_macro   0x0000000000000a11       0x6a ./Core/Src/main.o
 .debug_macro   0x0000000000000a7b      0x2df ./Core/Src/rtc.o
 .debug_macro   0x0000000000000d5a      0x2df ./Core/Src/spi.o
 .debug_macro   0x0000000000001039      0x2d5 ./Core/Src/stm32h7xx_hal_msp.o
 .debug_macro   0x000000000000130e      0x2df ./Core/Src/stm32h7xx_it.o
 .debug_macro   0x00000000000015ed       0xff ./Core/Src/sysmem.o
 .debug_macro   0x00000000000016ec      0x23c ./Core/Src/sysmem.o
 .debug_macro   0x0000000000001928      0x2cc ./Core/Src/system_stm32h7xx.o
 .debug_macro   0x0000000000001bf4      0x2df ./Core/Src/tim.o
 .debug_macro   0x0000000000001ed3      0x3a4 ./Drivers/BSP/ST7735/lcd.o
 .debug_macro   0x0000000000002277      0x103 ./Drivers/BSP/ST7735/logo_160_80.o
 .debug_macro   0x000000000000237a       0x8a ./Drivers/BSP/ST7735/st7735.o
 .debug_macro   0x0000000000002404      0x14e ./Drivers/BSP/ST7735/st7735.o
 .debug_macro   0x0000000000002552       0x72 ./Drivers/BSP/ST7735/st7735_reg.o
 .debug_macro   0x00000000000025c4      0x2f0 ./Drivers/STM32H7xx_HAL_Driver/Src/stm32h7xx_hal.o
 .debug_macro   0x00000000000028b4      0x2c6 ./Drivers/STM32H7xx_HAL_Driver/Src/stm32h7xx_hal_cortex.o
 .debug_macro   0x0000000000002b7a      0x2cd ./Drivers/STM32H7xx_HAL_Driver/Src/stm32h7xx_hal_gpio.o
 .debug_macro   0x0000000000002e47      0x2ea ./Drivers/STM32H7xx_HAL_Driver/Src/stm32h7xx_hal_pwr.o
 .debug_macro   0x0000000000003131      0x2ff ./Drivers/STM32H7xx_HAL_Driver/Src/stm32h7xx_hal_pwr_ex.o
 .debug_macro   0x0000000000003430      0x2ea ./Drivers/STM32H7xx_HAL_Driver/Src/stm32h7xx_hal_rcc.o
 .debug_macro   0x000000000000371a      0x2e4 ./Drivers/STM32H7xx_HAL_Driver/Src/stm32h7xx_hal_rcc_ex.o
 .debug_macro   0x00000000000039fe      0x2c7 ./Drivers/STM32H7xx_HAL_Driver/Src/stm32h7xx_hal_rtc.o
 .debug_macro   0x0000000000003cc5      0x2cc ./Drivers/STM32H7xx_HAL_Driver/Src/stm32h7xx_hal_rtc_ex.o
 .debug_macro   0x0000000000003f91      0x2d5 ./Drivers/STM32H7xx_HAL_Driver/Src/stm32h7xx_hal_spi.o
 .debug_macro   0x0000000000004266      0x2c7 ./Drivers/STM32H7xx_HAL_Driver/Src/stm32h7xx_hal_tim.o
 .debug_macro   0x000000000000452d      0x2c6 ./Drivers/STM32H7xx_HAL_Driver/Src/stm32h7xx_hal_tim_ex.o

.debug_line     0x0000000000000000    0x19cd1
 .debug_line    0x0000000000000000      0x931 ./Core/Src/gpio.o
 .debug_line    0x0000000000000931      0xbf4 ./Core/Src/main.o
 .debug_line    0x0000000000001525      0x9c2 ./Core/Src/rtc.o
 .debug_line    0x0000000000001ee7      0x9ac ./Core/Src/spi.o
 .debug_line    0x0000000000002893      0x909 ./Core/Src/stm32h7xx_hal_msp.o
 .debug_line    0x000000000000319c      0x9c6 ./Core/Src/stm32h7xx_it.o
 .debug_line    0x0000000000003b62      0x579 ./Core/Src/sysmem.o
 .debug_line    0x00000000000040db      0xa95 ./Core/Src/system_stm32h7xx.o
 .debug_line    0x0000000000004b70      0x9e7 ./Core/Src/tim.o
 .debug_line    0x0000000000005557       0x7a ./Core/Startup/startup_stm32h743vitx.o
 .debug_line    0x00000000000055d1      0xddf ./Drivers/BSP/ST7735/lcd.o
 .debug_line    0x00000000000063b0      0x530 ./Drivers/BSP/ST7735/logo_160_80.o
 .debug_line    0x00000000000068e0      0xf9b ./Drivers/BSP/ST7735/st7735.o
 .debug_line    0x000000000000787b      0x47c ./Drivers/BSP/ST7735/st7735_reg.o
 .debug_line    0x0000000000007cf7      0xeb4 ./Drivers/STM32H7xx_HAL_Driver/Src/stm32h7xx_hal.o
 .debug_line    0x0000000000008bab      0xebd ./Drivers/STM32H7xx_HAL_Driver/Src/stm32h7xx_hal_cortex.o
 .debug_line    0x0000000000009a68      0xd7a ./Drivers/STM32H7xx_HAL_Driver/Src/stm32h7xx_hal_gpio.o
 .debug_line    0x000000000000a7e2      0xb22 ./Drivers/STM32H7xx_HAL_Driver/Src/stm32h7xx_hal_pwr.o
 .debug_line    0x000000000000b304      0xfd1 ./Drivers/STM32H7xx_HAL_Driver/Src/stm32h7xx_hal_pwr_ex.o
 .debug_line    0x000000000000c2d5     0x1487 ./Drivers/STM32H7xx_HAL_Driver/Src/stm32h7xx_hal_rcc.o
 .debug_line    0x000000000000d75c     0x1d7f ./Drivers/STM32H7xx_HAL_Driver/Src/stm32h7xx_hal_rcc_ex.o
 .debug_line    0x000000000000f4db     0x129a ./Drivers/STM32H7xx_HAL_Driver/Src/stm32h7xx_hal_rtc.o
 .debug_line    0x0000000000010775     0x172a ./Drivers/STM32H7xx_HAL_Driver/Src/stm32h7xx_hal_rtc_ex.o
 .debug_line    0x0000000000011e9f     0x1fbd ./Drivers/STM32H7xx_HAL_Driver/Src/stm32h7xx_hal_spi.o